66.249.66.1 - - [19/Jun/2026:09:49:04 +0530] "GET /about HTTP/1.1" 404 1820 "-" "Mozilla/5.0 (Windows NT 10.0; Win64; x64) AppleWebKit/537.36 Chrome/124.0 Safari/537.36"
66.249.66.1 - - [19/Jun/2026:09:49:14 +0530] "GET /assets/main.css HTTP/1.1" 404 22999 "-" "Mozilla/5.0 (iPhone; CPU iPhone OS 17_4 like Mac OS X) Mobile/15E148 Safari/604.1"
66.249.66.1 - - [19/Jun/2026:09:49:41 +0530] "GET /assets/main.css HTTP/1.1" 200 23051 "-" "Mozilla/5.0 (iPhone; CPU iPhone OS 17_4 like Mac OS X) Mobile/15E148 Safari/604.1"
9.9.9.9 - - [19/Jun/2026:09:49:48 +0530] "GET /api/cart HTTP/1.1" 200 3630 "-" "Mozilla/5.0 (iPhone; CPU iPhone OS 17_4 like Mac OS X) Mobile/15E148 Safari/604.1"
9.9.9.9 - - [19/Jun/2026:09:49:56 +0530] "GET /contact HTTP/1.1" 200 25238 "-" "Mozilla/5.0 (X11; Linux x86_64) Firefox/125.0"
8.8.8.8 - - [19/Jun/2026:09:50:03 +0530] "GET /api/products HTTP/1.1" 200 1649 "-" "Mozilla/5.0 (Macintosh; Intel Mac OS X 10_15_7) Safari/605.1.15"
66.249.66.1 - - [19/Jun/2026:09:50:09 +0530] "GET /login HTTP/1.1" 301 7588 "-" "Mozilla/5.0 (Macintosh; Intel Mac OS X 10_15_7) Safari/605.1.15"
103.48.198.141 - - [19/Jun/2026:09:50:45 +0530] "GET /about HTTP/1.1" 404 14694 "-" "Mozilla/5.0 (iPhone; CPU iPhone OS 17_4 like Mac OS X) Mobile/15E148 Safari/604.1"
66.249.66.1 - - [19/Jun/2026:09:50:55 +0530] "GET /favicon.ico HTTP/1.1" 200 25910 "-" "Mozilla/5.0 (Macintosh; Intel Mac OS X 10_15_7) Safari/605.1.15"
66.249.66.1 - - [19/Jun/2026:09:51:28 +0530] "GET /checkout HTTP/1.1" 200 26848 "-" "Mozilla/5.0 (iPhone; CPU iPhone OS 17_4 like Mac OS X) Mobile/15E148 Safari/604.1"
9.9.9.9 - - [19/Jun/2026:09:51:30 +0530] "GET /products HTTP/1.1" 200 1191 "-" "Mozilla/5.0 (Windows NT 10.0; Win64; x64) AppleWebKit/537.36 Chrome/124.0 Safari/537.36"
9.9.9.9 - - [19/Jun/2026:09:51:31 +0530] "POST /contact HTTP/1.1" 301 3216 "-" "Mozilla/5.0 (Macintosh; Intel Mac OS X 10_15_7) Safari/605.1.15"
103.48.198.141 - - [19/Jun/2026:09:51:34 +0530] "GET /assets/app.js HTTP/1.1" 200 10971 "-" "Mozilla/5.0 (iPhone; CPU iPhone OS 17_4 like Mac OS X) Mobile/15E148 Safari/604.1"
66.249.66.1 - - [19/Jun/2026:09:52:02 +0530] "POST /about HTTP/1.1" 301 18963 "-" "Mozilla/5.0 (Windows NT 10.0; Win64; x64) AppleWebKit/537.36 Chrome/124.0 Safari/537.36"
9.9.9.9 - - [19/Jun/2026:09:52:02 +0530] "POST /assets/app.js HTTP/1.1" 301 4509 "-" "Mozilla/5.0 (Windows NT 10.0; Win64; x64) AppleWebKit/537.36 Chrome/124.0 Safari/537.36"
8.8.8.8 - - [19/Jun/2026:09:52:12 +0530] "GET /favicon.ico HTTP/1.1" 200 18641 "-" "Mozilla/5.0 (X11; Linux x86_64) Firefox/125.0"
9.9.9.9 - - [19/Jun/2026:09:53:06 +0530] "POST /assets/app.js HTTP/1.1" 200 27779 "-" "Mozilla/5.0 (Macintosh; Intel Mac OS X 10_15_7) Safari/605.1.15"
9.9.9.9 - - [19/Jun/2026:09:53:20 +0530] "GET /assets/app.js HTTP/1.1" 404 9760 "-" "Mozilla/5.0 (X11; Linux x86_64) Firefox/125.0"
45.79.118.42 - - [19/Jun/2026:09:53:24 +0530] "GET /products HTTP/1.1" 301 892 "-" "Mozilla/5.0 (X11; Linux x86_64) Firefox/125.0"
45.79.118.42 - - [19/Jun/2026:09:53:42 +0530] "GET /assets/app.js HTTP/1.1" 200 26965 "-" "Mozilla/5.0 (Macintosh; Intel Mac OS X 10_15_7) Safari/605.1.15"
8.8.8.8 - - [19/Jun/2026:09:53:52 +0530] "GET / HTTP/1.1" 200 5958 "-" "Mozilla/5.0 (Windows NT 10.0; Win64; x64) AppleWebKit/537.36 Chrome/124.0 Safari/537.36"
66.249.66.1 - - [19/Jun/2026:09:54:16 +0530] "POST /api/products HTTP/1.1" 200 27456 "-" "Mozilla/5.0 (X11; Linux x86_64) Firefox/125.0"
66.249.66.1 - - [19/Jun/2026:09:54:36 +0530] "GET /assets/app.js HTTP/1.1" 404 15383 "-" "Mozilla/5.0 (Windows NT 10.0; Win64; x64) AppleWebKit/537.36 Chrome/124.0 Safari/537.36"
66.249.66.1 - - [19/Jun/2026:09:54:45 +0530] "GET /favicon.ico HTTP/1.1" 200 5746 "-" "Mozilla/5.0 (iPhone; CPU iPhone OS 17_4 like Mac OS X) Mobile/15E148 Safari/604.1"
66.249.66.1 - - [19/Jun/2026:09:54:48 +0530] "POST /assets/app.js HTTP/1.1" 200 9377 "-" "Mozilla/5.0 (X11; Linux x86_64) Firefox/125.0"
8.8.8.8 - - [19/Jun/2026:09:55:02 +0530] "GET /assets/app.js HTTP/1.1" 301 17424 "-" "Mozilla/5.0 (Windows NT 10.0; Win64; x64) AppleWebKit/537.36 Chrome/124.0 Safari/537.36"
9.9.9.9 - - [19/Jun/2026:09:55:04 +0530] "GET /products HTTP/1.1" 200 23503 "-" "Mozilla/5.0 (Macintosh; Intel Mac OS X 10_15_7) Safari/605.1.15"
8.8.8.8 - - [19/Jun/2026:09:55:10 +0530] "POST /favicon.ico HTTP/1.1" 301 17980 "-" "Mozilla/5.0 (iPhone; CPU iPhone OS 17_4 like Mac OS X) Mobile/15E148 Safari/604.1"
103.48.198.141 - - [19/Jun/2026:09:55:18 +0530] "POST /assets/main.css HTTP/1.1" 301 16887 "-" "Mozilla/5.0 (Macintosh; Intel Mac OS X 10_15_7) Safari/605.1.15"
45.79.118.42 - - [19/Jun/2026:09:55:30 +0530] "POST /favicon.ico HTTP/1.1" 200 24347 "-" "Mozilla/5.0 (Macintosh; Intel Mac OS X 10_15_7) Safari/605.1.15"
66.249.66.1 - - [19/Jun/2026:09:55:33 +0530] "POST /assets/app.js HTTP/1.1" 200 27843 "-" "Mozilla/5.0 (Windows NT 10.0; Win64; x64) AppleWebKit/537.36 Chrome/124.0 Safari/537.36"
9.9.9.9 - - [19/Jun/2026:09:55:36 +0530] "GET /api/cart HTTP/1.1" 200 16231 "-" "Mozilla/5.0 (iPhone; CPU iPhone OS 17_4 like Mac OS X) Mobile/15E148 Safari/604.1"
8.8.8.8 - - [19/Jun/2026:09:55:57 +0530] "GET /assets/app.js HTTP/1.1" 200 16070 "-" "Mozilla/5.0 (Windows NT 10.0; Win64; x64) AppleWebKit/537.36 Chrome/124.0 Safari/537.36"
66.249.66.1 - - [19/Jun/2026:09:56:00 +0530] "GET /assets/main.css HTTP/1.1" 200 2954 "-" "Mozilla/5.0 (X11; Linux x86_64) Firefox/125.0"
8.8.8.8 - - [19/Jun/2026:09:56:20 +0530] "GET /api/cart HTTP/1.1" 404 12581 "-" "Mozilla/5.0 (Macintosh; Intel Mac OS X 10_15_7) Safari/605.1.15"
45.79.118.42 - - [19/Jun/2026:09:56:24 +0530] "GET /checkout HTTP/1.1" 200 13246 "-" "Mozilla/5.0 (Macintosh; Intel Mac OS X 10_15_7) Safari/605.1.15"
66.249.66.1 - - [19/Jun/2026:09:56:28 +0530] "GET /assets/main.css HTTP/1.1" 200 17423 "-" "Mozilla/5.0 (iPhone; CPU iPhone OS 17_4 like Mac OS X) Mobile/15E148 Safari/604.1"
66.249.66.1 - - [19/Jun/2026:09:56:32 +0530] "GET /about HTTP/1.1" 200 13616 "-" "Mozilla/5.0 (iPhone; CPU iPhone OS 17_4 like Mac OS X) Mobile/15E148 Safari/604.1"
9.9.9.9 - - [19/Jun/2026:09:56:36 +0530] "POST /assets/app.js HTTP/1.1" 200 9850 "-" "Mozilla/5.0 (iPhone; CPU iPhone OS 17_4 like Mac OS X) Mobile/15E148 Safari/604.1"
66.249.66.1 - - [19/Jun/2026:09:57:00 +0530] "GET /favicon.ico HTTP/1.1" 404 11765 "-" "Mozilla/5.0 (Windows NT 10.0; Win64; x64) AppleWebKit/537.36 Chrome/124.0 Safari/537.36"
66.249.66.1 - - [19/Jun/2026:09:57:45 +0530] "POST / HTTP/1.1" 404 5324 "-" "Mozilla/5.0 (Macintosh; Intel Mac OS X 10_15_7) Safari/605.1.15"
103.48.198.141 - - [19/Jun/2026:09:58:12 +0530] "GET /assets/main.css HTTP/1.1" 200 12322 "-" "Mozilla/5.0 (Windows NT 10.0; Win64; x64) AppleWebKit/537.36 Chrome/124.0 Safari/537.36"
103.48.198.141 - - [19/Jun/2026:09:58:12 +0530] "GET /login HTTP/1.1" 200 13227 "-" "Mozilla/5.0 (iPhone; CPU iPhone OS 17_4 like Mac OS X) Mobile/15E148 Safari/604.1"
8.8.8.8 - - [19/Jun/2026:09:58:24 +0530] "GET /products HTTP/1.1" 200 23522 "-" "Mozilla/5.0 (Macintosh; Intel Mac OS X 10_15_7) Safari/605.1.15"
103.48.198.141 - - [19/Jun/2026:09:58:48 +0530] "GET /assets/app.js HTTP/1.1" 200 4564 "-" "Mozilla/5.0 (X11; Linux x86_64) Firefox/125.0"
103.48.198.141 - - [19/Jun/2026:09:58:48 +0530] "GET /favicon.ico HTTP/1.1" 200 18594 "-" "Mozilla/5.0 (Windows NT 10.0; Win64; x64) AppleWebKit/537.36 Chrome/124.0 Safari/537.36"
8.8.8.8 - - [19/Jun/2026:09:59:02 +0530] "GET /assets/main.css HTTP/1.1" 200 6937 "-" "Mozilla/5.0 (Windows NT 10.0; Win64; x64) AppleWebKit/537.36 Chrome/124.0 Safari/537.36"
9.9.9.9 - - [19/Jun/2026:09:59:04 +0530] "POST /contact HTTP/1.1" 404 16912 "-" "Mozilla/5.0 (iPhone; CPU iPhone OS 17_4 like Mac OS X) Mobile/15E148 Safari/604.1"
8.8.8.8 - - [19/Jun/2026:09:59:36 +0530] "POST / HTTP/1.1" 200 13685 "-" "Mozilla/5.0 (iPhone; CPU iPhone OS 17_4 like Mac OS X) Mobile/15E148 Safari/604.1"
9.9.9.9 - - [19/Jun/2026:10:00:18 +0530] "GET /api/cart HTTP/1.1" 200 5141 "-" "Mozilla/5.0 (Windows NT 10.0; Win64; x64) AppleWebKit/537.36 Chrome/124.0 Safari/537.36"
103.48.198.141 - - [19/Jun/2026:10:01:36 +0530] "GET /products HTTP/1.1" 200 11403 "-" "Mozilla/5.0 (Macintosh; Intel Mac OS X 10_15_7) Safari/605.1.15"
103.48.198.141 - - [19/Jun/2026:10:01:36 +0530] "GET /favicon.ico HTTP/1.1" 200 9533 "-" "Mozilla/5.0 (Windows NT 10.0; Win64; x64) AppleWebKit/537.36 Chrome/124.0 Safari/537.36"
103.48.198.141 - - [19/Jun/2026:10:01:46 +0530] "GET /favicon.ico HTTP/1.1" 200 16002 "-" "Mozilla/5.0 (iPhone; CPU iPhone OS 17_4 like Mac OS X) Mobile/15E148 Safari/604.1"
185.220.101.1 - - [19/Jun/2026:10:02:00 +0530] "POST /login HTTP/1.1" 401 1458 "-" "Mozilla/5.0 brute-force-bot"
185.220.101.1 - - [19/Jun/2026:10:02:05 +0530] "POST /login HTTP/1.1" 401 1129 "-" "Mozilla/5.0 brute-force-bot"
45.79.118.42 - - [19/Jun/2026:10:02:11 +0530] "GET /products HTTP/1.1" 404 21262 "-" "Mozilla/5.0 (X11; Linux x86_64) Firefox/125.0"
185.220.101.1 - - [19/Jun/2026:10:02:13 +0530] "POST /login HTTP/1.1" 401 1246 "-" "Mozilla/5.0 brute-force-bot"
9.9.9.9 - - [19/Jun/2026:10:02:15 +0530] "GET /login HTTP/1.1" 301 7347 "-" "Mozilla/5.0 (Macintosh; Intel Mac OS X 10_15_7) Safari/605.1.15"
185.220.101.1 - - [19/Jun/2026:10:02:21 +0530] "POST /login HTTP/1.1" 401 2099 "-" "Mozilla/5.0 brute-force-bot"
185.220.101.1 - - [19/Jun/2026:10:02:29 +0530] "POST /login HTTP/1.1" 401 846 "-" "Mozilla/5.0 brute-force-bot"
9.9.9.9 - - [19/Jun/2026:10:02:32 +0530] "GET /favicon.ico HTTP/1.1" 200 3258 "-" "Mozilla/5.0 (iPhone; CPU iPhone OS 17_4 like Mac OS X) Mobile/15E148 Safari/604.1"
185.220.101.1 - - [19/Jun/2026:10:02:36 +0530] "POST /login HTTP/1.1" 401 2000 "-" "Mozilla/5.0 brute-force-bot"
185.220.101.1 - - [19/Jun/2026:10:02:40 +0530] "POST /login HTTP/1.1" 401 1793 "-" "Mozilla/5.0 brute-force-bot"
66.249.66.1 - - [19/Jun/2026:10:02:42 +0530] "POST /assets/app.js HTTP/1.1" 404 27853 "-" "Mozilla/5.0 (Macintosh; Intel Mac OS X 10_15_7) Safari/605.1.15"
185.220.101.1 - - [19/Jun/2026:10:02:48 +0530] "POST /login HTTP/1.1" 401 1201 "-" "Mozilla/5.0 brute-force-bot"
185.220.101.1 - - [19/Jun/2026:10:02:52 +0530] "POST /login HTTP/1.1" 401 1646 "-" "Mozilla/5.0 brute-force-bot"
185.220.101.1 - - [19/Jun/2026:10:02:58 +0530] "POST /login HTTP/1.1" 401 1252 "-" "Mozilla/5.0 brute-force-bot"
66.249.66.1 - - [19/Jun/2026:10:03:00 +0530] "GET /products HTTP/1.1" 200 14865 "-" "Mozilla/5.0 (Windows NT 10.0; Win64; x64) AppleWebKit/537.36 Chrome/124.0 Safari/537.36"
45.79.118.42 - - [19/Jun/2026:10:03:00 +0530] "GET /assets/main.css HTTP/1.1" 200 26058 "-" "Mozilla/5.0 (Windows NT 10.0; Win64; x64) AppleWebKit/537.36 Chrome/124.0 Safari/537.36"
185.220.101.1 - - [19/Jun/2026:10:03:06 +0530] "POST /login HTTP/1.1" 401 2109 "-" "Mozilla/5.0 brute-force-bot"
66.249.66.1 - - [19/Jun/2026:10:03:07 +0530] "GET /assets/main.css HTTP/1.1" 200 21759 "-" "Mozilla/5.0 (Windows NT 10.0; Win64; x64) AppleWebKit/537.36 Chrome/124.0 Safari/537.36"
9.9.9.9 - - [19/Jun/2026:10:03:12 +0530] "GET /contact HTTP/1.1" 200 22963 "-" "Mozilla/5.0 (Macintosh; Intel Mac OS X 10_15_7) Safari/605.1.15"
185.220.101.1 - - [19/Jun/2026:10:03:13 +0530] "POST /login HTTP/1.1" 401 1149 "-" "Mozilla/5.0 brute-force-bot"
8.8.8.8 - - [19/Jun/2026:10:03:18 +0530] "POST /assets/main.css HTTP/1.1" 200 24048 "-" "Mozilla/5.0 (iPhone; CPU iPhone OS 17_4 like Mac OS X) Mobile/15E148 Safari/604.1"
103.48.198.141 - - [19/Jun/2026:10:03:21 +0530] "GET /about HTTP/1.1" 200 9490 "-" "Mozilla/5.0 (Macintosh; Intel Mac OS X 10_15_7) Safari/605.1.15"
185.220.101.1 - - [19/Jun/2026:10:03:21 +0530] "POST /login HTTP/1.1" 401 1364 "-" "Mozilla/5.0 brute-force-bot"
66.249.66.1 - - [19/Jun/2026:10:03:24 +0530] "GET /assets/app.js HTTP/1.1" 200 22946 "-" "Mozilla/5.0 (X11; Linux x86_64) Firefox/125.0"
8.8.8.8 - - [19/Jun/2026:10:03:28 +0530] "GET /api/products HTTP/1.1" 301 20493 "-" "Mozilla/5.0 (X11; Linux x86_64) Firefox/125.0"
185.220.101.1 - - [19/Jun/2026:10:03:30 +0530] "POST /login HTTP/1.1" 401 814 "-" "Mozilla/5.0 brute-force-bot"
9.9.9.9 - - [19/Jun/2026:10:03:49 +0530] "GET / HTTP/1.1" 200 1457 "-" "Mozilla/5.0 (X11; Linux x86_64) Firefox/125.0"
8.8.8.8 - - [19/Jun/2026:10:03:54 +0530] "GET /contact HTTP/1.1" 200 8772 "-" "Mozilla/5.0 (iPhone; CPU iPhone OS 17_4 like Mac OS X) Mobile/15E148 Safari/604.1"
9.9.9.9 - - [19/Jun/2026:10:03:54 +0530] "GET /login HTTP/1.1" 404 5442 "-" "Mozilla/5.0 (X11; Linux x86_64) Firefox/125.0"
8.8.8.8 - - [19/Jun/2026:10:04:03 +0530] "POST /api/products HTTP/1.1" 301 16624 "-" "Mozilla/5.0 (X11; Linux x86_64) Firefox/125.0"
103.48.198.141 - - [19/Jun/2026:10:04:17 +0530] "GET /checkout HTTP/1.1" 200 7025 "-" "Mozilla/5.0 (iPhone; CPU iPhone OS 17_4 like Mac OS X) Mobile/15E148 Safari/604.1"
103.48.198.141 - - [19/Jun/2026:10:04:32 +0530] "GET /favicon.ico HTTP/1.1" 200 4687 "-" "Mozilla/5.0 (Macintosh; Intel Mac OS X 10_15_7) Safari/605.1.15"
103.48.198.141 - - [19/Jun/2026:10:05:20 +0530] "GET /favicon.ico HTTP/1.1" 200 27282 "-" "Mozilla/5.0 (iPhone; CPU iPhone OS 17_4 like Mac OS X) Mobile/15E148 Safari/604.1"
45.79.118.42 - - [19/Jun/2026:10:05:24 +0530] "GET /checkout HTTP/1.1" 200 21964 "-" "Mozilla/5.0 (Windows NT 10.0; Win64; x64) AppleWebKit/537.36 Chrome/124.0 Safari/537.36"
103.48.198.141 - - [19/Jun/2026:10:05:52 +0530] "POST /checkout HTTP/1.1" 200 5717 "-" "Mozilla/5.0 (Macintosh; Intel Mac OS X 10_15_7) Safari/605.1.15"
45.79.118.42 - - [19/Jun/2026:10:06:08 +0530] "POST /about HTTP/1.1" 301 972 "-" "Mozilla/5.0 (Windows NT 10.0; Win64; x64) AppleWebKit/537.36 Chrome/124.0 Safari/537.36"
66.249.66.1 - - [19/Jun/2026:10:06:10 +0530] "POST /checkout HTTP/1.1" 200 21578 "-" "Mozilla/5.0 (X11; Linux x86_64) Firefox/125.0"
8.8.8.8 - - [19/Jun/2026:10:06:11 +0530] "GET / HTTP/1.1" 301 20187 "-" "Mozilla/5.0 (Macintosh; Intel Mac OS X 10_15_7) Safari/605.1.15"
45.79.118.42 - - [19/Jun/2026:10:06:44 +0530] "POST /api/products HTTP/1.1" 200 10654 "-" "Mozilla/5.0 (Macintosh; Intel Mac OS X 10_15_7) Safari/605.1.15"
66.249.66.1 - - [19/Jun/2026:10:06:56 +0530] "GET /favicon.ico HTTP/1.1" 404 1114 "-" "Mozilla/5.0 (X11; Linux x86_64) Firefox/125.0"
66.249.66.1 - - [19/Jun/2026:10:07:03 +0530] "GET /assets/app.js HTTP/1.1" 200 25703 "-" "Mozilla/5.0 (iPhone; CPU iPhone OS 17_4 like Mac OS X) Mobile/15E148 Safari/604.1"
45.79.118.42 - - [19/Jun/2026:10:07:06 +0530] "GET /api/products HTTP/1.1" 200 21991 "-" "Mozilla/5.0 (Windows NT 10.0; Win64; x64) AppleWebKit/537.36 Chrome/124.0 Safari/537.36"
103.48.198.141 - - [19/Jun/2026:10:07:21 +0530] "POST /api/cart HTTP/1.1" 200 27562 "-" "Mozilla/5.0 (Windows NT 10.0; Win64; x64) AppleWebKit/537.36 Chrome/124.0 Safari/537.36"
45.79.118.42 - - [19/Jun/2026:10:07:52 +0530] "GET /products HTTP/1.1" 200 6186 "-" "Mozilla/5.0 (iPhone; CPU iPhone OS 17_4 like Mac OS X) Mobile/15E148 Safari/604.1"
45.79.118.42 - - [19/Jun/2026:10:08:12 +0530] "GET /api/cart HTTP/1.1" 200 16078 "-" "Mozilla/5.0 (X11; Linux x86_64) Firefox/125.0"
103.48.198.141 - - [19/Jun/2026:10:08:16 +0530] "GET /login HTTP/1.1" 200 8701 "-" "Mozilla/5.0 (Windows NT 10.0; Win64; x64) AppleWebKit/537.36 Chrome/124.0 Safari/537.36"
45.79.118.42 - - [19/Jun/2026:10:08:22 +0530] "GET /checkout HTTP/1.1" 404 12117 "-" "Mozilla/5.0 (iPhone; CPU iPhone OS 17_4 like Mac OS X) Mobile/15E148 Safari/604.1"
8.8.8.8 - - [19/Jun/2026:10:08:28 +0530] "POST /assets/app.js HTTP/1.1" 200 11081 "-" "Mozilla/5.0 (Macintosh; Intel Mac OS X 10_15_7) Safari/605.1.15"
66.249.66.1 - - [19/Jun/2026:10:08:50 +0530] "GET /about HTTP/1.1" 200 6620 "-" "Mozilla/5.0 (iPhone; CPU iPhone OS 17_4 like Mac OS X) Mobile/15E148 Safari/604.1"
45.79.118.42 - - [19/Jun/2026:10:08:51 +0530] "GET /about HTTP/1.1" 301 5628 "-" "Mozilla/5.0 (iPhone; CPU iPhone OS 17_4 like Mac OS X) Mobile/15E148 Safari/604.1"
8.8.8.8 - - [19/Jun/2026:10:09:00 +0530] "POST /assets/main.css HTTP/1.1" 200 11478 "-" "Mozilla/5.0 (iPhone; CPU iPhone OS 17_4 like Mac OS X) Mobile/15E148 Safari/604.1"
8.8.8.8 - - [19/Jun/2026:10:09:18 +0530] "GET /products HTTP/1.1" 200 17666 "-" "Mozilla/5.0 (iPhone; CPU iPhone OS 17_4 like Mac OS X) Mobile/15E148 Safari/604.1"
45.79.118.42 - - [19/Jun/2026:10:09:24 +0530] "POST /about HTTP/1.1" 301 2691 "-" "Mozilla/5.0 (iPhone; CPU iPhone OS 17_4 like Mac OS X) Mobile/15E148 Safari/604.1"
45.79.118.42 - - [19/Jun/2026:10:09:28 +0530] "GET /api/cart HTTP/1.1" 200 5670 "-" "Mozilla/5.0 (Windows NT 10.0; Win64; x64) AppleWebKit/537.36 Chrome/124.0 Safari/537.36"
45.79.118.42 - - [19/Jun/2026:10:09:36 +0530] "GET /favicon.ico HTTP/1.1" 404 14674 "-" "Mozilla/5.0 (X11; Linux x86_64) Firefox/125.0"
45.79.118.42 - - [19/Jun/2026:10:09:59 +0530] "GET / HTTP/1.1" 200 27989 "-" "Mozilla/5.0 (iPhone; CPU iPhone OS 17_4 like Mac OS X) Mobile/15E148 Safari/604.1"
9.9.9.9 - - [19/Jun/2026:10:10:00 +0530] "GET /assets/app.js HTTP/1.1" 200 4322 "-" "Mozilla/5.0 (iPhone; CPU iPhone OS 17_4 like Mac OS X) Mobile/15E148 Safari/604.1"
9.9.9.9 - - [19/Jun/2026:10:10:08 +0530] "POST /checkout HTTP/1.1" 200 17059 "-" "Mozilla/5.0 (iPhone; CPU iPhone OS 17_4 like Mac OS X) Mobile/15E148 Safari/604.1"
66.249.66.1 - - [19/Jun/2026:10:11:04 +0530] "GET / HTTP/1.1" 301 16462 "-" "Mozilla/5.0 (Windows NT 10.0; Win64; x64) AppleWebKit/537.36 Chrome/124.0 Safari/537.36"
66.249.66.1 - - [19/Jun/2026:10:11:52 +0530] "GET /contact HTTP/1.1" 200 24851 "-" "Mozilla/5.0 (X11; Linux x86_64) Firefox/125.0"
45.79.118.42 - - [19/Jun/2026:10:12:15 +0530] "POST /assets/main.css HTTP/1.1" 404 1792 "-" "Mozilla/5.0 (iPhone; CPU iPhone OS 17_4 like Mac OS X) Mobile/15E148 Safari/604.1"
45.79.118.42 - - [19/Jun/2026:10:12:18 +0530] "GET /api/cart HTTP/1.1" 200 21810 "-" "Mozilla/5.0 (iPhone; CPU iPhone OS 17_4 like Mac OS X) Mobile/15E148 Safari/604.1"
66.249.66.1 - - [19/Jun/2026:10:12:30 +0530] "GET /favicon.ico HTTP/1.1" 200 16625 "-" "Mozilla/5.0 (Macintosh; Intel Mac OS X 10_15_7) Safari/605.1.15"
103.48.198.141 - - [19/Jun/2026:10:12:32 +0530] "GET /api/cart HTTP/1.1" 200 24406 "-" "Mozilla/5.0 (Windows NT 10.0; Win64; x64) AppleWebKit/537.36 Chrome/124.0 Safari/537.36"
9.9.9.9 - - [19/Jun/2026:10:12:34 +0530] "GET /favicon.ico HTTP/1.1" 301 19727 "-" "Mozilla/5.0 (Macintosh; Intel Mac OS X 10_15_7) Safari/605.1.15"
8.8.8.8 - - [19/Jun/2026:10:12:36 +0530] "GET /assets/app.js HTTP/1.1" 200 10140 "-" "Mozilla/5.0 (Windows NT 10.0; Win64; x64) AppleWebKit/537.36 Chrome/124.0 Safari/537.36"
66.249.66.1 - - [19/Jun/2026:10:12:49 +0530] "GET /products HTTP/1.1" 200 12344 "-" "Mozilla/5.0 (X11; Linux x86_64) Firefox/125.0"
9.9.9.9 - - [19/Jun/2026:10:12:54 +0530] "GET / HTTP/1.1" 200 3625 "-" "Mozilla/5.0 (iPhone; CPU iPhone OS 17_4 like Mac OS X) Mobile/15E148 Safari/604.1"
45.79.118.42 - - [19/Jun/2026:10:13:09 +0530] "POST /login HTTP/1.1" 301 10478 "-" "Mozilla/5.0 (Macintosh; Intel Mac OS X 10_15_7) Safari/605.1.15"
9.9.9.9 - - [19/Jun/2026:10:13:20 +0530] "GET /assets/main.css HTTP/1.1" 200 23540 "-" "Mozilla/5.0 (iPhone; CPU iPhone OS 17_4 like Mac OS X) Mobile/15E148 Safari/604.1"
8.8.8.8 - - [19/Jun/2026:10:13:24 +0530] "GET /assets/app.js HTTP/1.1" 404 27977 "-" "Mozilla/5.0 (Macintosh; Intel Mac OS X 10_15_7) Safari/605.1.15"
66.249.66.1 - - [19/Jun/2026:10:13:39 +0530] "GET /about HTTP/1.1" 200 17537 "-" "Mozilla/5.0 (X11; Linux x86_64) Firefox/125.0"
45.79.118.42 - - [19/Jun/2026:10:14:00 +0530] "GET /api/cart HTTP/1.1" 200 7740 "-" "Mozilla/5.0 (Macintosh; Intel Mac OS X 10_15_7) Safari/605.1.15"
103.48.198.141 - - [19/Jun/2026:10:14:00 +0530] "GET /api/products HTTP/1.1" 200 21712 "-" "Mozilla/5.0 (X11; Linux x86_64) Firefox/125.0"
9.9.9.9 - - [19/Jun/2026:10:14:12 +0530] "GET /api/products HTTP/1.1" 200 19087 "-" "Mozilla/5.0 (X11; Linux x86_64) Firefox/125.0"
45.79.118.42 - - [19/Jun/2026:10:15:12 +0530] "GET / HTTP/1.1" 200 3367 "-" "Mozilla/5.0 (iPhone; CPU iPhone OS 17_4 like Mac OS X) Mobile/15E148 Safari/604.1"
45.79.118.42 - - [19/Jun/2026:10:15:20 +0530] "GET /checkout HTTP/1.1" 404 27255 "-" "Mozilla/5.0 (Windows NT 10.0; Win64; x64) AppleWebKit/537.36 Chrome/124.0 Safari/537.36"
66.249.66.1 - - [19/Jun/2026:10:15:24 +0530] "GET /api/cart HTTP/1.1" 200 24509 "-" "Mozilla/5.0 (iPhone; CPU iPhone OS 17_4 like Mac OS X) Mobile/15E148 Safari/604.1"
45.79.118.42 - - [19/Jun/2026:10:15:36 +0530] "GET /products HTTP/1.1" 200 24403 "-" "Mozilla/5.0 (iPhone; CPU iPhone OS 17_4 like Mac OS X) Mobile/15E148 Safari/604.1"
103.48.198.141 - - [19/Jun/2026:10:15:50 +0530] "GET /about HTTP/1.1" 200 10207 "-" "Mozilla/5.0 (iPhone; CPU iPhone OS 17_4 like Mac OS X) Mobile/15E148 Safari/604.1"
45.79.118.42 - - [19/Jun/2026:10:16:00 +0530] "GET /assets/app.js HTTP/1.1" 200 3384 "-" "Mozilla/5.0 (X11; Linux x86_64) Firefox/125.0"
9.9.9.9 - - [19/Jun/2026:10:16:29 +0530] "GET /api/products HTTP/1.1" 200 25578 "-" "Mozilla/5.0 (Windows NT 10.0; Win64; x64) AppleWebKit/537.36 Chrome/124.0 Safari/537.36"
45.79.118.42 - - [19/Jun/2026:10:17:06 +0530] "GET /contact HTTP/1.1" 200 19017 "-" "Mozilla/5.0 (Macintosh; Intel Mac OS X 10_15_7) Safari/605.1.15"
45.79.118.42 - - [19/Jun/2026:10:17:24 +0530] "POST /about HTTP/1.1" 404 6772 "-" "Mozilla/5.0 (Macintosh; Intel Mac OS X 10_15_7) Safari/605.1.15"
103.48.198.141 - - [19/Jun/2026:10:17:30 +0530] "POST /assets/main.css HTTP/1.1" 200 26908 "-" "Mozilla/5.0 (Windows NT 10.0; Win64; x64) AppleWebKit/537.36 Chrome/124.0 Safari/537.36"
45.79.118.42 - - [19/Jun/2026:10:17:40 +0530] "GET /contact HTTP/1.1" 404 10810 "-" "Mozilla/5.0 (Macintosh; Intel Mac OS X 10_15_7) Safari/605.1.15"
8.8.8.8 - - [19/Jun/2026:10:18:36 +0530] "GET /login HTTP/1.1" 200 15118 "-" "Mozilla/5.0 (iPhone; CPU iPhone OS 17_4 like Mac OS X) Mobile/15E148 Safari/604.1"
103.48.198.141 - - [19/Jun/2026:10:19:12 +0530] "GET /about HTTP/1.1" 301 14875 "-" "Mozilla/5.0 (iPhone; CPU iPhone OS 17_4 like Mac OS X) Mobile/15E148 Safari/604.1"
66.249.66.1 - - [19/Jun/2026:10:20:10 +0530] "GET /about HTTP/1.1" 200 1346 "-" "Mozilla/5.0 (Windows NT 10.0; Win64; x64) AppleWebKit/537.36 Chrome/124.0 Safari/537.36"
66.249.66.1 - - [19/Jun/2026:10:20:30 +0530] "GET /products HTTP/1.1" 200 17850 "-" "Mozilla/5.0 (iPhone; CPU iPhone OS 17_4 like Mac OS X) Mobile/15E148 Safari/604.1"
45.79.118.42 - - [19/Jun/2026:10:20:40 +0530] "POST /favicon.ico HTTP/1.1" 301 23522 "-" "Mozilla/5.0 (Macintosh; Intel Mac OS X 10_15_7) Safari/605.1.15"
45.79.118.42 - - [19/Jun/2026:10:21:15 +0530] "GET /login HTTP/1.1" 200 11623 "-" "Mozilla/5.0 (iPhone; CPU iPhone OS 17_4 like Mac OS X) Mobile/15E148 Safari/604.1"
103.48.198.141 - - [19/Jun/2026:10:22:12 +0530] "GET /checkout HTTP/1.1" 200 13103 "-" "Mozilla/5.0 (Macintosh; Intel Mac OS X 10_15_7) Safari/605.1.15"
66.249.66.1 - - [19/Jun/2026:10:22:24 +0530] "GET /about HTTP/1.1" 200 12870 "-" "Mozilla/5.0 (X11; Linux x86_64) Firefox/125.0"
8.8.8.8 - - [19/Jun/2026:10:22:24 +0530] "POST /favicon.ico HTTP/1.1" 301 5260 "-" "Mozilla/5.0 (X11; Linux x86_64) Firefox/125.0"
9.9.9.9 - - [19/Jun/2026:10:22:27 +0530] "GET /about HTTP/1.1" 200 23364 "-" "Mozilla/5.0 (Windows NT 10.0; Win64; x64) AppleWebKit/537.36 Chrome/124.0 Safari/537.36"
66.249.66.1 - - [19/Jun/2026:10:22:59 +0530] "POST / HTTP/1.1" 200 18147 "-" "Mozilla/5.0 (X11; Linux x86_64) Firefox/125.0"
103.48.198.141 - - [19/Jun/2026:10:23:12 +0530] "POST /products HTTP/1.1" 301 21411 "-" "Mozilla/5.0 (iPhone; CPU iPhone OS 17_4 like Mac OS X) Mobile/15E148 Safari/604.1"
8.8.8.8 - - [19/Jun/2026:10:23:12 +0530] "GET /assets/app.js HTTP/1.1" 404 22886 "-" "Mozilla/5.0 (iPhone; CPU iPhone OS 17_4 like Mac OS X) Mobile/15E148 Safari/604.1"
103.48.198.141 - - [19/Jun/2026:10:23:18 +0530] "POST /assets/main.css HTTP/1.1" 404 23845 "-" "Mozilla/5.0 (Windows NT 10.0; Win64; x64) AppleWebKit/537.36 Chrome/124.0 Safari/537.36"
66.249.66.1 - - [19/Jun/2026:10:23:58 +0530] "GET /checkout HTTP/1.1" 200 16792 "-" "Mozilla/5.0 (X11; Linux x86_64) Firefox/125.0"
66.249.66.1 - - [19/Jun/2026:10:24:00 +0530] "GET /api/products HTTP/1.1" 200 5494 "-" "Mozilla/5.0 (Macintosh; Intel Mac OS X 10_15_7) Safari/605.1.15"
9.9.9.9 - - [19/Jun/2026:10:24:17 +0530] "GET /favicon.ico HTTP/1.1" 200 23830 "-" "Mozilla/5.0 (Macintosh; Intel Mac OS X 10_15_7) Safari/605.1.15"
103.48.198.141 - - [19/Jun/2026:10:24:43 +0530] "GET /api/products HTTP/1.1" 404 19372 "-" "Mozilla/5.0 (iPhone; CPU iPhone OS 17_4 like Mac OS X) Mobile/15E148 Safari/604.1"
103.48.198.141 - - [19/Jun/2026:10:25:12 +0530] "GET /api/cart HTTP/1.1" 200 6107 "-" "Mozilla/5.0 (X11; Linux x86_64) Firefox/125.0"
103.48.198.141 - - [19/Jun/2026:10:25:36 +0530] "POST /about HTTP/1.1" 200 3001 "-" "Mozilla/5.0 (X11; Linux x86_64) Firefox/125.0"
103.48.198.141 - - [19/Jun/2026:10:25:37 +0530] "GET / HTTP/1.1" 200 16424 "-" "Mozilla/5.0 (Windows NT 10.0; Win64; x64) AppleWebKit/537.36 Chrome/124.0 Safari/537.36"
8.8.8.8 - - [19/Jun/2026:10:25:48 +0530] "GET /login HTTP/1.1" 200 8406 "-" "Mozilla/5.0 (Windows NT 10.0; Win64; x64) AppleWebKit/537.36 Chrome/124.0 Safari/537.36"
9.9.9.9 - - [19/Jun/2026:10:26:08 +0530] "GET /api/products HTTP/1.1" 301 9684 "-" "Mozilla/5.0 (X11; Linux x86_64) Firefox/125.0"
45.79.118.42 - - [19/Jun/2026:10:26:12 +0530] "POST /favicon.ico HTTP/1.1" 200 6907 "-" "Mozilla/5.0 (iPhone; CPU iPhone OS 17_4 like Mac OS X) Mobile/15E148 Safari/604.1"
66.249.66.1 - - [19/Jun/2026:10:26:24 +0530] "GET / HTTP/1.1" 200 2289 "-" "Mozilla/5.0 (X11; Linux x86_64) Firefox/125.0"
45.79.118.42 - - [19/Jun/2026:10:26:25 +0530] "GET /assets/main.css HTTP/1.1" 301 13952 "-" "Mozilla/5.0 (Windows NT 10.0; Win64; x64) AppleWebKit/537.36 Chrome/124.0 Safari/537.36"
8.8.8.8 - - [19/Jun/2026:10:27:00 +0530] "GET /contact HTTP/1.1" 200 27553 "-" "Mozilla/5.0 (Windows NT 10.0; Win64; x64) AppleWebKit/537.36 Chrome/124.0 Safari/537.36"
66.249.66.1 - - [19/Jun/2026:10:29:00 +0530] "GET /products HTTP/1.1" 200 24292 "-" "Mozilla/5.0 (Macintosh; Intel Mac OS X 10_15_7) Safari/605.1.15"
103.48.198.141 - - [19/Jun/2026:10:30:00 +0530] "GET /api/products HTTP/1.1" 404 20065 "-" "Mozilla/5.0 (X11; Linux x86_64) Firefox/125.0"
9.9.9.9 - - [19/Jun/2026:10:30:30 +0530] "POST / HTTP/1.1" 200 21880 "-" "Mozilla/5.0 (iPhone; CPU iPhone OS 17_4 like Mac OS X) Mobile/15E148 Safari/604.1"
103.48.198.141 - - [19/Jun/2026:10:30:40 +0530] "GET /checkout HTTP/1.1" 301 8036 "-" "Mozilla/5.0 (Macintosh; Intel Mac OS X 10_15_7) Safari/605.1.15"
66.249.66.1 - - [19/Jun/2026:10:31:00 +0530] "POST /assets/app.js HTTP/1.1" 200 26710 "-" "Mozilla/5.0 (X11; Linux x86_64) Firefox/125.0"
8.8.8.8 - - [19/Jun/2026:10:32:12 +0530] "GET /api/cart HTTP/1.1" 200 18734 "-" "Mozilla/5.0 (Macintosh; Intel Mac OS X 10_15_7) Safari/605.1.15"
9.9.9.9 - - [19/Jun/2026:10:32:24 +0530] "GET /products HTTP/1.1" 404 9969 "-" "Mozilla/5.0 (Windows NT 10.0; Win64; x64) AppleWebKit/537.36 Chrome/124.0 Safari/537.36"
103.48.198.141 - - [19/Jun/2026:10:32:56 +0530] "GET /assets/app.js HTTP/1.1" 404 24495 "-" "Mozilla/5.0 (Windows NT 10.0; Win64; x64) AppleWebKit/537.36 Chrome/124.0 Safari/537.36"
45.79.118.42 - - [19/Jun/2026:10:32:57 +0530] "GET /api/cart HTTP/1.1" 200 11122 "-" "Mozilla/5.0 (iPhone; CPU iPhone OS 17_4 like Mac OS X) Mobile/15E148 Safari/604.1"
9.9.9.9 - - [19/Jun/2026:10:33:00 +0530] "GET /products HTTP/1.1" 200 2262 "-" "Mozilla/5.0 (X11; Linux x86_64) Firefox/125.0"
45.79.118.42 - - [19/Jun/2026:10:33:04 +0530] "GET / HTTP/1.1" 200 12089 "-" "Mozilla/5.0 (Windows NT 10.0; Win64; x64) AppleWebKit/537.36 Chrome/124.0 Safari/537.36"
8.8.8.8 - - [19/Jun/2026:10:34:36 +0530] "GET /favicon.ico HTTP/1.1" 404 5760 "-" "Mozilla/5.0 (iPhone; CPU iPhone OS 17_4 like Mac OS X) Mobile/15E148 Safari/604.1"
9.9.9.9 - - [19/Jun/2026:10:35:07 +0530] "POST /assets/main.css HTTP/1.1" 200 19635 "-" "Mozilla/5.0 (iPhone; CPU iPhone OS 17_4 like Mac OS X) Mobile/15E148 Safari/604.1"
45.79.118.42 - - [19/Jun/2026:10:35:33 +0530] "POST /api/cart HTTP/1.1" 200 6930 "-" "Mozilla/5.0 (X11; Linux x86_64) Firefox/125.0"
66.249.66.1 - - [19/Jun/2026:10:35:40 +0530] "GET /about HTTP/1.1" 200 5239 "-" "Mozilla/5.0 (X11; Linux x86_64) Firefox/125.0"
9.9.9.9 - - [19/Jun/2026:10:35:48 +0530] "GET /api/products HTTP/1.1" 200 21708 "-" "Mozilla/5.0 (Windows NT 10.0; Win64; x64) AppleWebKit/537.36 Chrome/124.0 Safari/537.36"
45.79.118.42 - - [19/Jun/2026:10:36:04 +0530] "GET /favicon.ico HTTP/1.1" 301 26845 "-" "Mozilla/5.0 (Windows NT 10.0; Win64; x64) AppleWebKit/537.36 Chrome/124.0 Safari/537.36"
8.8.8.8 - - [19/Jun/2026:10:36:15 +0530] "POST /assets/app.js HTTP/1.1" 200 12073 "-" "Mozilla/5.0 (X11; Linux x86_64) Firefox/125.0"
8.8.8.8 - - [19/Jun/2026:10:36:26 +0530] "GET / HTTP/1.1" 200 20366 "-" "Mozilla/5.0 (Macintosh; Intel Mac OS X 10_15_7) Safari/605.1.15"
45.79.118.42 - - [19/Jun/2026:10:37:04 +0530] "POST /login HTTP/1.1" 404 27999 "-" "Mozilla/5.0 (Macintosh; Intel Mac OS X 10_15_7) Safari/605.1.15"
45.79.118.42 - - [19/Jun/2026:10:37:11 +0530] "GET /assets/app.js HTTP/1.1" 200 18107 "-" "Mozilla/5.0 (X11; Linux x86_64) Firefox/125.0"
66.249.66.1 - - [19/Jun/2026:10:38:45 +0530] "GET /contact HTTP/1.1" 404 5385 "-" "Mozilla/5.0 (Windows NT 10.0; Win64; x64) AppleWebKit/537.36 Chrome/124.0 Safari/537.36"
103.48.198.141 - - [19/Jun/2026:10:38:56 +0530] "POST /api/products HTTP/1.1" 404 20605 "-" "Mozilla/5.0 (Macintosh; Intel Mac OS X 10_15_7) Safari/605.1.15"
8.8.8.8 - - [19/Jun/2026:10:40:06 +0530] "POST /login HTTP/1.1" 200 26645 "-" "Mozilla/5.0 (Macintosh; Intel Mac OS X 10_15_7) Safari/605.1.15"
103.48.198.141 - - [19/Jun/2026:10:41:16 +0530] "GET /checkout HTTP/1.1" 200 7257 "-" "Mozilla/5.0 (iPhone; CPU iPhone OS 17_4 like Mac OS X) Mobile/15E148 Safari/604.1"
45.79.118.42 - - [19/Jun/2026:10:41:36 +0530] "GET /api/products HTTP/1.1" 301 15742 "-" "Mozilla/5.0 (X11; Linux x86_64) Firefox/125.0"
103.48.198.141 - - [19/Jun/2026:10:41:43 +0530] "GET /assets/app.js HTTP/1.1" 200 8473 "-" "Mozilla/5.0 (X11; Linux x86_64) Firefox/125.0"
9.9.9.9 - - [19/Jun/2026:10:41:44 +0530] "GET /checkout HTTP/1.1" 200 15803 "-" "Mozilla/5.0 (Macintosh; Intel Mac OS X 10_15_7) Safari/605.1.15"
8.8.8.8 - - [19/Jun/2026:10:42:00 +0530] "POST /login HTTP/1.1" 301 12540 "-" "Mozilla/5.0 (Macintosh; Intel Mac OS X 10_15_7) Safari/605.1.15"
8.8.8.8 - - [19/Jun/2026:10:42:12 +0530] "POST /api/cart HTTP/1.1" 200 3762 "-" "Mozilla/5.0 (Macintosh; Intel Mac OS X 10_15_7) Safari/605.1.15"
66.249.66.1 - - [19/Jun/2026:10:42:51 +0530] "GET /contact HTTP/1.1" 200 5689 "-" "Mozilla/5.0 (X11; Linux x86_64) Firefox/125.0"
9.9.9.9 - - [19/Jun/2026:10:43:25 +0530] "GET /assets/app.js HTTP/1.1" 200 14448 "-" "Mozilla/5.0 (Macintosh; Intel Mac OS X 10_15_7) Safari/605.1.15"
103.48.198.141 - - [19/Jun/2026:10:43:48 +0530] "GET /assets/main.css HTTP/1.1" 200 27724 "-" "Mozilla/5.0 (iPhone; CPU iPhone OS 17_4 like Mac OS X) Mobile/15E148 Safari/604.1"
66.249.66.1 - - [19/Jun/2026:10:44:00 +0530] "GET /about HTTP/1.1" 404 7669 "-" "Mozilla/5.0 (iPhone; CPU iPhone OS 17_4 like Mac OS X) Mobile/15E148 Safari/604.1"
103.48.198.141 - - [19/Jun/2026:10:44:00 +0530] "GET /checkout HTTP/1.1" 200 13475 "-" "Mozilla/5.0 (iPhone; CPU iPhone OS 17_4 like Mac OS X) Mobile/15E148 Safari/604.1"
103.48.198.141 - - [19/Jun/2026:10:44:00 +0530] "POST /favicon.ico HTTP/1.1" 200 6462 "-" "Mozilla/5.0 (X11; Linux x86_64) Firefox/125.0"
8.8.8.8 - - [19/Jun/2026:10:44:30 +0530] "GET /api/cart HTTP/1.1" 404 5850 "-" "Mozilla/5.0 (iPhone; CPU iPhone OS 17_4 like Mac OS X) Mobile/15E148 Safari/604.1"
8.8.8.8 - - [19/Jun/2026:10:44:39 +0530] "POST /contact HTTP/1.1" 404 13981 "-" "Mozilla/5.0 (Windows NT 10.0; Win64; x64) AppleWebKit/537.36 Chrome/124.0 Safari/537.36"
45.79.118.42 - - [19/Jun/2026:10:45:05 +0530] "GET /assets/app.js HTTP/1.1" 200 13603 "-" "Mozilla/5.0 (Windows NT 10.0; Win64; x64) AppleWebKit/537.36 Chrome/124.0 Safari/537.36"
66.249.66.1 - - [19/Jun/2026:10:45:42 +0530] "GET /checkout HTTP/1.1" 404 10389 "-" "Mozilla/5.0 (X11; Linux x86_64) Firefox/125.0"
8.8.8.8 - - [19/Jun/2026:10:45:56 +0530] "GET /products HTTP/1.1" 200 2742 "-" "Mozilla/5.0 (X11; Linux x86_64) Firefox/125.0"
66.249.66.1 - - [19/Jun/2026:10:45:57 +0530] "GET /products HTTP/1.1" 200 4959 "-" "Mozilla/5.0 (X11; Linux x86_64) Firefox/125.0"
9.9.9.9 - - [19/Jun/2026:10:45:58 +0530] "GET /api/products HTTP/1.1" 200 11053 "-" "Mozilla/5.0 (iPhone; CPU iPhone OS 17_4 like Mac OS X) Mobile/15E148 Safari/604.1"
103.48.198.141 - - [19/Jun/2026:10:46:40 +0530] "GET /api/cart HTTP/1.1" 200 13251 "-" "Mozilla/5.0 (Macintosh; Intel Mac OS X 10_15_7) Safari/605.1.15"
9.9.9.9 - - [19/Jun/2026:10:46:56 +0530] "GET /checkout HTTP/1.1" 200 3798 "-" "Mozilla/5.0 (Windows NT 10.0; Win64; x64) AppleWebKit/537.36 Chrome/124.0 Safari/537.36"
103.48.198.141 - - [19/Jun/2026:10:47:06 +0530] "GET /about HTTP/1.1" 404 22562 "-" "Mozilla/5.0 (X11; Linux x86_64) Firefox/125.0"
103.48.198.141 - - [19/Jun/2026:10:47:40 +0530] "POST /products HTTP/1.1" 404 8383 "-" "Mozilla/5.0 (Windows NT 10.0; Win64; x64) AppleWebKit/537.36 Chrome/124.0 Safari/537.36"
103.48.198.141 - - [19/Jun/2026:10:47:41 +0530] "GET /api/products HTTP/1.1" 301 2304 "-" "Mozilla/5.0 (iPhone; CPU iPhone OS 17_4 like Mac OS X) Mobile/15E148 Safari/604.1"
9.9.9.9 - - [19/Jun/2026:10:47:48 +0530] "GET /favicon.ico HTTP/1.1" 200 2305 "-" "Mozilla/5.0 (Windows NT 10.0; Win64; x64) AppleWebKit/537.36 Chrome/124.0 Safari/537.36"
66.249.66.1 - - [19/Jun/2026:10:48:16 +0530] "GET /assets/main.css HTTP/1.1" 301 6356 "-" "Mozilla/5.0 (iPhone; CPU iPhone OS 17_4 like Mac OS X) Mobile/15E148 Safari/604.1"
45.79.118.42 - - [19/Jun/2026:10:48:24 +0530] "GET /login HTTP/1.1" 200 12164 "-" "Mozilla/5.0 (X11; Linux x86_64) Firefox/125.0"
45.79.118.42 - - [19/Jun/2026:10:49:05 +0530] "GET /login HTTP/1.1" 301 5679 "-" "Mozilla/5.0 (Macintosh; Intel Mac OS X 10_15_7) Safari/605.1.15"
9.9.9.9 - - [19/Jun/2026:10:50:36 +0530] "GET /login HTTP/1.1" 200 5387 "-" "Mozilla/5.0 (Windows NT 10.0; Win64; x64) AppleWebKit/537.36 Chrome/124.0 Safari/537.36"
103.48.198.141 - - [19/Jun/2026:10:50:42 +0530] "GET /assets/main.css HTTP/1.1" 404 22802 "-" "Mozilla/5.0 (Macintosh; Intel Mac OS X 10_15_7) Safari/605.1.15"
9.9.9.9 - - [19/Jun/2026:10:50:50 +0530] "GET /contact HTTP/1.1" 200 26722 "-" "Mozilla/5.0 (Macintosh; Intel Mac OS X 10_15_7) Safari/605.1.15"
9.9.9.9 - - [19/Jun/2026:10:51:48 +0530] "GET /api/products HTTP/1.1" 200 19289 "-" "Mozilla/5.0 (Windows NT 10.0; Win64; x64) AppleWebKit/537.36 Chrome/124.0 Safari/537.36"
66.249.66.1 - - [19/Jun/2026:10:52:16 +0530] "GET /login HTTP/1.1" 200 22348 "-" "Mozilla/5.0 (X11; Linux x86_64) Firefox/125.0"
9.9.9.9 - - [19/Jun/2026:10:52:46 +0530] "POST /api/products HTTP/1.1" 200 18921 "-" "Mozilla/5.0 (iPhone; CPU iPhone OS 17_4 like Mac OS X) Mobile/15E148 Safari/604.1"
9.9.9.9 - - [19/Jun/2026:10:53:19 +0530] "GET /login HTTP/1.1" 200 13350 "-" "Mozilla/5.0 (Macintosh; Intel Mac OS X 10_15_7) Safari/605.1.15"
9.9.9.9 - - [19/Jun/2026:10:54:15 +0530] "POST /about HTTP/1.1" 200 21562 "-" "Mozilla/5.0 (Windows NT 10.0; Win64; x64) AppleWebKit/537.36 Chrome/124.0 Safari/537.36"
45.79.118.42 - - [19/Jun/2026:10:54:40 +0530] "GET /assets/app.js HTTP/1.1" 200 11645 "-" "Mozilla/5.0 (iPhone; CPU iPhone OS 17_4 like Mac OS X) Mobile/15E148 Safari/604.1"
103.48.198.141 - - [19/Jun/2026:10:55:02 +0530] "GET /assets/app.js HTTP/1.1" 200 2243 "-" "Mozilla/5.0 (Windows NT 10.0; Win64; x64) AppleWebKit/537.36 Chrome/124.0 Safari/537.36"
8.8.8.8 - - [19/Jun/2026:10:55:16 +0530] "GET /about HTTP/1.1" 200 3757 "-" "Mozilla/5.0 (Windows NT 10.0; Win64; x64) AppleWebKit/537.36 Chrome/124.0 Safari/537.36"
9.9.9.9 - - [19/Jun/2026:10:55:45 +0530] "GET /login HTTP/1.1" 200 15260 "-" "Mozilla/5.0 (iPhone; CPU iPhone OS 17_4 like Mac OS X) Mobile/15E148 Safari/604.1"
103.48.198.141 - - [19/Jun/2026:10:55:53 +0530] "GET /api/cart HTTP/1.1" 200 24422 "-" "Mozilla/5.0 (iPhone; CPU iPhone OS 17_4 like Mac OS X) Mobile/15E148 Safari/604.1"
45.79.118.42 - - [19/Jun/2026:10:58:00 +0530] "GET /assets/app.js HTTP/1.1" 301 1077 "-" "Mozilla/5.0 (Macintosh; Intel Mac OS X 10_15_7) Safari/605.1.15"
103.48.198.141 - - [19/Jun/2026:10:58:04 +0530] "GET /favicon.ico HTTP/1.1" 200 3252 "-" "Mozilla/5.0 (Windows NT 10.0; Win64; x64) AppleWebKit/537.36 Chrome/124.0 Safari/537.36"
8.8.8.8 - - [19/Jun/2026:10:58:09 +0530] "GET /contact HTTP/1.1" 404 17161 "-" "Mozilla/5.0 (Macintosh; Intel Mac OS X 10_15_7) Safari/605.1.15"
9.9.9.9 - - [19/Jun/2026:10:58:24 +0530] "POST /products HTTP/1.1" 200 19326 "-" "Mozilla/5.0 (Windows NT 10.0; Win64; x64) AppleWebKit/537.36 Chrome/124.0 Safari/537.36"
9.9.9.9 - - [19/Jun/2026:10:58:43 +0530] "GET /about HTTP/1.1" 301 16503 "-" "Mozilla/5.0 (iPhone; CPU iPhone OS 17_4 like Mac OS X) Mobile/15E148 Safari/604.1"
8.8.8.8 - - [19/Jun/2026:10:59:51 +0530] "POST /login HTTP/1.1" 200 4031 "-" "Mozilla/5.0 (X11; Linux x86_64) Firefox/125.0"
66.249.66.1 - - [19/Jun/2026:11:00:25 +0530] "GET /checkout HTTP/1.1" 200 16619 "-" "Mozilla/5.0 (Windows NT 10.0; Win64; x64) AppleWebKit/537.36 Chrome/124.0 Safari/537.36"
66.249.66.1 - - [19/Jun/2026:11:00:38 +0530] "GET /login HTTP/1.1" 200 2912 "-" "Mozilla/5.0 (Macintosh; Intel Mac OS X 10_15_7) Safari/605.1.15"
66.249.66.1 - - [19/Jun/2026:11:01:00 +0530] "GET /api/cart HTTP/1.1" 200 10955 "-" "Mozilla/5.0 (Windows NT 10.0; Win64; x64) AppleWebKit/537.36 Chrome/124.0 Safari/537.36"
9.9.9.9 - - [19/Jun/2026:11:01:30 +0530] "GET /api/cart HTTP/1.1" 200 13507 "-" "Mozilla/5.0 (Windows NT 10.0; Win64; x64) AppleWebKit/537.36 Chrome/124.0 Safari/537.36"
9.9.9.9 - - [19/Jun/2026:11:01:46 +0530] "GET /about HTTP/1.1" 200 3387 "-" "Mozilla/5.0 (iPhone; CPU iPhone OS 17_4 like Mac OS X) Mobile/15E148 Safari/604.1"
66.249.66.1 - - [19/Jun/2026:11:01:48 +0530] "GET /favicon.ico HTTP/1.1" 200 17147 "-" "Mozilla/5.0 (iPhone; CPU iPhone OS 17_4 like Mac OS X) Mobile/15E148 Safari/604.1"
8.8.8.8 - - [19/Jun/2026:11:03:40 +0530] "GET /assets/main.css HTTP/1.1" 200 23850 "-" "Mozilla/5.0 (X11; Linux x86_64) Firefox/125.0"
66.249.66.1 - - [19/Jun/2026:11:03:54 +0530] "GET /assets/main.css HTTP/1.1" 200 27355 "-" "Mozilla/5.0 (iPhone; CPU iPhone OS 17_4 like Mac OS X) Mobile/15E148 Safari/604.1"
103.48.198.141 - - [19/Jun/2026:11:05:18 +0530] "GET /api/cart HTTP/1.1" 200 5271 "-" "Mozilla/5.0 (Macintosh; Intel Mac OS X 10_15_7) Safari/605.1.15"
45.79.118.42 - - [19/Jun/2026:11:06:05 +0530] "GET / HTTP/1.1" 200 8167 "-" "Mozilla/5.0 (X11; Linux x86_64) Firefox/125.0"
9.9.9.9 - - [19/Jun/2026:11:07:28 +0530] "GET /favicon.ico HTTP/1.1" 200 26483 "-" "Mozilla/5.0 (Macintosh; Intel Mac OS X 10_15_7) Safari/605.1.15"
9.9.9.9 - - [19/Jun/2026:11:09:30 +0530] "GET /login HTTP/1.1" 200 4814 "-" "Mozilla/5.0 (Windows NT 10.0; Win64; x64) AppleWebKit/537.36 Chrome/124.0 Safari/537.36"
103.48.198.141 - - [19/Jun/2026:11:10:40 +0530] "GET /checkout HTTP/1.1" 200 9712 "-" "Mozilla/5.0 (Windows NT 10.0; Win64; x64) AppleWebKit/537.36 Chrome/124.0 Safari/537.36"
8.8.8.8 - - [19/Jun/2026:11:11:06 +0530] "GET /favicon.ico HTTP/1.1" 200 11062 "-" "Mozilla/5.0 (Windows NT 10.0; Win64; x64) AppleWebKit/537.36 Chrome/124.0 Safari/537.36"
8.8.8.8 - - [19/Jun/2026:11:12:16 +0530] "GET /login HTTP/1.1" 301 13016 "-" "Mozilla/5.0 (Windows NT 10.0; Win64; x64) AppleWebKit/537.36 Chrome/124.0 Safari/537.36"
9.9.9.9 - - [19/Jun/2026:11:12:36 +0530] "GET /checkout HTTP/1.1" 200 16679 "-" "Mozilla/5.0 (Macintosh; Intel Mac OS X 10_15_7) Safari/605.1.15"
66.249.66.1 - - [19/Jun/2026:11:13:20 +0530] "GET /about HTTP/1.1" 200 20188 "-" "Mozilla/5.0 (iPhone; CPU iPhone OS 17_4 like Mac OS X) Mobile/15E148 Safari/604.1"
103.48.198.141 - - [19/Jun/2026:11:15:09 +0530] "GET /api/products HTTP/1.1" 301 20687 "-" "Mozilla/5.0 (Macintosh; Intel Mac OS X 10_15_7) Safari/605.1.15"
66.249.66.1 - - [19/Jun/2026:11:15:18 +0530] "POST /products HTTP/1.1" 301 5362 "-" "Mozilla/5.0 (Macintosh; Intel Mac OS X 10_15_7) Safari/605.1.15"
8.8.8.8 - - [19/Jun/2026:11:15:28 +0530] "GET /about HTTP/1.1" 200 8454 "-" "Mozilla/5.0 (Windows NT 10.0; Win64; x64) AppleWebKit/537.36 Chrome/124.0 Safari/537.36"
45.79.118.42 - - [19/Jun/2026:11:15:36 +0530] "GET /assets/main.css HTTP/1.1" 200 18241 "-" "Mozilla/5.0 (X11; Linux x86_64) Firefox/125.0"
45.79.118.42 - - [19/Jun/2026:11:16:30 +0530] "GET /api/products HTTP/1.1" 200 24110 "-" "Mozilla/5.0 (X11; Linux x86_64) Firefox/125.0"
45.79.118.42 - - [19/Jun/2026:11:16:48 +0530] "POST /about HTTP/1.1" 200 19721 "-" "Mozilla/5.0 (X11; Linux x86_64) Firefox/125.0"
45.79.118.42 - - [19/Jun/2026:11:16:48 +0530] "GET /contact HTTP/1.1" 301 2404 "-" "Mozilla/5.0 (X11; Linux x86_64) Firefox/125.0"
103.48.198.141 - - [19/Jun/2026:11:18:00 +0530] "POST /api/products HTTP/1.1" 200 27828 "-" "Mozilla/5.0 (Macintosh; Intel Mac OS X 10_15_7) Safari/605.1.15"
8.8.8.8 - - [19/Jun/2026:11:19:15 +0530] "GET /favicon.ico HTTP/1.1" 301 13498 "-" "Mozilla/5.0 (Macintosh; Intel Mac OS X 10_15_7) Safari/605.1.15"
8.8.8.8 - - [19/Jun/2026:11:19:30 +0530] "GET /favicon.ico HTTP/1.1" 200 9004 "-" "Mozilla/5.0 (Windows NT 10.0; Win64; x64) AppleWebKit/537.36 Chrome/124.0 Safari/537.36"
45.79.118.42 - - [19/Jun/2026:11:21:57 +0530] "GET /products HTTP/1.1" 200 14236 "-" "Mozilla/5.0 (Windows NT 10.0; Win64; x64) AppleWebKit/537.36 Chrome/124.0 Safari/537.36"
9.9.9.9 - - [19/Jun/2026:11:23:28 +0530] "POST /favicon.ico HTTP/1.1" 200 6508 "-" "Mozilla/5.0 (X11; Linux x86_64) Firefox/125.0"
8.8.8.8 - - [19/Jun/2026:11:25:04 +0530] "GET /api/products HTTP/1.1" 200 5660 "-" "Mozilla/5.0 (Windows NT 10.0; Win64; x64) AppleWebKit/537.36 Chrome/124.0 Safari/537.36"
103.48.198.141 - - [19/Jun/2026:11:26:24 +0530] "GET /checkout HTTP/1.1" 301 20907 "-" "Mozilla/5.0 (iPhone; CPU iPhone OS 17_4 like Mac OS X) Mobile/15E148 Safari/604.1"
103.48.198.141 - - [19/Jun/2026:11:26:40 +0530] "POST /favicon.ico HTTP/1.1" 200 20700 "-" "Mozilla/5.0 (iPhone; CPU iPhone OS 17_4 like Mac OS X) Mobile/15E148 Safari/604.1"
66.249.66.1 - - [19/Jun/2026:11:27:12 +0530] "GET /favicon.ico HTTP/1.1" 200 10545 "-" "Mozilla/5.0 (Macintosh; Intel Mac OS X 10_15_7) Safari/605.1.15"
103.48.198.141 - - [19/Jun/2026:11:28:30 +0530] "POST /api/products HTTP/1.1" 200 8935 "-" "Mozilla/5.0 (iPhone; CPU iPhone OS 17_4 like Mac OS X) Mobile/15E148 Safari/604.1"
45.79.118.42 - - [19/Jun/2026:11:29:53 +0530] "POST /checkout HTTP/1.1" 200 6570 "-" "Mozilla/5.0 (Macintosh; Intel Mac OS X 10_15_7) Safari/605.1.15"
8.8.8.8 - - [19/Jun/2026:11:31:35 +0530] "GET / HTTP/1.1" 200 20022 "-" "Mozilla/5.0 (Macintosh; Intel Mac OS X 10_15_7) Safari/605.1.15"
103.48.198.141 - - [19/Jun/2026:11:31:52 +0530] "GET /login HTTP/1.1" 200 23886 "-" "Mozilla/5.0 (iPhone; CPU iPhone OS 17_4 like Mac OS X) Mobile/15E148 Safari/604.1"
45.79.118.42 - - [19/Jun/2026:11:34:48 +0530] "GET /api/products HTTP/1.1" 200 12997 "-" "Mozilla/5.0 (Windows NT 10.0; Win64; x64) AppleWebKit/537.36 Chrome/124.0 Safari/537.36"
66.249.66.1 - - [19/Jun/2026:11:38:57 +0530] "GET /assets/app.js HTTP/1.1" 200 13484 "-" "Mozilla/5.0 (iPhone; CPU iPhone OS 17_4 like Mac OS X) Mobile/15E148 Safari/604.1"
103.48.198.141 - - [19/Jun/2026:11:48:54 +0530] "GET /login HTTP/1.1" 200 6464 "-" "Mozilla/5.0 (Macintosh; Intel Mac OS X 10_15_7) Safari/605.1.15"
103.48.198.141 - - [19/Jun/2026:11:50:06 +0530] "POST /login HTTP/1.1" 200 5703 "-" "Mozilla/5.0 (Macintosh; Intel Mac OS X 10_15_7) Safari/605.1.15"
