8.8.8.8 - - [19/Jun/2026:09:00:23 +0530] "GET /api/cart HTTP/1.1" 200 8274 "https://example.com/" "Mozilla/5.0 (Macintosh; Intel Mac OS X 10_15_7) Safari/605.1.15"
66.249.66.1 - - [19/Jun/2026:09:00:29 +0530] "GET /assets/app.js HTTP/1.1" 301 1291 "-" "Mozilla/5.0 (Windows NT 10.0; Win64; x64) AppleWebKit/537.36 Chrome/124.0 Safari/537.36"
9.9.9.9 - - [19/Jun/2026:09:00:38 +0530] "GET /assets/main.css HTTP/1.1" 200 23712 "https://google.com/" "Mozilla/5.0 (iPhone; CPU iPhone OS 17_4 like Mac OS X) Mobile/15E148 Safari/604.1"
103.48.198.141 - - [19/Jun/2026:09:00:48 +0530] "GET /login HTTP/1.1" 200 5481 "https://example.com/login" "Mozilla/5.0 (X11; Linux x86_64) Firefox/125.0"
9.9.9.9 - - [19/Jun/2026:09:00:59 +0530] "GET /login HTTP/1.1" 200 3599 "-" "Mozilla/5.0 (iPhone; CPU iPhone OS 17_4 like Mac OS X) Mobile/15E148 Safari/604.1"
45.79.118.42 - - [19/Jun/2026:09:01:05 +0530] "GET /assets/app.js HTTP/1.1" 200 1673 "https://example.com/login" "Mozilla/5.0 (Windows NT 10.0; Win64; x64) AppleWebKit/537.36 Chrome/124.0 Safari/537.36"
8.8.8.8 - - [19/Jun/2026:09:01:20 +0530] "GET /admin/login.php HTTP/1.1" 404 20517 "https://example.com/products" "Mozilla/5.0 (Macintosh; Intel Mac OS X 10_15_7) Safari/605.1.15"
8.8.8.8 - - [19/Jun/2026:09:01:45 +0530] "GET /api/products HTTP/1.1" 200 9732 "-" "Mozilla/5.0 (Macintosh; Intel Mac OS X 10_15_7) Safari/605.1.15"
103.48.198.141 - - [19/Jun/2026:09:01:51 +0530] "GET /assets/logo.png HTTP/1.1" 404 12204 "https://example.com/" "Mozilla/5.0 (X11; Linux x86_64) Firefox/125.0"
9.9.9.9 - - [19/Jun/2026:09:02:05 +0530] "GET /api/cart HTTP/1.1" 404 21484 "-" "Mozilla/5.0 (Macintosh; Intel Mac OS X 10_15_7) Safari/605.1.15"
66.249.66.1 - - [19/Jun/2026:09:02:25 +0530] "GET /about HTTP/1.1" 301 12683 "https://example.com/products" "Mozilla/5.0 (Macintosh; Intel Mac OS X 10_15_7) Safari/605.1.15"
45.79.118.42 - - [19/Jun/2026:09:02:49 +0530] "GET /contact HTTP/1.1" 200 10586 "https://example.com/login" "Mozilla/5.0 (X11; Linux x86_64) Firefox/125.0"
9.9.9.9 - - [19/Jun/2026:09:02:54 +0530] "GET /contact HTTP/1.1" 404 16608 "https://example.com/login" "Mozilla/5.0 (iPhone; CPU iPhone OS 17_4 like Mac OS X) Mobile/15E148 Safari/604.1"
45.79.118.42 - - [19/Jun/2026:09:03:01 +0530] "GET /contact HTTP/1.1" 404 18644 "https://google.com/" "Mozilla/5.0 (X11; Linux x86_64) Firefox/125.0"
103.48.198.141 - - [19/Jun/2026:09:03:22 +0530] "POST /products.php?id=18 HTTP/1.1" 200 4782 "https://google.com/" "Mozilla/5.0 (iPhone; CPU iPhone OS 17_4 like Mac OS X) Mobile/15E148 Safari/604.1"
8.8.8.8 - - [19/Jun/2026:09:03:27 +0530] "GET /about HTTP/1.1" 404 5492 "https://example.com/login" "Mozilla/5.0 (Windows NT 10.0; Win64; x64) AppleWebKit/537.36 Chrome/124.0 Safari/537.36"
103.48.198.141 - - [19/Jun/2026:09:03:42 +0530] "POST /assets/main.css HTTP/1.1" 200 18378 "-" "Mozilla/5.0 (Windows NT 10.0; Win64; x64) AppleWebKit/537.36 Chrome/124.0 Safari/537.36"
208.67.222.222 - - [19/Jun/2026:09:04:06 +0530] "GET /login HTTP/1.1" 404 11396 "-" "Mozilla/5.0 (X11; Linux x86_64) Firefox/125.0"
9.9.9.9 - - [19/Jun/2026:09:04:22 +0530] "POST / HTTP/1.1" 404 23832 "https://example.com/products" "Mozilla/5.0 (Macintosh; Intel Mac OS X 10_15_7) Safari/605.1.15"
8.8.8.8 - - [19/Jun/2026:09:04:41 +0530] "GET /admin/login.php HTTP/1.1" 404 16885 "https://google.com/" "Mozilla/5.0 (Macintosh; Intel Mac OS X 10_15_7) Safari/605.1.15"
45.79.118.42 - - [19/Jun/2026:09:04:48 +0530] "GET /assets/main.css HTTP/1.1" 302 268 "https://google.com/" "Mozilla/5.0 (X11; Linux x86_64) Firefox/125.0"
8.8.8.8 - - [19/Jun/2026:09:05:06 +0530] "GET /wp-admin/ HTTP/1.1" 200 10326 "https://example.com/" "Mozilla/5.0 (Windows NT 10.0; Win64; x64) AppleWebKit/537.36 Chrome/124.0 Safari/537.36"
208.67.222.222 - - [19/Jun/2026:09:05:16 +0530] "GET /index.html HTTP/1.1" 404 16174 "-" "Mozilla/5.0 (Macintosh; Intel Mac OS X 10_15_7) Safari/605.1.15"
66.249.66.1 - - [19/Jun/2026:09:05:23 +0530] "POST /assets/main.css HTTP/1.1" 200 8935 "https://google.com/" "Mozilla/5.0 (iPhone; CPU iPhone OS 17_4 like Mac OS X) Mobile/15E148 Safari/604.1"
208.67.222.222 - - [19/Jun/2026:09:05:32 +0530] "GET /api/cart HTTP/1.1" 200 13324 "https://example.com/products" "Mozilla/5.0 (iPhone; CPU iPhone OS 17_4 like Mac OS X) Mobile/15E148 Safari/604.1"
103.48.198.141 - - [19/Jun/2026:09:05:51 +0530] "GET /contact HTTP/1.1" 200 2348 "https://example.com/products" "Mozilla/5.0 (Windows NT 10.0; Win64; x64) AppleWebKit/537.36 Chrome/124.0 Safari/537.36"
208.67.222.222 - - [19/Jun/2026:09:06:12 +0530] "GET /assets/app.js HTTP/1.1" 200 485 "-" "Mozilla/5.0 (Windows NT 10.0; Win64; x64) AppleWebKit/537.36 Chrome/124.0 Safari/537.36"
8.8.8.8 - - [19/Jun/2026:09:06:22 +0530] "GET /admin/login.php HTTP/1.1" 200 2571 "https://google.com/" "Mozilla/5.0 (Macintosh; Intel Mac OS X 10_15_7) Safari/605.1.15"
66.249.66.1 - - [19/Jun/2026:09:06:33 +0530] "POST /contact HTTP/1.1" 302 4585 "https://google.com/" "Mozilla/5.0 (iPhone; CPU iPhone OS 17_4 like Mac OS X) Mobile/15E148 Safari/604.1"
103.48.198.141 - - [19/Jun/2026:09:06:43 +0530] "POST /contact HTTP/1.1" 200 3426 "https://example.com/login" "Mozilla/5.0 (X11; Linux x86_64) Firefox/125.0"
103.48.198.141 - - [19/Jun/2026:09:06:59 +0530] "POST /admin/login.php HTTP/1.1" 404 2025 "-" "Mozilla/5.0 (Windows NT 10.0; Win64; x64) AppleWebKit/537.36 Chrome/124.0 Safari/537.36"
66.249.66.1 - - [19/Jun/2026:09:07:14 +0530] "GET /login HTTP/1.1" 200 8397 "https://example.com/" "Mozilla/5.0 (Macintosh; Intel Mac OS X 10_15_7) Safari/605.1.15"
103.48.198.141 - - [19/Jun/2026:09:07:34 +0530] "GET /blog/nginx-basic-hardening HTTP/1.1" 200 9377 "https://example.com/login" "Mozilla/5.0 (Macintosh; Intel Mac OS X 10_15_7) Safari/605.1.15"
103.48.198.141 - - [19/Jun/2026:09:07:39 +0530] "GET / HTTP/1.1" 404 17963 "-" "Mozilla/5.0 (Windows NT 10.0; Win64; x64) AppleWebKit/537.36 Chrome/124.0 Safari/537.36"
9.9.9.9 - - [19/Jun/2026:09:07:49 +0530] "POST /assets/logo.png HTTP/1.1" 301 7254 "https://example.com/login" "Mozilla/5.0 (Windows NT 10.0; Win64; x64) AppleWebKit/537.36 Chrome/124.0 Safari/537.36"
103.48.198.141 - - [19/Jun/2026:09:07:57 +0530] "GET /blog/nginx-basic-hardening HTTP/1.1" 200 15159 "https://example.com/products" "Mozilla/5.0 (iPhone; CPU iPhone OS 17_4 like Mac OS X) Mobile/15E148 Safari/604.1"
66.249.66.1 - - [19/Jun/2026:09:08:22 +0530] "POST /about HTTP/1.1" 200 9972 "https://example.com/" "Mozilla/5.0 (Windows NT 10.0; Win64; x64) AppleWebKit/537.36 Chrome/124.0 Safari/537.36"
66.249.66.1 - - [19/Jun/2026:09:08:43 +0530] "GET /api/cart HTTP/1.1" 200 2123 "-" "Mozilla/5.0 (iPhone; CPU iPhone OS 17_4 like Mac OS X) Mobile/15E148 Safari/604.1"
208.67.222.222 - - [19/Jun/2026:09:09:02 +0530] "GET / HTTP/1.1" 302 2875 "https://example.com/" "Mozilla/5.0 (Windows NT 10.0; Win64; x64) AppleWebKit/537.36 Chrome/124.0 Safari/537.36"
8.8.8.8 - - [19/Jun/2026:09:09:24 +0530] "GET /blog/nginx-basic-hardening HTTP/1.1" 200 18917 "https://example.com/" "Mozilla/5.0 (Windows NT 10.0; Win64; x64) AppleWebKit/537.36 Chrome/124.0 Safari/537.36"
8.8.8.8 - - [19/Jun/2026:09:09:46 +0530] "POST /api/products HTTP/1.1" 302 18771 "https://google.com/" "Mozilla/5.0 (X11; Linux x86_64) Firefox/125.0"
9.9.9.9 - - [19/Jun/2026:09:09:57 +0530] "GET /contact HTTP/1.1" 200 13219 "https://example.com/" "Mozilla/5.0 (X11; Linux x86_64) Firefox/125.0"
45.79.118.42 - - [19/Jun/2026:09:10:14 +0530] "GET / HTTP/1.1" 301 20604 "https://google.com/" "Mozilla/5.0 (Windows NT 10.0; Win64; x64) AppleWebKit/537.36 Chrome/124.0 Safari/537.36"
208.67.222.222 - - [19/Jun/2026:09:10:19 +0530] "GET /assets/main.css HTTP/1.1" 200 4590 "https://example.com/products" "Mozilla/5.0 (Windows NT 10.0; Win64; x64) AppleWebKit/537.36 Chrome/124.0 Safari/537.36"
45.79.118.42 - - [19/Jun/2026:09:10:29 +0530] "GET /about HTTP/1.1" 301 18050 "https://example.com/products" "Mozilla/5.0 (Windows NT 10.0; Win64; x64) AppleWebKit/537.36 Chrome/124.0 Safari/537.36"
208.67.222.222 - - [19/Jun/2026:09:10:53 +0530] "GET /wp-admin/ HTTP/1.1" 404 3644 "https://example.com/" "Mozilla/5.0 (X11; Linux x86_64) Firefox/125.0"
8.8.8.8 - - [19/Jun/2026:09:10:59 +0530] "GET /products.php?id=12 HTTP/1.1" 200 20069 "https://example.com/" "Mozilla/5.0 (X11; Linux x86_64) Firefox/125.0"
66.249.66.1 - - [19/Jun/2026:09:11:08 +0530] "GET /assets/main.css HTTP/1.1" 301 8478 "-" "Mozilla/5.0 (Windows NT 10.0; Win64; x64) AppleWebKit/537.36 Chrome/124.0 Safari/537.36"
103.48.198.141 - - [19/Jun/2026:09:11:31 +0530] "GET / HTTP/1.1" 200 11179 "https://example.com/" "Mozilla/5.0 (X11; Linux x86_64) Firefox/125.0"
66.249.66.1 - - [19/Jun/2026:09:11:39 +0530] "POST /assets/main.css HTTP/1.1" 404 14264 "https://google.com/" "Mozilla/5.0 (Windows NT 10.0; Win64; x64) AppleWebKit/537.36 Chrome/124.0 Safari/537.36"
8.8.8.8 - - [19/Jun/2026:09:11:45 +0530] "GET /assets/main.css HTTP/1.1" 200 12348 "https://google.com/" "Mozilla/5.0 (Macintosh; Intel Mac OS X 10_15_7) Safari/605.1.15"
9.9.9.9 - - [19/Jun/2026:09:12:01 +0530] "GET /products.php?id=12 HTTP/1.1" 200 1557 "https://example.com/products" "Mozilla/5.0 (Macintosh; Intel Mac OS X 10_15_7) Safari/605.1.15"
9.9.9.9 - - [19/Jun/2026:09:12:25 +0530] "GET /products.php?id=18 HTTP/1.1" 302 13566 "https://google.com/" "Mozilla/5.0 (Macintosh; Intel Mac OS X 10_15_7) Safari/605.1.15"
9.9.9.9 - - [19/Jun/2026:09:12:35 +0530] "GET /wp-admin/ HTTP/1.1" 301 1062 "https://example.com/" "Mozilla/5.0 (X11; Linux x86_64) Firefox/125.0"
66.249.66.1 - - [19/Jun/2026:09:12:51 +0530] "GET /products.php?id=12 HTTP/1.1" 200 23229 "-" "Mozilla/5.0 (iPhone; CPU iPhone OS 17_4 like Mac OS X) Mobile/15E148 Safari/604.1"
103.48.198.141 - - [19/Jun/2026:09:12:55 +0530] "GET /contact HTTP/1.1" 301 11707 "https://example.com/products" "Mozilla/5.0 (Macintosh; Intel Mac OS X 10_15_7) Safari/605.1.15"
8.8.8.8 - - [19/Jun/2026:09:13:05 +0530] "GET /blog/nginx-basic-hardening HTTP/1.1" 200 9379 "-" "Mozilla/5.0 (X11; Linux x86_64) Firefox/125.0"
66.249.66.1 - - [19/Jun/2026:09:13:19 +0530] "POST /api/products HTTP/1.1" 302 11101 "-" "Mozilla/5.0 (Windows NT 10.0; Win64; x64) AppleWebKit/537.36 Chrome/124.0 Safari/537.36"
9.9.9.9 - - [19/Jun/2026:09:13:30 +0530] "GET / HTTP/1.1" 200 19798 "https://example.com/login" "Mozilla/5.0 (X11; Linux x86_64) Firefox/125.0"
103.48.198.141 - - [19/Jun/2026:09:13:43 +0530] "GET /blog/nginx-basic-hardening HTTP/1.1" 302 6478 "https://example.com/products" "Mozilla/5.0 (Windows NT 10.0; Win64; x64) AppleWebKit/537.36 Chrome/124.0 Safari/537.36"
103.48.198.141 - - [19/Jun/2026:09:14:08 +0530] "GET /assets/main.css HTTP/1.1" 302 22756 "https://example.com/" "Mozilla/5.0 (X11; Linux x86_64) Firefox/125.0"
8.8.8.8 - - [19/Jun/2026:09:14:24 +0530] "GET /assets/app.js HTTP/1.1" 200 21987 "-" "Mozilla/5.0 (X11; Linux x86_64) Firefox/125.0"
45.79.118.42 - - [19/Jun/2026:09:14:43 +0530] "POST /products.php?id=18 HTTP/1.1" 301 23096 "https://example.com/products" "Mozilla/5.0 (Macintosh; Intel Mac OS X 10_15_7) Safari/605.1.15"
103.48.198.141 - - [19/Jun/2026:09:14:52 +0530] "POST /api/products HTTP/1.1" 404 5952 "https://google.com/" "Mozilla/5.0 (X11; Linux x86_64) Firefox/125.0"
208.67.222.222 - - [19/Jun/2026:09:15:07 +0530] "GET /products.php?id=12 HTTP/1.1" 200 7137 "https://example.com/login" "Mozilla/5.0 (X11; Linux x86_64) Firefox/125.0"
103.48.198.141 - - [19/Jun/2026:09:15:24 +0530] "POST /api/products HTTP/1.1" 200 17000 "https://example.com/login" "Mozilla/5.0 (Macintosh; Intel Mac OS X 10_15_7) Safari/605.1.15"
45.33.32.156 - - [19/Jun/2026:09:15:48 +0530] "GET /products.php?id=12%27%20OR%201%3D1-- HTTP/1.1" 403 807 "-" "curl/8.1.2"
208.67.222.222 - - [19/Jun/2026:09:16:11 +0530] "GET /index.html HTTP/1.1" 200 22296 "https://example.com/products" "Mozilla/5.0 (Macintosh; Intel Mac OS X 10_15_7) Safari/605.1.15"
9.9.9.9 - - [19/Jun/2026:09:16:20 +0530] "GET / HTTP/1.1" 200 15819 "https://google.com/" "Mozilla/5.0 (Windows NT 10.0; Win64; x64) AppleWebKit/537.36 Chrome/124.0 Safari/537.36"
103.48.198.141 - - [19/Jun/2026:09:16:37 +0530] "GET /api/cart HTTP/1.1" 404 12832 "https://example.com/login" "Mozilla/5.0 (iPhone; CPU iPhone OS 17_4 like Mac OS X) Mobile/15E148 Safari/604.1"
9.9.9.9 - - [19/Jun/2026:09:16:47 +0530] "GET /wp-admin/ HTTP/1.1" 200 14181 "https://example.com/" "Mozilla/5.0 (Macintosh; Intel Mac OS X 10_15_7) Safari/605.1.15"
208.67.222.222 - - [19/Jun/2026:09:17:12 +0530] "POST / HTTP/1.1" 302 8415 "-" "Mozilla/5.0 (iPhone; CPU iPhone OS 17_4 like Mac OS X) Mobile/15E148 Safari/604.1"
103.48.198.141 - - [19/Jun/2026:09:17:19 +0530] "GET /login HTTP/1.1" 301 20325 "https://google.com/" "Mozilla/5.0 (iPhone; CPU iPhone OS 17_4 like Mac OS X) Mobile/15E148 Safari/604.1"
103.48.198.141 - - [19/Jun/2026:09:17:39 +0530] "GET /api/cart HTTP/1.1" 301 14997 "https://example.com/products" "Mozilla/5.0 (Macintosh; Intel Mac OS X 10_15_7) Safari/605.1.15"
45.79.118.42 - - [19/Jun/2026:09:18:02 +0530] "POST /api/products HTTP/1.1" 200 9248 "https://example.com/login" "Mozilla/5.0 (Windows NT 10.0; Win64; x64) AppleWebKit/537.36 Chrome/124.0 Safari/537.36"
45.79.118.42 - - [19/Jun/2026:09:18:27 +0530] "GET /products.php?id=12 HTTP/1.1" 200 10726 "https://google.com/" "Mozilla/5.0 (Windows NT 10.0; Win64; x64) AppleWebKit/537.36 Chrome/124.0 Safari/537.36"
9.9.9.9 - - [19/Jun/2026:09:18:34 +0530] "GET /blog/nginx-basic-hardening HTTP/1.1" 404 5257 "https://example.com/" "Mozilla/5.0 (Windows NT 10.0; Win64; x64) AppleWebKit/537.36 Chrome/124.0 Safari/537.36"
103.48.198.141 - - [19/Jun/2026:09:18:50 +0530] "GET /assets/main.css HTTP/1.1" 301 13874 "-" "Mozilla/5.0 (Macintosh; Intel Mac OS X 10_15_7) Safari/605.1.15"
103.48.198.141 - - [19/Jun/2026:09:19:06 +0530] "GET /admin/login.php HTTP/1.1" 302 12714 "https://example.com/login" "Mozilla/5.0 (Windows NT 10.0; Win64; x64) AppleWebKit/537.36 Chrome/124.0 Safari/537.36"
45.79.118.42 - - [19/Jun/2026:09:19:20 +0530] "POST /admin/login.php HTTP/1.1" 301 17886 "https://google.com/" "Mozilla/5.0 (Macintosh; Intel Mac OS X 10_15_7) Safari/605.1.15"
9.9.9.9 - - [19/Jun/2026:09:19:38 +0530] "GET /blog/nginx-basic-hardening HTTP/1.1" 301 1201 "https://example.com/login" "Mozilla/5.0 (X11; Linux x86_64) Firefox/125.0"
66.249.66.1 - - [19/Jun/2026:09:20:02 +0530] "POST /api/cart HTTP/1.1" 200 15565 "https://example.com/" "Mozilla/5.0 (Windows NT 10.0; Win64; x64) AppleWebKit/537.36 Chrome/124.0 Safari/537.36"
51.15.76.10 - - [19/Jun/2026:09:20:17 +0530] "GET /comment.php?msg=%3Cscript%3Ealert(document.cookie)%3C/script%3E HTTP/1.1" 200 958 "-" "Mozilla/5.0 (iPhone; CPU iPhone OS 17_4 like Mac OS X) Mobile/15E148 Safari/604.1"
103.48.198.141 - - [19/Jun/2026:09:20:24 +0530] "GET / HTTP/1.1" 200 12672 "https://example.com/products" "Mozilla/5.0 (Macintosh; Intel Mac OS X 10_15_7) Safari/605.1.15"
45.79.118.42 - - [19/Jun/2026:09:20:41 +0530] "GET /login HTTP/1.1" 301 9367 "https://example.com/login" "Mozilla/5.0 (X11; Linux x86_64) Firefox/125.0"
103.48.198.141 - - [19/Jun/2026:09:20:46 +0530] "GET /api/cart HTTP/1.1" 302 1956 "https://example.com/products" "Mozilla/5.0 (Macintosh; Intel Mac OS X 10_15_7) Safari/605.1.15"
8.8.8.8 - - [19/Jun/2026:09:21:09 +0530] "GET /login HTTP/1.1" 200 8352 "https://example.com/" "Mozilla/5.0 (Windows NT 10.0; Win64; x64) AppleWebKit/537.36 Chrome/124.0 Safari/537.36"
9.9.9.9 - - [19/Jun/2026:09:21:31 +0530] "GET /about HTTP/1.1" 301 22186 "-" "Mozilla/5.0 (Macintosh; Intel Mac OS X 10_15_7) Safari/605.1.15"
66.249.66.1 - - [19/Jun/2026:09:21:48 +0530] "GET /login HTTP/1.1" 200 5748 "https://google.com/" "Mozilla/5.0 (Windows NT 10.0; Win64; x64) AppleWebKit/537.36 Chrome/124.0 Safari/537.36"
45.79.118.42 - - [19/Jun/2026:09:21:56 +0530] "GET /assets/app.js HTTP/1.1" 200 10472 "https://google.com/" "Mozilla/5.0 (iPhone; CPU iPhone OS 17_4 like Mac OS X) Mobile/15E148 Safari/604.1"
66.249.66.1 - - [19/Jun/2026:09:22:11 +0530] "GET /index.html HTTP/1.1" 302 22880 "https://example.com/" "Mozilla/5.0 (Windows NT 10.0; Win64; x64) AppleWebKit/537.36 Chrome/124.0 Safari/537.36"
45.79.118.42 - - [19/Jun/2026:09:22:36 +0530] "GET /login HTTP/1.1" 302 1595 "https://example.com/products" "Mozilla/5.0 (iPhone; CPU iPhone OS 17_4 like Mac OS X) Mobile/15E148 Safari/604.1"
45.79.118.42 - - [19/Jun/2026:09:23:00 +0530] "GET /assets/main.css HTTP/1.1" 404 11431 "-" "Mozilla/5.0 (iPhone; CPU iPhone OS 17_4 like Mac OS X) Mobile/15E148 Safari/604.1"
8.8.8.8 - - [19/Jun/2026:09:23:18 +0530] "POST /products.php?id=18 HTTP/1.1" 404 15314 "https://example.com/" "Mozilla/5.0 (iPhone; CPU iPhone OS 17_4 like Mac OS X) Mobile/15E148 Safari/604.1"
66.249.66.1 - - [19/Jun/2026:09:23:26 +0530] "GET /assets/app.js HTTP/1.1" 302 16093 "https://example.com/login" "Mozilla/5.0 (iPhone; CPU iPhone OS 17_4 like Mac OS X) Mobile/15E148 Safari/604.1"
45.79.118.42 - - [19/Jun/2026:09:23:47 +0530] "GET /admin/login.php HTTP/1.1" 200 3089 "https://example.com/products" "Mozilla/5.0 (iPhone; CPU iPhone OS 17_4 like Mac OS X) Mobile/15E148 Safari/604.1"
103.48.198.141 - - [19/Jun/2026:09:23:57 +0530] "POST /products.php?id=18 HTTP/1.1" 200 16447 "https://example.com/products" "Mozilla/5.0 (Macintosh; Intel Mac OS X 10_15_7) Safari/605.1.15"
9.9.9.9 - - [19/Jun/2026:09:24:15 +0530] "GET /login HTTP/1.1" 200 11402 "https://example.com/products" "Mozilla/5.0 (X11; Linux x86_64) Firefox/125.0"
8.8.8.8 - - [19/Jun/2026:09:24:35 +0530] "GET /index.html HTTP/1.1" 200 23845 "https://example.com/login" "Mozilla/5.0 (iPhone; CPU iPhone OS 17_4 like Mac OS X) Mobile/15E148 Safari/604.1"
9.9.9.9 - - [19/Jun/2026:09:24:55 +0530] "POST /api/products HTTP/1.1" 404 16333 "https://example.com/login" "Mozilla/5.0 (Windows NT 10.0; Win64; x64) AppleWebKit/537.36 Chrome/124.0 Safari/537.36"
45.79.118.42 - - [19/Jun/2026:09:25:00 +0530] "GET /blog/nginx-basic-hardening HTTP/1.1" 404 8222 "https://example.com/products" "Mozilla/5.0 (X11; Linux x86_64) Firefox/125.0"
208.67.222.222 - - [19/Jun/2026:09:25:18 +0530] "GET /blog/nginx-basic-hardening HTTP/1.1" 404 18285 "https://example.com/products" "Mozilla/5.0 (X11; Linux x86_64) Firefox/125.0"
103.48.198.141 - - [19/Jun/2026:09:25:43 +0530] "GET /products.php?id=12 HTTP/1.1" 200 7804 "-" "Mozilla/5.0 (Macintosh; Intel Mac OS X 10_15_7) Safari/605.1.15"
8.8.8.8 - - [19/Jun/2026:09:25:56 +0530] "GET /contact HTTP/1.1" 200 24452 "https://example.com/login" "Mozilla/5.0 (X11; Linux x86_64) Firefox/125.0"
208.67.222.222 - - [19/Jun/2026:09:26:17 +0530] "GET /index.html HTTP/1.1" 200 9957 "https://example.com/" "Mozilla/5.0 (X11; Linux x86_64) Firefox/125.0"
45.79.118.42 - - [19/Jun/2026:09:26:25 +0530] "GET /api/cart HTTP/1.1" 302 4397 "https://example.com/products" "Mozilla/5.0 (Windows NT 10.0; Win64; x64) AppleWebKit/537.36 Chrome/124.0 Safari/537.36"
208.67.222.222 - - [19/Jun/2026:09:26:29 +0530] "GET /api/cart HTTP/1.1" 200 21151 "https://example.com/login" "Mozilla/5.0 (Windows NT 10.0; Win64; x64) AppleWebKit/537.36 Chrome/124.0 Safari/537.36"
208.67.222.222 - - [19/Jun/2026:09:26:32 +0530] "GET /assets/logo.png HTTP/1.1" 301 14683 "https://example.com/products" "Mozilla/5.0 (Macintosh; Intel Mac OS X 10_15_7) Safari/605.1.15"
185.220.101.1 - - [19/Jun/2026:09:26:36 +0530] "GET /static/%2e%2e/%2e%2e/%2e%2e/etc/passwd HTTP/1.1" 403 278 "-" "Mozilla/5.0 (X11; Linux x86_64) Firefox/125.0"
103.48.198.141 - - [19/Jun/2026:09:26:51 +0530] "GET /assets/app.js HTTP/1.1" 404 22743 "-" "Mozilla/5.0 (Macintosh; Intel Mac OS X 10_15_7) Safari/605.1.15"
208.67.222.222 - - [19/Jun/2026:09:26:58 +0530] "GET /index.html HTTP/1.1" 200 4131 "https://google.com/" "Mozilla/5.0 (iPhone; CPU iPhone OS 17_4 like Mac OS X) Mobile/15E148 Safari/604.1"
208.67.222.222 - - [19/Jun/2026:09:27:20 +0530] "GET /login HTTP/1.1" 302 12714 "https://example.com/login" "Mozilla/5.0 (iPhone; CPU iPhone OS 17_4 like Mac OS X) Mobile/15E148 Safari/604.1"
208.67.222.222 - - [19/Jun/2026:09:27:32 +0530] "POST /products.php?id=12 HTTP/1.1" 302 20599 "-" "Mozilla/5.0 (Windows NT 10.0; Win64; x64) AppleWebKit/537.36 Chrome/124.0 Safari/537.36"
66.249.66.1 - - [19/Jun/2026:09:27:41 +0530] "GET /products.php?id=12 HTTP/1.1" 404 2910 "https://example.com/" "Mozilla/5.0 (Macintosh; Intel Mac OS X 10_15_7) Safari/605.1.15"
208.67.222.222 - - [19/Jun/2026:09:27:49 +0530] "GET /about HTTP/1.1" 200 13636 "https://example.com/login" "Mozilla/5.0 (iPhone; CPU iPhone OS 17_4 like Mac OS X) Mobile/15E148 Safari/604.1"
8.8.8.8 - - [19/Jun/2026:09:28:01 +0530] "GET /products.php?id=12 HTTP/1.1" 404 9514 "https://example.com/login" "Mozilla/5.0 (Windows NT 10.0; Win64; x64) AppleWebKit/537.36 Chrome/124.0 Safari/537.36"
9.9.9.9 - - [19/Jun/2026:09:28:25 +0530] "GET /login HTTP/1.1" 404 19576 "https://example.com/" "Mozilla/5.0 (iPhone; CPU iPhone OS 17_4 like Mac OS X) Mobile/15E148 Safari/604.1"
208.67.222.222 - - [19/Jun/2026:09:28:31 +0530] "GET /api/products HTTP/1.1" 200 8954 "https://example.com/" "Mozilla/5.0 (Windows NT 10.0; Win64; x64) AppleWebKit/537.36 Chrome/124.0 Safari/537.36"
9.9.9.9 - - [19/Jun/2026:09:28:35 +0530] "GET /assets/app.js HTTP/1.1" 404 18901 "https://example.com/products" "Mozilla/5.0 (iPhone; CPU iPhone OS 17_4 like Mac OS X) Mobile/15E148 Safari/604.1"
103.48.198.141 - - [19/Jun/2026:09:28:41 +0530] "GET /api/cart HTTP/1.1" 301 9170 "https://google.com/" "Mozilla/5.0 (iPhone; CPU iPhone OS 17_4 like Mac OS X) Mobile/15E148 Safari/604.1"
8.8.8.8 - - [19/Jun/2026:09:28:58 +0530] "GET /wp-admin/ HTTP/1.1" 301 24319 "https://example.com/products" "Mozilla/5.0 (X11; Linux x86_64) Firefox/125.0"
8.8.8.8 - - [19/Jun/2026:09:29:01 +0530] "GET /api/products HTTP/1.1" 302 19488 "-" "Mozilla/5.0 (X11; Linux x86_64) Firefox/125.0"
8.8.8.8 - - [19/Jun/2026:09:29:22 +0530] "GET /assets/logo.png HTTP/1.1" 302 21598 "https://example.com/login" "Mozilla/5.0 (X11; Linux x86_64) Firefox/125.0"
208.67.222.222 - - [19/Jun/2026:09:29:30 +0530] "POST /api/products HTTP/1.1" 301 3239 "https://example.com/login" "Mozilla/5.0 (X11; Linux x86_64) Firefox/125.0"
45.79.118.42 - - [19/Jun/2026:09:29:46 +0530] "GET /api/products HTTP/1.1" 200 5519 "https://example.com/products" "Mozilla/5.0 (iPhone; CPU iPhone OS 17_4 like Mac OS X) Mobile/15E148 Safari/604.1"
103.48.198.141 - - [19/Jun/2026:09:30:11 +0530] "GET /api/products HTTP/1.1" 301 18275 "-" "Mozilla/5.0 (iPhone; CPU iPhone OS 17_4 like Mac OS X) Mobile/15E148 Safari/604.1"
45.79.118.42 - - [19/Jun/2026:09:30:16 +0530] "GET /products.php?id=18 HTTP/1.1" 200 13494 "https://google.com/" "Mozilla/5.0 (Windows NT 10.0; Win64; x64) AppleWebKit/537.36 Chrome/124.0 Safari/537.36"
208.67.222.222 - - [19/Jun/2026:09:30:40 +0530] "POST /blog/nginx-basic-hardening HTTP/1.1" 200 6396 "https://google.com/" "Mozilla/5.0 (X11; Linux x86_64) Firefox/125.0"
103.48.198.141 - - [19/Jun/2026:09:31:02 +0530] "POST /login HTTP/1.1" 200 6920 "https://example.com/products" "Mozilla/5.0 (Macintosh; Intel Mac OS X 10_15_7) Safari/605.1.15"
103.48.198.141 - - [19/Jun/2026:09:31:14 +0530] "POST /index.html HTTP/1.1" 200 20894 "https://google.com/" "Mozilla/5.0 (Macintosh; Intel Mac OS X 10_15_7) Safari/605.1.15"
9.9.9.9 - - [19/Jun/2026:09:31:39 +0530] "GET /assets/main.css HTTP/1.1" 200 18346 "https://example.com/login" "Mozilla/5.0 (Windows NT 10.0; Win64; x64) AppleWebKit/537.36 Chrome/124.0 Safari/537.36"
8.8.8.8 - - [19/Jun/2026:09:31:49 +0530] "POST /index.html HTTP/1.1" 404 5295 "https://example.com/login" "Mozilla/5.0 (X11; Linux x86_64) Firefox/125.0"
66.249.66.1 - - [19/Jun/2026:09:32:08 +0530] "GET /blog/nginx-basic-hardening HTTP/1.1" 301 15723 "https://example.com/" "Mozilla/5.0 (iPhone; CPU iPhone OS 17_4 like Mac OS X) Mobile/15E148 Safari/604.1"
45.33.32.156 - - [19/Jun/2026:09:32:28 +0530] "GET /search.php?q=-1%20UNION%20SELECT%20username,password%20FROM%20users-- HTTP/1.1" 403 475 "-" "curl/8.1.2"
66.249.66.1 - - [19/Jun/2026:09:32:47 +0530] "GET /admin/login.php HTTP/1.1" 200 9302 "https://example.com/login" "Mozilla/5.0 (X11; Linux x86_64) Firefox/125.0"
45.79.118.42 - - [19/Jun/2026:09:33:06 +0530] "GET /products.php?id=12 HTTP/1.1" 404 10033 "https://google.com/" "Mozilla/5.0 (iPhone; CPU iPhone OS 17_4 like Mac OS X) Mobile/15E148 Safari/604.1"
103.48.198.141 - - [19/Jun/2026:09:33:13 +0530] "POST /products.php?id=18 HTTP/1.1" 200 18335 "https://google.com/" "Mozilla/5.0 (iPhone; CPU iPhone OS 17_4 like Mac OS X) Mobile/15E148 Safari/604.1"
45.79.118.42 - - [19/Jun/2026:09:33:30 +0530] "GET /api/cart HTTP/1.1" 200 18986 "https://example.com/login" "Mozilla/5.0 (Macintosh; Intel Mac OS X 10_15_7) Safari/605.1.15"
8.8.8.8 - - [19/Jun/2026:09:33:46 +0530] "GET /api/cart HTTP/1.1" 301 23358 "https://example.com/login" "Mozilla/5.0 (iPhone; CPU iPhone OS 17_4 like Mac OS X) Mobile/15E148 Safari/604.1"
66.249.66.1 - - [19/Jun/2026:09:34:10 +0530] "GET /assets/logo.png HTTP/1.1" 200 4386 "https://google.com/" "Mozilla/5.0 (X11; Linux x86_64) Firefox/125.0"
103.48.198.141 - - [19/Jun/2026:09:34:16 +0530] "GET /assets/main.css HTTP/1.1" 301 752 "https://example.com/" "Mozilla/5.0 (iPhone; CPU iPhone OS 17_4 like Mac OS X) Mobile/15E148 Safari/604.1"
9.9.9.9 - - [19/Jun/2026:09:34:39 +0530] "GET /assets/logo.png HTTP/1.1" 200 11343 "https://google.com/" "Mozilla/5.0 (iPhone; CPU iPhone OS 17_4 like Mac OS X) Mobile/15E148 Safari/604.1"
8.8.8.8 - - [19/Jun/2026:09:35:02 +0530] "GET /admin/login.php HTTP/1.1" 404 17735 "https://example.com/login" "Mozilla/5.0 (X11; Linux x86_64) Firefox/125.0"
66.249.66.1 - - [19/Jun/2026:09:35:25 +0530] "POST /admin/login.php HTTP/1.1" 302 1426 "https://google.com/" "Mozilla/5.0 (Windows NT 10.0; Win64; x64) AppleWebKit/537.36 Chrome/124.0 Safari/537.36"
66.249.66.1 - - [19/Jun/2026:09:35:35 +0530] "GET /contact HTTP/1.1" 404 3211 "https://example.com/login" "Mozilla/5.0 (Windows NT 10.0; Win64; x64) AppleWebKit/537.36 Chrome/124.0 Safari/537.36"
66.249.66.1 - - [19/Jun/2026:09:35:58 +0530] "GET /assets/logo.png HTTP/1.1" 200 22991 "https://example.com/products" "Mozilla/5.0 (Windows NT 10.0; Win64; x64) AppleWebKit/537.36 Chrome/124.0 Safari/537.36"
45.79.118.42 - - [19/Jun/2026:09:36:02 +0530] "GET /products.php?id=12 HTTP/1.1" 200 12532 "https://example.com/login" "Mozilla/5.0 (Macintosh; Intel Mac OS X 10_15_7) Safari/605.1.15"
208.67.222.222 - - [19/Jun/2026:09:36:12 +0530] "POST /assets/app.js HTTP/1.1" 404 6150 "https://example.com/" "Mozilla/5.0 (Macintosh; Intel Mac OS X 10_15_7) Safari/605.1.15"
208.67.222.222 - - [19/Jun/2026:09:36:17 +0530] "POST /assets/app.js HTTP/1.1" 404 8141 "https://example.com/login" "Mozilla/5.0 (Macintosh; Intel Mac OS X 10_15_7) Safari/605.1.15"
103.48.198.141 - - [19/Jun/2026:09:36:27 +0530] "GET /assets/logo.png HTTP/1.1" 200 22101 "-" "Mozilla/5.0 (iPhone; CPU iPhone OS 17_4 like Mac OS X) Mobile/15E148 Safari/604.1"
66.249.66.1 - - [19/Jun/2026:09:36:39 +0530] "GET /index.html HTTP/1.1" 301 11573 "https://google.com/" "Mozilla/5.0 (X11; Linux x86_64) Firefox/125.0"
103.48.198.141 - - [19/Jun/2026:09:37:02 +0530] "GET /assets/logo.png HTTP/1.1" 200 6777 "https://example.com/login" "Mozilla/5.0 (iPhone; CPU iPhone OS 17_4 like Mac OS X) Mobile/15E148 Safari/604.1"
9.9.9.9 - - [19/Jun/2026:09:37:08 +0530] "POST /assets/app.js HTTP/1.1" 200 19085 "https://example.com/products" "Mozilla/5.0 (X11; Linux x86_64) Firefox/125.0"
66.249.66.1 - - [19/Jun/2026:09:37:11 +0530] "POST /products.php?id=12 HTTP/1.1" 200 18794 "-" "Mozilla/5.0 (iPhone; CPU iPhone OS 17_4 like Mac OS X) Mobile/15E148 Safari/604.1"
9.9.9.9 - - [19/Jun/2026:09:37:23 +0530] "GET /contact HTTP/1.1" 404 6480 "https://google.com/" "Mozilla/5.0 (X11; Linux x86_64) Firefox/125.0"
66.249.66.1 - - [19/Jun/2026:09:37:47 +0530] "GET /api/products HTTP/1.1" 200 20810 "-" "Mozilla/5.0 (X11; Linux x86_64) Firefox/125.0"
8.8.8.8 - - [19/Jun/2026:09:38:04 +0530] "GET /api/cart HTTP/1.1" 200 3203 "https://example.com/products" "Mozilla/5.0 (X11; Linux x86_64) Firefox/125.0"
9.9.9.9 - - [19/Jun/2026:09:38:20 +0530] "GET /about HTTP/1.1" 302 12238 "https://google.com/" "Mozilla/5.0 (X11; Linux x86_64) Firefox/125.0"
45.79.118.42 - - [19/Jun/2026:09:38:28 +0530] "POST /login HTTP/1.1" 200 24713 "https://example.com/products" "Mozilla/5.0 (Windows NT 10.0; Win64; x64) AppleWebKit/537.36 Chrome/124.0 Safari/537.36"
8.8.8.8 - - [19/Jun/2026:09:38:45 +0530] "GET /login HTTP/1.1" 200 22411 "https://example.com/login" "Mozilla/5.0 (X11; Linux x86_64) Firefox/125.0"
103.48.198.141 - - [19/Jun/2026:09:38:50 +0530] "GET /products.php?id=12 HTTP/1.1" 302 4299 "https://example.com/login" "Mozilla/5.0 (X11; Linux x86_64) Firefox/125.0"
66.249.66.1 - - [19/Jun/2026:09:39:14 +0530] "GET /assets/app.js HTTP/1.1" 301 21173 "https://example.com/products" "Mozilla/5.0 (Windows NT 10.0; Win64; x64) AppleWebKit/537.36 Chrome/124.0 Safari/537.36"
9.9.9.9 - - [19/Jun/2026:09:39:38 +0530] "POST / HTTP/1.1" 302 18646 "https://example.com/products" "Mozilla/5.0 (Macintosh; Intel Mac OS X 10_15_7) Safari/605.1.15"
8.8.8.8 - - [19/Jun/2026:09:40:01 +0530] "POST /wp-admin/ HTTP/1.1" 404 10152 "https://example.com/login" "Mozilla/5.0 (Windows NT 10.0; Win64; x64) AppleWebKit/537.36 Chrome/124.0 Safari/537.36"
8.8.8.8 - - [19/Jun/2026:09:40:08 +0530] "GET /products.php?id=12 HTTP/1.1" 301 4055 "-" "Mozilla/5.0 (Macintosh; Intel Mac OS X 10_15_7) Safari/605.1.15"
51.15.76.10 - - [19/Jun/2026:09:40:28 +0530] "GET /profile.php?next=javascript:alert(1) HTTP/1.1" 302 764 "-" "Mozilla/5.0 (X11; Linux x86_64) Firefox/125.0"
66.249.66.1 - - [19/Jun/2026:09:40:52 +0530] "POST /assets/app.js HTTP/1.1" 404 24059 "https://example.com/" "Mozilla/5.0 (iPhone; CPU iPhone OS 17_4 like Mac OS X) Mobile/15E148 Safari/604.1"
8.8.8.8 - - [19/Jun/2026:09:41:15 +0530] "POST /assets/app.js HTTP/1.1" 301 9416 "-" "Mozilla/5.0 (X11; Linux x86_64) Firefox/125.0"
103.48.198.141 - - [19/Jun/2026:09:41:24 +0530] "POST /contact HTTP/1.1" 200 3505 "https://example.com/products" "Mozilla/5.0 (X11; Linux x86_64) Firefox/125.0"
103.48.198.141 - - [19/Jun/2026:09:41:28 +0530] "GET /contact HTTP/1.1" 200 15150 "-" "Mozilla/5.0 (Macintosh; Intel Mac OS X 10_15_7) Safari/605.1.15"
66.249.66.1 - - [19/Jun/2026:09:41:51 +0530] "GET / HTTP/1.1" 200 8231 "https://example.com/" "Mozilla/5.0 (Macintosh; Intel Mac OS X 10_15_7) Safari/605.1.15"
208.67.222.222 - - [19/Jun/2026:09:41:56 +0530] "GET /assets/app.js HTTP/1.1" 200 7884 "https://example.com/products" "Mozilla/5.0 (Macintosh; Intel Mac OS X 10_15_7) Safari/605.1.15"
8.8.8.8 - - [19/Jun/2026:09:42:18 +0530] "GET /admin/login.php HTTP/1.1" 200 4509 "https://google.com/" "Mozilla/5.0 (X11; Linux x86_64) Firefox/125.0"
8.8.8.8 - - [19/Jun/2026:09:42:26 +0530] "GET /about HTTP/1.1" 200 11988 "https://example.com/" "Mozilla/5.0 (X11; Linux x86_64) Firefox/125.0"
9.9.9.9 - - [19/Jun/2026:09:42:29 +0530] "GET / HTTP/1.1" 200 24554 "https://example.com/login" "Mozilla/5.0 (Windows NT 10.0; Win64; x64) AppleWebKit/537.36 Chrome/124.0 Safari/537.36"
103.48.198.141 - - [19/Jun/2026:09:42:34 +0530] "POST /login HTTP/1.1" 200 17067 "https://google.com/" "Mozilla/5.0 (Windows NT 10.0; Win64; x64) AppleWebKit/537.36 Chrome/124.0 Safari/537.36"
208.67.222.222 - - [19/Jun/2026:09:42:51 +0530] "GET /assets/app.js HTTP/1.1" 200 24080 "https://google.com/" "Mozilla/5.0 (X11; Linux x86_64) Firefox/125.0"
66.249.66.1 - - [19/Jun/2026:09:43:08 +0530] "GET / HTTP/1.1" 301 13410 "https://example.com/login" "Mozilla/5.0 (Windows NT 10.0; Win64; x64) AppleWebKit/537.36 Chrome/124.0 Safari/537.36"
66.249.66.1 - - [19/Jun/2026:09:43:26 +0530] "POST /index.html HTTP/1.1" 200 10804 "https://google.com/" "Mozilla/5.0 (Macintosh; Intel Mac OS X 10_15_7) Safari/605.1.15"
9.9.9.9 - - [19/Jun/2026:09:43:31 +0530] "GET /assets/app.js HTTP/1.1" 404 19431 "https://google.com/" "Mozilla/5.0 (X11; Linux x86_64) Firefox/125.0"
208.67.222.222 - - [19/Jun/2026:09:43:46 +0530] "GET /assets/logo.png HTTP/1.1" 302 20088 "https://example.com/login" "Mozilla/5.0 (Windows NT 10.0; Win64; x64) AppleWebKit/537.36 Chrome/124.0 Safari/537.36"
8.8.8.8 - - [19/Jun/2026:09:44:11 +0530] "GET /blog/nginx-basic-hardening HTTP/1.1" 301 7737 "https://example.com/login" "Mozilla/5.0 (X11; Linux x86_64) Firefox/125.0"
103.48.198.141 - - [19/Jun/2026:09:44:28 +0530] "POST /api/cart HTTP/1.1" 200 10491 "https://example.com/login" "Mozilla/5.0 (X11; Linux x86_64) Firefox/125.0"
45.79.118.42 - - [19/Jun/2026:09:44:52 +0530] "GET /about HTTP/1.1" 404 15790 "-" "Mozilla/5.0 (Windows NT 10.0; Win64; x64) AppleWebKit/537.36 Chrome/124.0 Safari/537.36"
8.8.8.8 - - [19/Jun/2026:09:44:57 +0530] "POST /index.html HTTP/1.1" 404 24458 "https://example.com/products" "Mozilla/5.0 (Macintosh; Intel Mac OS X 10_15_7) Safari/605.1.15"
8.8.8.8 - - [19/Jun/2026:09:45:17 +0530] "GET /api/products HTTP/1.1" 200 13711 "https://example.com/products" "Mozilla/5.0 (iPhone; CPU iPhone OS 17_4 like Mac OS X) Mobile/15E148 Safari/604.1"
45.79.118.42 - - [19/Jun/2026:09:45:21 +0530] "GET /products.php?id=18 HTTP/1.1" 200 19187 "https://google.com/" "Mozilla/5.0 (Macintosh; Intel Mac OS X 10_15_7) Safari/605.1.15"
66.249.66.1 - - [19/Jun/2026:09:45:28 +0530] "POST /contact HTTP/1.1" 200 11722 "https://google.com/" "Mozilla/5.0 (X11; Linux x86_64) Firefox/125.0"
45.79.118.42 - - [19/Jun/2026:09:45:34 +0530] "GET /login HTTP/1.1" 301 18631 "https://google.com/" "Mozilla/5.0 (Windows NT 10.0; Win64; x64) AppleWebKit/537.36 Chrome/124.0 Safari/537.36"
66.249.66.1 - - [19/Jun/2026:09:45:56 +0530] "GET / HTTP/1.1" 200 9204 "https://example.com/products" "Mozilla/5.0 (X11; Linux x86_64) Firefox/125.0"
8.8.8.8 - - [19/Jun/2026:09:46:10 +0530] "GET /admin/login.php HTTP/1.1" 200 18807 "https://example.com/login" "Mozilla/5.0 (Windows NT 10.0; Win64; x64) AppleWebKit/537.36 Chrome/124.0 Safari/537.36"
66.249.66.1 - - [19/Jun/2026:09:46:17 +0530] "GET /index.html HTTP/1.1" 404 17632 "https://example.com/" "Mozilla/5.0 (iPhone; CPU iPhone OS 17_4 like Mac OS X) Mobile/15E148 Safari/604.1"
103.48.198.141 - - [19/Jun/2026:09:46:33 +0530] "GET /about HTTP/1.1" 200 10461 "https://example.com/products" "Mozilla/5.0 (Windows NT 10.0; Win64; x64) AppleWebKit/537.36 Chrome/124.0 Safari/537.36"
9.9.9.9 - - [19/Jun/2026:09:46:37 +0530] "GET /login HTTP/1.1" 302 1880 "-" "Mozilla/5.0 (X11; Linux x86_64) Firefox/125.0"
66.249.66.1 - - [19/Jun/2026:09:46:54 +0530] "POST /assets/logo.png HTTP/1.1" 302 14734 "https://example.com/login" "Mozilla/5.0 (X11; Linux x86_64) Firefox/125.0"
208.67.222.222 - - [19/Jun/2026:09:47:03 +0530] "GET /products.php?id=18 HTTP/1.1" 301 3883 "https://example.com/products" "Mozilla/5.0 (iPhone; CPU iPhone OS 17_4 like Mac OS X) Mobile/15E148 Safari/604.1"
66.249.66.1 - - [19/Jun/2026:09:47:22 +0530] "GET / HTTP/1.1" 200 13201 "https://google.com/" "Mozilla/5.0 (Windows NT 10.0; Win64; x64) AppleWebKit/537.36 Chrome/124.0 Safari/537.36"
9.9.9.9 - - [19/Jun/2026:09:47:25 +0530] "GET /contact HTTP/1.1" 200 8622 "https://example.com/products" "Mozilla/5.0 (X11; Linux x86_64) Firefox/125.0"
8.8.8.8 - - [19/Jun/2026:09:47:31 +0530] "POST /api/cart HTTP/1.1" 301 6007 "https://example.com/" "Mozilla/5.0 (iPhone; CPU iPhone OS 17_4 like Mac OS X) Mobile/15E148 Safari/604.1"
66.249.66.1 - - [19/Jun/2026:09:47:51 +0530] "GET /assets/main.css HTTP/1.1" 302 22140 "https://example.com/products" "Mozilla/5.0 (Windows NT 10.0; Win64; x64) AppleWebKit/537.36 Chrome/124.0 Safari/537.36"
45.33.32.156 - - [19/Jun/2026:09:48:06 +0530] "GET /products.php?id=12%27%20OR%201%3D1-- HTTP/1.1" 403 299 "-" "Mozilla/5.0 (X11; Linux x86_64) Firefox/125.0"
45.79.118.42 - - [19/Jun/2026:09:48:11 +0530] "POST /assets/app.js HTTP/1.1" 301 23498 "https://example.com/login" "Mozilla/5.0 (X11; Linux x86_64) Firefox/125.0"
103.48.198.141 - - [19/Jun/2026:09:48:17 +0530] "GET /products.php?id=18 HTTP/1.1" 200 20504 "https://example.com/login" "Mozilla/5.0 (X11; Linux x86_64) Firefox/125.0"
103.48.198.141 - - [19/Jun/2026:09:48:22 +0530] "GET /contact HTTP/1.1" 301 19546 "https://example.com/login" "Mozilla/5.0 (Windows NT 10.0; Win64; x64) AppleWebKit/537.36 Chrome/124.0 Safari/537.36"
45.79.118.42 - - [19/Jun/2026:09:48:37 +0530] "GET /contact HTTP/1.1" 200 5759 "-" "Mozilla/5.0 (Windows NT 10.0; Win64; x64) AppleWebKit/537.36 Chrome/124.0 Safari/537.36"
208.67.222.222 - - [19/Jun/2026:09:48:56 +0530] "GET /wp-admin/ HTTP/1.1" 200 11754 "https://example.com/" "Mozilla/5.0 (Macintosh; Intel Mac OS X 10_15_7) Safari/605.1.15"
9.9.9.9 - - [19/Jun/2026:09:49:02 +0530] "GET /contact HTTP/1.1" 200 19989 "https://example.com/" "Mozilla/5.0 (Windows NT 10.0; Win64; x64) AppleWebKit/537.36 Chrome/124.0 Safari/537.36"
66.249.66.1 - - [19/Jun/2026:09:49:10 +0530] "POST /assets/logo.png HTTP/1.1" 302 19238 "https://example.com/login" "Mozilla/5.0 (X11; Linux x86_64) Firefox/125.0"
45.79.118.42 - - [19/Jun/2026:09:49:33 +0530] "GET /assets/logo.png HTTP/1.1" 200 15615 "https://example.com/login" "Mozilla/5.0 (X11; Linux x86_64) Firefox/125.0"
208.67.222.222 - - [19/Jun/2026:09:49:44 +0530] "GET /products.php?id=18 HTTP/1.1" 302 2681 "https://example.com/products" "Mozilla/5.0 (iPhone; CPU iPhone OS 17_4 like Mac OS X) Mobile/15E148 Safari/604.1"
8.8.8.8 - - [19/Jun/2026:09:50:01 +0530] "GET /products.php?id=18 HTTP/1.1" 200 2764 "-" "Mozilla/5.0 (iPhone; CPU iPhone OS 17_4 like Mac OS X) Mobile/15E148 Safari/604.1"
208.67.222.222 - - [19/Jun/2026:09:50:18 +0530] "GET /assets/logo.png HTTP/1.1" 302 21609 "https://example.com/" "Mozilla/5.0 (X11; Linux x86_64) Firefox/125.0"
103.48.198.141 - - [19/Jun/2026:09:50:40 +0530] "GET / HTTP/1.1" 301 3641 "https://example.com/products" "Mozilla/5.0 (Windows NT 10.0; Win64; x64) AppleWebKit/537.36 Chrome/124.0 Safari/537.36"
66.249.66.1 - - [19/Jun/2026:09:50:59 +0530] "GET / HTTP/1.1" 200 23437 "https://example.com/login" "Mozilla/5.0 (iPhone; CPU iPhone OS 17_4 like Mac OS X) Mobile/15E148 Safari/604.1"
208.67.222.222 - - [19/Jun/2026:09:51:18 +0530] "GET /products.php?id=18 HTTP/1.1" 200 9519 "https://example.com/login" "Mozilla/5.0 (iPhone; CPU iPhone OS 17_4 like Mac OS X) Mobile/15E148 Safari/604.1"
66.249.66.1 - - [19/Jun/2026:09:51:31 +0530] "GET /login HTTP/1.1" 404 21460 "https://example.com/products" "Mozilla/5.0 (Windows NT 10.0; Win64; x64) AppleWebKit/537.36 Chrome/124.0 Safari/537.36"
8.8.8.8 - - [19/Jun/2026:09:51:44 +0530] "POST /products.php?id=12 HTTP/1.1" 200 23965 "https://google.com/" "Mozilla/5.0 (Macintosh; Intel Mac OS X 10_15_7) Safari/605.1.15"
185.220.101.1 - - [19/Jun/2026:09:51:57 +0530] "GET /download.php?file=../../../../etc/passwd HTTP/1.1" 404 559 "-" "Mozilla/5.0 (X11; Linux x86_64) Firefox/125.0"
45.79.118.42 - - [19/Jun/2026:09:52:11 +0530] "POST /about HTTP/1.1" 302 23477 "-" "Mozilla/5.0 (X11; Linux x86_64) Firefox/125.0"
103.48.198.141 - - [19/Jun/2026:09:52:31 +0530] "GET /admin/login.php HTTP/1.1" 200 22208 "https://google.com/" "Mozilla/5.0 (Windows NT 10.0; Win64; x64) AppleWebKit/537.36 Chrome/124.0 Safari/537.36"
66.249.66.1 - - [19/Jun/2026:09:52:54 +0530] "POST /assets/main.css HTTP/1.1" 200 847 "https://example.com/products" "Mozilla/5.0 (X11; Linux x86_64) Firefox/125.0"
9.9.9.9 - - [19/Jun/2026:09:53:02 +0530] "GET /login HTTP/1.1" 301 6541 "https://example.com/" "Mozilla/5.0 (Macintosh; Intel Mac OS X 10_15_7) Safari/605.1.15"
8.8.8.8 - - [19/Jun/2026:09:53:09 +0530] "GET /admin/login.php HTTP/1.1" 200 16885 "https://google.com/" "Mozilla/5.0 (Windows NT 10.0; Win64; x64) AppleWebKit/537.36 Chrome/124.0 Safari/537.36"
45.79.118.42 - - [19/Jun/2026:09:53:33 +0530] "GET /assets/app.js HTTP/1.1" 301 5304 "https://example.com/" "Mozilla/5.0 (Macintosh; Intel Mac OS X 10_15_7) Safari/605.1.15"
208.67.222.222 - - [19/Jun/2026:09:53:58 +0530] "GET /api/cart HTTP/1.1" 301 1681 "https://example.com/login" "Mozilla/5.0 (X11; Linux x86_64) Firefox/125.0"
66.249.66.1 - - [19/Jun/2026:09:54:22 +0530] "GET /assets/logo.png HTTP/1.1" 302 9586 "https://example.com/login" "Mozilla/5.0 (Macintosh; Intel Mac OS X 10_15_7) Safari/605.1.15"
9.9.9.9 - - [19/Jun/2026:09:54:42 +0530] "GET /login HTTP/1.1" 301 6607 "https://example.com/products" "Mozilla/5.0 (iPhone; CPU iPhone OS 17_4 like Mac OS X) Mobile/15E148 Safari/604.1"
45.79.118.42 - - [19/Jun/2026:09:54:59 +0530] "POST /assets/main.css HTTP/1.1" 302 13968 "https://example.com/" "Mozilla/5.0 (Macintosh; Intel Mac OS X 10_15_7) Safari/605.1.15"
9.9.9.9 - - [19/Jun/2026:09:55:21 +0530] "GET / HTTP/1.1" 404 15997 "https://example.com/products" "Mozilla/5.0 (Windows NT 10.0; Win64; x64) AppleWebKit/537.36 Chrome/124.0 Safari/537.36"
208.67.222.222 - - [19/Jun/2026:09:55:46 +0530] "GET /products.php?id=12 HTTP/1.1" 200 5503 "https://example.com/products" "Mozilla/5.0 (iPhone; CPU iPhone OS 17_4 like Mac OS X) Mobile/15E148 Safari/604.1"
9.9.9.9 - - [19/Jun/2026:09:56:05 +0530] "POST /index.html HTTP/1.1" 200 15032 "https://example.com/products" "Mozilla/5.0 (Windows NT 10.0; Win64; x64) AppleWebKit/537.36 Chrome/124.0 Safari/537.36"
8.8.8.8 - - [19/Jun/2026:09:56:21 +0530] "POST /assets/main.css HTTP/1.1" 200 7975 "https://example.com/login" "Mozilla/5.0 (Windows NT 10.0; Win64; x64) AppleWebKit/537.36 Chrome/124.0 Safari/537.36"
9.9.9.9 - - [19/Jun/2026:09:56:35 +0530] "GET /products.php?id=18 HTTP/1.1" 200 23669 "https://example.com/products" "Mozilla/5.0 (Macintosh; Intel Mac OS X 10_15_7) Safari/605.1.15"
8.8.8.8 - - [19/Jun/2026:09:56:42 +0530] "GET /wp-admin/ HTTP/1.1" 301 23058 "https://example.com/" "Mozilla/5.0 (iPhone; CPU iPhone OS 17_4 like Mac OS X) Mobile/15E148 Safari/604.1"
208.67.222.222 - - [19/Jun/2026:09:56:59 +0530] "GET /wp-admin/ HTTP/1.1" 200 872 "https://example.com/products" "Mozilla/5.0 (Macintosh; Intel Mac OS X 10_15_7) Safari/605.1.15"
208.67.222.222 - - [19/Jun/2026:09:57:06 +0530] "POST /index.html HTTP/1.1" 200 8036 "https://example.com/products" "Mozilla/5.0 (Windows NT 10.0; Win64; x64) AppleWebKit/537.36 Chrome/124.0 Safari/537.36"
9.9.9.9 - - [19/Jun/2026:09:57:10 +0530] "POST /api/products HTTP/1.1" 302 15228 "-" "Mozilla/5.0 (Windows NT 10.0; Win64; x64) AppleWebKit/537.36 Chrome/124.0 Safari/537.36"
208.67.222.222 - - [19/Jun/2026:09:57:28 +0530] "GET /api/products HTTP/1.1" 302 19093 "https://example.com/" "Mozilla/5.0 (Macintosh; Intel Mac OS X 10_15_7) Safari/605.1.15"
103.48.198.141 - - [19/Jun/2026:09:57:40 +0530] "GET /assets/app.js HTTP/1.1" 200 8132 "https://google.com/" "Mozilla/5.0 (iPhone; CPU iPhone OS 17_4 like Mac OS X) Mobile/15E148 Safari/604.1"
66.249.66.1 - - [19/Jun/2026:09:57:48 +0530] "GET /assets/main.css HTTP/1.1" 200 2467 "https://google.com/" "Mozilla/5.0 (Windows NT 10.0; Win64; x64) AppleWebKit/537.36 Chrome/124.0 Safari/537.36"
103.48.198.141 - - [19/Jun/2026:09:58:03 +0530] "GET /api/products HTTP/1.1" 301 12482 "https://example.com/products" "Mozilla/5.0 (Windows NT 10.0; Win64; x64) AppleWebKit/537.36 Chrome/124.0 Safari/537.36"
8.8.8.8 - - [19/Jun/2026:09:58:17 +0530] "GET /contact HTTP/1.1" 404 21781 "-" "Mozilla/5.0 (X11; Linux x86_64) Firefox/125.0"
8.8.8.8 - - [19/Jun/2026:09:58:24 +0530] "GET /assets/main.css HTTP/1.1" 200 21313 "https://example.com/" "Mozilla/5.0 (iPhone; CPU iPhone OS 17_4 like Mac OS X) Mobile/15E148 Safari/604.1"
103.48.198.141 - - [19/Jun/2026:09:58:49 +0530] "GET /login HTTP/1.1" 200 2317 "https://example.com/login" "Mozilla/5.0 (Windows NT 10.0; Win64; x64) AppleWebKit/537.36 Chrome/124.0 Safari/537.36"
9.9.9.9 - - [19/Jun/2026:09:59:01 +0530] "GET /login HTTP/1.1" 200 1623 "https://example.com/products" "Mozilla/5.0 (X11; Linux x86_64) Firefox/125.0"
103.48.198.141 - - [19/Jun/2026:09:59:20 +0530] "POST /products.php?id=12 HTTP/1.1" 200 24933 "https://example.com/" "Mozilla/5.0 (X11; Linux x86_64) Firefox/125.0"
8.8.8.8 - - [19/Jun/2026:09:59:34 +0530] "GET /products.php?id=12 HTTP/1.1" 200 12309 "https://example.com/login" "Mozilla/5.0 (iPhone; CPU iPhone OS 17_4 like Mac OS X) Mobile/15E148 Safari/604.1"
103.48.198.141 - - [19/Jun/2026:09:59:51 +0530] "GET /about HTTP/1.1" 301 22927 "https://example.com/login" "Mozilla/5.0 (X11; Linux x86_64) Firefox/125.0"
51.15.76.10 - - [19/Jun/2026:10:00:10 +0530] "GET /contact.php?name=%22%3E%3Cimg%20src=x%20onerror=alert(1)%3E HTTP/1.1" 200 1044 "-" "Mozilla/5.0 (iPhone; CPU iPhone OS 17_4 like Mac OS X) Mobile/15E148 Safari/604.1"
103.48.198.141 - - [19/Jun/2026:10:00:15 +0530] "GET /assets/main.css HTTP/1.1" 200 10775 "-" "Mozilla/5.0 (Windows NT 10.0; Win64; x64) AppleWebKit/537.36 Chrome/124.0 Safari/537.36"
66.249.66.1 - - [19/Jun/2026:10:00:28 +0530] "GET /products.php?id=12 HTTP/1.1" 301 19996 "https://example.com/login" "Mozilla/5.0 (Macintosh; Intel Mac OS X 10_15_7) Safari/605.1.15"
103.48.198.141 - - [19/Jun/2026:10:00:53 +0530] "GET /assets/logo.png HTTP/1.1" 200 24066 "https://example.com/products" "Mozilla/5.0 (iPhone; CPU iPhone OS 17_4 like Mac OS X) Mobile/15E148 Safari/604.1"
66.249.66.1 - - [19/Jun/2026:10:01:04 +0530] "GET /index.html HTTP/1.1" 404 21140 "https://example.com/login" "Mozilla/5.0 (X11; Linux x86_64) Firefox/125.0"
66.249.66.1 - - [19/Jun/2026:10:01:23 +0530] "GET / HTTP/1.1" 200 20158 "https://example.com/login" "Mozilla/5.0 (Windows NT 10.0; Win64; x64) AppleWebKit/537.36 Chrome/124.0 Safari/537.36"
8.8.8.8 - - [19/Jun/2026:10:01:30 +0530] "GET /login HTTP/1.1" 404 12253 "https://example.com/products" "Mozilla/5.0 (iPhone; CPU iPhone OS 17_4 like Mac OS X) Mobile/15E148 Safari/604.1"
8.8.8.8 - - [19/Jun/2026:10:01:51 +0530] "GET /api/products HTTP/1.1" 301 12405 "https://example.com/products" "Mozilla/5.0 (iPhone; CPU iPhone OS 17_4 like Mac OS X) Mobile/15E148 Safari/604.1"
208.67.222.222 - - [19/Jun/2026:10:01:56 +0530] "GET /assets/main.css HTTP/1.1" 200 13292 "https://example.com/products" "Mozilla/5.0 (X11; Linux x86_64) Firefox/125.0"
8.8.8.8 - - [19/Jun/2026:10:02:06 +0530] "GET /api/cart HTTP/1.1" 200 16602 "https://google.com/" "Mozilla/5.0 (iPhone; CPU iPhone OS 17_4 like Mac OS X) Mobile/15E148 Safari/604.1"
8.8.8.8 - - [19/Jun/2026:10:02:26 +0530] "GET /login HTTP/1.1" 200 23319 "https://example.com/login" "Mozilla/5.0 (Macintosh; Intel Mac OS X 10_15_7) Safari/605.1.15"
45.79.118.42 - - [19/Jun/2026:10:02:48 +0530] "POST /contact HTTP/1.1" 200 4697 "-" "Mozilla/5.0 (iPhone; CPU iPhone OS 17_4 like Mac OS X) Mobile/15E148 Safari/604.1"
66.249.66.1 - - [19/Jun/2026:10:02:56 +0530] "POST /index.html HTTP/1.1" 404 10722 "https://example.com/products" "Mozilla/5.0 (Windows NT 10.0; Win64; x64) AppleWebKit/537.36 Chrome/124.0 Safari/537.36"
208.67.222.222 - - [19/Jun/2026:10:03:16 +0530] "GET /wp-admin/ HTTP/1.1" 200 5411 "https://example.com/" "Mozilla/5.0 (X11; Linux x86_64) Firefox/125.0"
9.9.9.9 - - [19/Jun/2026:10:03:35 +0530] "GET /contact HTTP/1.1" 200 8007 "https://example.com/login" "Mozilla/5.0 (Windows NT 10.0; Win64; x64) AppleWebKit/537.36 Chrome/124.0 Safari/537.36"
208.67.222.222 - - [19/Jun/2026:10:03:49 +0530] "GET /assets/logo.png HTTP/1.1" 302 4502 "https://google.com/" "Mozilla/5.0 (Windows NT 10.0; Win64; x64) AppleWebKit/537.36 Chrome/124.0 Safari/537.36"
45.79.118.42 - - [19/Jun/2026:10:03:54 +0530] "POST /api/cart HTTP/1.1" 404 15934 "https://google.com/" "Mozilla/5.0 (iPhone; CPU iPhone OS 17_4 like Mac OS X) Mobile/15E148 Safari/604.1"
208.67.222.222 - - [19/Jun/2026:10:04:10 +0530] "GET /about HTTP/1.1" 200 21298 "-" "Mozilla/5.0 (iPhone; CPU iPhone OS 17_4 like Mac OS X) Mobile/15E148 Safari/604.1"
66.249.66.1 - - [19/Jun/2026:10:04:27 +0530] "GET /about HTTP/1.1" 302 21214 "https://google.com/" "Mozilla/5.0 (Macintosh; Intel Mac OS X 10_15_7) Safari/605.1.15"
45.33.32.156 - - [19/Jun/2026:10:04:34 +0530] "GET /item.php?id=5%27%20OR%20%271%27%3D%271 HTTP/1.1" 500 336 "-" "sqlmap/1.8.4#stable (https://sqlmap.org)"
9.9.9.9 - - [19/Jun/2026:10:04:53 +0530] "GET /about HTTP/1.1" 200 10822 "https://example.com/" "Mozilla/5.0 (X11; Linux x86_64) Firefox/125.0"
45.79.118.42 - - [19/Jun/2026:10:05:12 +0530] "GET /products.php?id=12 HTTP/1.1" 200 21059 "https://google.com/" "Mozilla/5.0 (X11; Linux x86_64) Firefox/125.0"
66.249.66.1 - - [19/Jun/2026:10:05:19 +0530] "GET /assets/app.js HTTP/1.1" 302 3311 "https://google.com/" "Mozilla/5.0 (Macintosh; Intel Mac OS X 10_15_7) Safari/605.1.15"
208.67.222.222 - - [19/Jun/2026:10:05:40 +0530] "GET /about HTTP/1.1" 404 20712 "https://google.com/" "Mozilla/5.0 (X11; Linux x86_64) Firefox/125.0"
8.8.8.8 - - [19/Jun/2026:10:06:01 +0530] "GET /index.html HTTP/1.1" 200 21269 "https://google.com/" "Mozilla/5.0 (X11; Linux x86_64) Firefox/125.0"
9.9.9.9 - - [19/Jun/2026:10:06:24 +0530] "POST /assets/app.js HTTP/1.1" 404 1242 "https://example.com/login" "Mozilla/5.0 (X11; Linux x86_64) Firefox/125.0"
45.79.118.42 - - [19/Jun/2026:10:06:47 +0530] "POST /contact HTTP/1.1" 404 13556 "https://example.com/products" "Mozilla/5.0 (iPhone; CPU iPhone OS 17_4 like Mac OS X) Mobile/15E148 Safari/604.1"
66.249.66.1 - - [19/Jun/2026:10:06:52 +0530] "GET /about HTTP/1.1" 301 13869 "https://example.com/login" "Mozilla/5.0 (iPhone; CPU iPhone OS 17_4 like Mac OS X) Mobile/15E148 Safari/604.1"
45.79.118.42 - - [19/Jun/2026:10:07:01 +0530] "GET /products.php?id=18 HTTP/1.1" 404 10713 "https://example.com/products" "Mozilla/5.0 (iPhone; CPU iPhone OS 17_4 like Mac OS X) Mobile/15E148 Safari/604.1"
45.79.118.42 - - [19/Jun/2026:10:07:08 +0530] "GET /products.php?id=18 HTTP/1.1" 200 15535 "-" "Mozilla/5.0 (X11; Linux x86_64) Firefox/125.0"
9.9.9.9 - - [19/Jun/2026:10:07:25 +0530] "GET /index.html HTTP/1.1" 200 9759 "https://example.com/login" "Mozilla/5.0 (iPhone; CPU iPhone OS 17_4 like Mac OS X) Mobile/15E148 Safari/604.1"
185.220.101.1 - - [19/Jun/2026:10:07:35 +0530] "POST /login HTTP/1.1" 401 180 "https://example.com/login" "Mozilla/5.0 (X11; Linux x86_64) Firefox/115.0"
185.220.101.1 - - [19/Jun/2026:10:07:48 +0530] "POST /login HTTP/1.1" 401 233 "https://example.com/login" "Mozilla/5.0 (X11; Linux x86_64) Firefox/115.0"
185.220.101.1 - - [19/Jun/2026:10:08:01 +0530] "POST /login HTTP/1.1" 401 184 "https://example.com/login" "Mozilla/5.0 (X11; Linux x86_64) Firefox/115.0"
