185.220.101.1 - - [19/Jun/2026:10:08:09 +0530] "POST /login HTTP/1.1" 401 223 "https://example.com/login" "Mozilla/5.0 (X11; Linux x86_64) Firefox/115.0"
185.220.101.1 - - [19/Jun/2026:10:08:28 +0530] "POST /login HTTP/1.1" 401 219 "https://example.com/login" "Mozilla/5.0 (X11; Linux x86_64) Firefox/115.0"
185.220.101.1 - - [19/Jun/2026:10:08:46 +0530] "POST /login HTTP/1.1" 401 199 "https://example.com/login" "Mozilla/5.0 (X11; Linux x86_64) Firefox/115.0"
185.220.101.1 - - [19/Jun/2026:10:09:04 +0530] "POST /login HTTP/1.1" 401 162 "https://example.com/login" "Mozilla/5.0 (X11; Linux x86_64) Firefox/115.0"
103.48.198.141 - - [19/Jun/2026:10:09:09 +0530] "POST /contact HTTP/1.1" 200 19365 "https://example.com/products" "Mozilla/5.0 (Windows NT 10.0; Win64; x64) AppleWebKit/537.36 Chrome/124.0 Safari/537.36"
45.79.118.42 - - [19/Jun/2026:10:09:13 +0530] "POST /assets/app.js HTTP/1.1" 404 22287 "https://example.com/login" "Mozilla/5.0 (X11; Linux x86_64) Firefox/125.0"
8.8.8.8 - - [19/Jun/2026:10:09:33 +0530] "GET /blog/nginx-basic-hardening HTTP/1.1" 200 8916 "https://example.com/products" "Mozilla/5.0 (iPhone; CPU iPhone OS 17_4 like Mac OS X) Mobile/15E148 Safari/604.1"
8.8.8.8 - - [19/Jun/2026:10:09:47 +0530] "POST / HTTP/1.1" 302 18659 "https://example.com/" "Mozilla/5.0 (X11; Linux x86_64) Firefox/125.0"
45.79.118.42 - - [19/Jun/2026:10:10:07 +0530] "GET /blog/nginx-basic-hardening HTTP/1.1" 302 15007 "https://google.com/" "Mozilla/5.0 (X11; Linux x86_64) Firefox/125.0"
66.249.66.1 - - [19/Jun/2026:10:10:29 +0530] "GET /about HTTP/1.1" 200 13157 "https://example.com/products" "Mozilla/5.0 (X11; Linux x86_64) Firefox/125.0"
45.79.118.42 - - [19/Jun/2026:10:10:49 +0530] "GET /contact HTTP/1.1" 302 16932 "https://example.com/login" "Mozilla/5.0 (Windows NT 10.0; Win64; x64) AppleWebKit/537.36 Chrome/124.0 Safari/537.36"
8.8.8.8 - - [19/Jun/2026:10:10:53 +0530] "GET /api/cart HTTP/1.1" 200 15773 "https://google.com/" "Mozilla/5.0 (iPhone; CPU iPhone OS 17_4 like Mac OS X) Mobile/15E148 Safari/604.1"
208.67.222.222 - - [19/Jun/2026:10:11:00 +0530] "GET /products.php?id=18 HTTP/1.1" 302 10687 "https://example.com/" "Mozilla/5.0 (iPhone; CPU iPhone OS 17_4 like Mac OS X) Mobile/15E148 Safari/604.1"
66.249.66.1 - - [19/Jun/2026:10:11:22 +0530] "GET /assets/app.js HTTP/1.1" 200 16873 "https://google.com/" "Mozilla/5.0 (iPhone; CPU iPhone OS 17_4 like Mac OS X) Mobile/15E148 Safari/604.1"
208.67.222.222 - - [19/Jun/2026:10:11:47 +0530] "GET /assets/logo.png HTTP/1.1" 200 12320 "https://example.com/products" "Mozilla/5.0 (Windows NT 10.0; Win64; x64) AppleWebKit/537.36 Chrome/124.0 Safari/537.36"
208.67.222.222 - - [19/Jun/2026:10:12:03 +0530] "GET /login HTTP/1.1" 404 22795 "-" "Mozilla/5.0 (iPhone; CPU iPhone OS 17_4 like Mac OS X) Mobile/15E148 Safari/604.1"
66.249.66.1 - - [19/Jun/2026:10:12:14 +0530] "GET /api/cart HTTP/1.1" 200 19370 "https://example.com/login" "Mozilla/5.0 (Macintosh; Intel Mac OS X 10_15_7) Safari/605.1.15"
66.249.66.1 - - [19/Jun/2026:10:12:33 +0530] "POST /about HTTP/1.1" 404 8186 "-" "Mozilla/5.0 (Windows NT 10.0; Win64; x64) AppleWebKit/537.36 Chrome/124.0 Safari/537.36"
8.8.8.8 - - [19/Jun/2026:10:12:42 +0530] "POST /products.php?id=18 HTTP/1.1" 301 5212 "https://example.com/login" "Mozilla/5.0 (Macintosh; Intel Mac OS X 10_15_7) Safari/605.1.15"
208.67.222.222 - - [19/Jun/2026:10:12:58 +0530] "POST /admin/login.php HTTP/1.1" 404 24085 "-" "Mozilla/5.0 (Macintosh; Intel Mac OS X 10_15_7) Safari/605.1.15"
9.9.9.9 - - [19/Jun/2026:10:13:17 +0530] "GET /api/products HTTP/1.1" 301 17468 "https://example.com/login" "Mozilla/5.0 (X11; Linux x86_64) Firefox/125.0"
103.48.198.141 - - [19/Jun/2026:10:13:25 +0530] "GET /assets/main.css HTTP/1.1" 200 22396 "https://example.com/products" "Mozilla/5.0 (iPhone; CPU iPhone OS 17_4 like Mac OS X) Mobile/15E148 Safari/604.1"
9.9.9.9 - - [19/Jun/2026:10:13:34 +0530] "GET /assets/main.css HTTP/1.1" 200 7618 "https://example.com/products" "Mozilla/5.0 (X11; Linux x86_64) Firefox/125.0"
9.9.9.9 - - [19/Jun/2026:10:13:59 +0530] "POST /products.php?id=18 HTTP/1.1" 301 11679 "https://google.com/" "Mozilla/5.0 (X11; Linux x86_64) Firefox/125.0"
8.8.8.8 - - [19/Jun/2026:10:14:11 +0530] "POST /wp-admin/ HTTP/1.1" 301 11559 "https://example.com/" "Mozilla/5.0 (X11; Linux x86_64) Firefox/125.0"
45.79.118.42 - - [19/Jun/2026:10:14:15 +0530] "GET /products.php?id=18 HTTP/1.1" 301 21744 "https://example.com/products" "Mozilla/5.0 (iPhone; CPU iPhone OS 17_4 like Mac OS X) Mobile/15E148 Safari/604.1"
9.9.9.9 - - [19/Jun/2026:10:14:24 +0530] "GET /wp-admin/ HTTP/1.1" 302 23062 "https://example.com/products" "Mozilla/5.0 (Macintosh; Intel Mac OS X 10_15_7) Safari/605.1.15"
208.67.222.222 - - [19/Jun/2026:10:14:30 +0530] "GET /contact HTTP/1.1" 200 22199 "https://google.com/" "Mozilla/5.0 (Macintosh; Intel Mac OS X 10_15_7) Safari/605.1.15"
9.9.9.9 - - [19/Jun/2026:10:14:53 +0530] "GET /index.html HTTP/1.1" 301 11073 "https://example.com/login" "Mozilla/5.0 (Windows NT 10.0; Win64; x64) AppleWebKit/537.36 Chrome/124.0 Safari/537.36"
9.9.9.9 - - [19/Jun/2026:10:15:17 +0530] "GET /assets/main.css HTTP/1.1" 200 13583 "https://example.com/login" "Mozilla/5.0 (iPhone; CPU iPhone OS 17_4 like Mac OS X) Mobile/15E148 Safari/604.1"
9.9.9.9 - - [19/Jun/2026:10:15:40 +0530] "GET /products.php?id=18 HTTP/1.1" 200 21414 "-" "Mozilla/5.0 (Windows NT 10.0; Win64; x64) AppleWebKit/537.36 Chrome/124.0 Safari/537.36"
208.67.222.222 - - [19/Jun/2026:10:16:03 +0530] "GET /assets/main.css HTTP/1.1" 404 23945 "-" "Mozilla/5.0 (Macintosh; Intel Mac OS X 10_15_7) Safari/605.1.15"
9.9.9.9 - - [19/Jun/2026:10:16:19 +0530] "GET /admin/login.php HTTP/1.1" 301 16482 "https://example.com/" "Mozilla/5.0 (X11; Linux x86_64) Firefox/125.0"
8.8.8.8 - - [19/Jun/2026:10:16:23 +0530] "GET /assets/app.js HTTP/1.1" 302 3766 "https://example.com/products" "Mozilla/5.0 (X11; Linux x86_64) Firefox/125.0"
66.249.66.1 - - [19/Jun/2026:10:16:40 +0530] "POST /wp-admin/ HTTP/1.1" 200 16772 "https://example.com/login" "Mozilla/5.0 (X11; Linux x86_64) Firefox/125.0"
8.8.8.8 - - [19/Jun/2026:10:16:49 +0530] "GET /about HTTP/1.1" 404 15287 "https://example.com/products" "Mozilla/5.0 (Macintosh; Intel Mac OS X 10_15_7) Safari/605.1.15"
66.249.66.1 - - [19/Jun/2026:10:16:52 +0530] "GET /login HTTP/1.1" 200 18855 "https://example.com/" "Mozilla/5.0 (Macintosh; Intel Mac OS X 10_15_7) Safari/605.1.15"
66.249.66.1 - - [19/Jun/2026:10:17:14 +0530] "POST /admin/login.php HTTP/1.1" 301 17134 "https://example.com/products" "Mozilla/5.0 (Windows NT 10.0; Win64; x64) AppleWebKit/537.36 Chrome/124.0 Safari/537.36"
66.249.66.1 - - [19/Jun/2026:10:17:29 +0530] "GET /about HTTP/1.1" 200 15895 "https://example.com/products" "Mozilla/5.0 (Macintosh; Intel Mac OS X 10_15_7) Safari/605.1.15"
45.79.118.42 - - [19/Jun/2026:10:17:32 +0530] "POST /contact HTTP/1.1" 301 24949 "https://example.com/products" "Mozilla/5.0 (X11; Linux x86_64) Firefox/125.0"
208.67.222.222 - - [19/Jun/2026:10:17:44 +0530] "GET /products.php?id=12 HTTP/1.1" 404 12031 "https://example.com/" "Mozilla/5.0 (Windows NT 10.0; Win64; x64) AppleWebKit/537.36 Chrome/124.0 Safari/537.36"
8.8.8.8 - - [19/Jun/2026:10:18:08 +0530] "POST /products.php?id=12 HTTP/1.1" 200 13534 "https://google.com/" "Mozilla/5.0 (X11; Linux x86_64) Firefox/125.0"
8.8.8.8 - - [19/Jun/2026:10:18:33 +0530] "GET /products.php?id=18 HTTP/1.1" 302 7486 "https://example.com/" "Mozilla/5.0 (Macintosh; Intel Mac OS X 10_15_7) Safari/605.1.15"
9.9.9.9 - - [19/Jun/2026:10:18:51 +0530] "POST /api/cart HTTP/1.1" 302 12492 "https://example.com/login" "Mozilla/5.0 (iPhone; CPU iPhone OS 17_4 like Mac OS X) Mobile/15E148 Safari/604.1"
185.220.101.1 - - [19/Jun/2026:10:19:11 +0530] "GET /cgi-bin/%2e%2e/%2e%2e/%2e%2e/bin/sh HTTP/1.1" 400 568 "-" "Mozilla/5.0 (X11; Linux x86_64) Firefox/125.0"
103.48.198.141 - - [19/Jun/2026:10:19:30 +0530] "GET /index.html HTTP/1.1" 302 3926 "-" "Mozilla/5.0 (Macintosh; Intel Mac OS X 10_15_7) Safari/605.1.15"
208.67.222.222 - - [19/Jun/2026:10:19:51 +0530] "GET /about HTTP/1.1" 200 17300 "https://example.com/login" "Mozilla/5.0 (Windows NT 10.0; Win64; x64) AppleWebKit/537.36 Chrome/124.0 Safari/537.36"
9.9.9.9 - - [19/Jun/2026:10:20:15 +0530] "POST /index.html HTTP/1.1" 302 14847 "-" "Mozilla/5.0 (iPhone; CPU iPhone OS 17_4 like Mac OS X) Mobile/15E148 Safari/604.1"
208.67.222.222 - - [19/Jun/2026:10:20:22 +0530] "POST /assets/logo.png HTTP/1.1" 302 2141 "https://google.com/" "Mozilla/5.0 (iPhone; CPU iPhone OS 17_4 like Mac OS X) Mobile/15E148 Safari/604.1"
51.15.76.10 - - [19/Jun/2026:10:20:46 +0530] "GET /contact.php?name=%22%3E%3Cimg%20src=x%20onerror=alert(1)%3E HTTP/1.1" 403 322 "-" "Mozilla/5.0 (iPhone; CPU iPhone OS 17_4 like Mac OS X) Mobile/15E148 Safari/604.1"
8.8.8.8 - - [19/Jun/2026:10:20:57 +0530] "GET /assets/app.js HTTP/1.1" 200 1734 "https://example.com/login" "Mozilla/5.0 (X11; Linux x86_64) Firefox/125.0"
8.8.8.8 - - [19/Jun/2026:10:21:22 +0530] "GET /wp-admin/ HTTP/1.1" 200 15718 "-" "Mozilla/5.0 (X11; Linux x86_64) Firefox/125.0"
45.33.32.156 - - [19/Jun/2026:10:21:38 +0530] "GET /search.php?q=-1%20UNION%20SELECT%20username,password%20FROM%20users-- HTTP/1.1" 400 710 "-" "Mozilla/5.0 (X11; Linux x86_64) Firefox/125.0"
103.48.198.141 - - [19/Jun/2026:10:21:53 +0530] "POST /blog/nginx-basic-hardening HTTP/1.1" 200 22621 "https://google.com/" "Mozilla/5.0 (Macintosh; Intel Mac OS X 10_15_7) Safari/605.1.15"
45.79.118.42 - - [19/Jun/2026:10:22:16 +0530] "GET /about HTTP/1.1" 302 13129 "https://google.com/" "Mozilla/5.0 (Macintosh; Intel Mac OS X 10_15_7) Safari/605.1.15"
8.8.8.8 - - [19/Jun/2026:10:22:26 +0530] "GET /products.php?id=12 HTTP/1.1" 301 22319 "https://google.com/" "Mozilla/5.0 (iPhone; CPU iPhone OS 17_4 like Mac OS X) Mobile/15E148 Safari/604.1"
103.48.198.141 - - [19/Jun/2026:10:22:46 +0530] "GET /contact HTTP/1.1" 301 11592 "https://example.com/" "Mozilla/5.0 (X11; Linux x86_64) Firefox/125.0"
66.249.66.1 - - [19/Jun/2026:10:22:55 +0530] "GET / HTTP/1.1" 404 13987 "https://google.com/" "Mozilla/5.0 (Windows NT 10.0; Win64; x64) AppleWebKit/537.36 Chrome/124.0 Safari/537.36"
9.9.9.9 - - [19/Jun/2026:10:23:05 +0530] "GET /index.html HTTP/1.1" 302 1350 "https://example.com/login" "Mozilla/5.0 (Windows NT 10.0; Win64; x64) AppleWebKit/537.36 Chrome/124.0 Safari/537.36"
66.249.66.1 - - [19/Jun/2026:10:23:15 +0530] "GET /blog/nginx-basic-hardening HTTP/1.1" 301 7928 "https://google.com/" "Mozilla/5.0 (Macintosh; Intel Mac OS X 10_15_7) Safari/605.1.15"
9.9.9.9 - - [19/Jun/2026:10:23:19 +0530] "GET /contact HTTP/1.1" 404 19127 "https://example.com/products" "Mozilla/5.0 (X11; Linux x86_64) Firefox/125.0"
45.79.118.42 - - [19/Jun/2026:10:23:29 +0530] "GET /api/products HTTP/1.1" 302 7493 "https://example.com/login" "Mozilla/5.0 (X11; Linux x86_64) Firefox/125.0"
8.8.8.8 - - [19/Jun/2026:10:23:40 +0530] "GET /api/products HTTP/1.1" 404 14248 "https://google.com/" "Mozilla/5.0 (iPhone; CPU iPhone OS 17_4 like Mac OS X) Mobile/15E148 Safari/604.1"
45.79.118.42 - - [19/Jun/2026:10:23:44 +0530] "POST /login HTTP/1.1" 302 10694 "https://example.com/login" "Mozilla/5.0 (iPhone; CPU iPhone OS 17_4 like Mac OS X) Mobile/15E148 Safari/604.1"
45.79.118.42 - - [19/Jun/2026:10:23:51 +0530] "POST /about HTTP/1.1" 302 15766 "https://example.com/" "Mozilla/5.0 (Macintosh; Intel Mac OS X 10_15_7) Safari/605.1.15"
66.249.66.1 - - [19/Jun/2026:10:24:03 +0530] "GET /login HTTP/1.1" 301 2138 "https://google.com/" "Mozilla/5.0 (iPhone; CPU iPhone OS 17_4 like Mac OS X) Mobile/15E148 Safari/604.1"
208.67.222.222 - - [19/Jun/2026:10:24:19 +0530] "GET /blog/nginx-basic-hardening HTTP/1.1" 200 8605 "https://example.com/" "Mozilla/5.0 (X11; Linux x86_64) Firefox/125.0"
8.8.8.8 - - [19/Jun/2026:10:24:42 +0530] "POST /admin/login.php HTTP/1.1" 200 3279 "https://google.com/" "Mozilla/5.0 (Macintosh; Intel Mac OS X 10_15_7) Safari/605.1.15"
45.79.118.42 - - [19/Jun/2026:10:24:46 +0530] "POST /api/products HTTP/1.1" 302 20006 "-" "Mozilla/5.0 (Windows NT 10.0; Win64; x64) AppleWebKit/537.36 Chrome/124.0 Safari/537.36"
208.67.222.222 - - [19/Jun/2026:10:24:55 +0530] "GET /assets/logo.png HTTP/1.1" 200 11160 "https://example.com/products" "Mozilla/5.0 (Windows NT 10.0; Win64; x64) AppleWebKit/537.36 Chrome/124.0 Safari/537.36"
9.9.9.9 - - [19/Jun/2026:10:25:04 +0530] "GET /api/cart HTTP/1.1" 301 8199 "https://google.com/" "Mozilla/5.0 (Macintosh; Intel Mac OS X 10_15_7) Safari/605.1.15"
9.9.9.9 - - [19/Jun/2026:10:25:19 +0530] "GET /login HTTP/1.1" 200 12723 "https://example.com/login" "Mozilla/5.0 (X11; Linux x86_64) Firefox/125.0"
45.79.118.42 - - [19/Jun/2026:10:25:31 +0530] "GET /assets/main.css HTTP/1.1" 301 15520 "-" "Mozilla/5.0 (iPhone; CPU iPhone OS 17_4 like Mac OS X) Mobile/15E148 Safari/604.1"
9.9.9.9 - - [19/Jun/2026:10:25:44 +0530] "GET /products.php?id=18 HTTP/1.1" 301 1748 "https://google.com/" "Mozilla/5.0 (Macintosh; Intel Mac OS X 10_15_7) Safari/605.1.15"
8.8.8.8 - - [19/Jun/2026:10:25:51 +0530] "GET /assets/main.css HTTP/1.1" 302 19227 "https://example.com/login" "Mozilla/5.0 (X11; Linux x86_64) Firefox/125.0"
9.9.9.9 - - [19/Jun/2026:10:25:58 +0530] "GET /contact HTTP/1.1" 301 18920 "https://example.com/" "Mozilla/5.0 (iPhone; CPU iPhone OS 17_4 like Mac OS X) Mobile/15E148 Safari/604.1"
66.249.66.1 - - [19/Jun/2026:10:26:18 +0530] "GET /products.php?id=12 HTTP/1.1" 301 23959 "https://example.com/login" "Mozilla/5.0 (iPhone; CPU iPhone OS 17_4 like Mac OS X) Mobile/15E148 Safari/604.1"
66.249.66.1 - - [19/Jun/2026:10:26:26 +0530] "GET /about HTTP/1.1" 200 23853 "https://google.com/" "Mozilla/5.0 (iPhone; CPU iPhone OS 17_4 like Mac OS X) Mobile/15E148 Safari/604.1"
208.67.222.222 - - [19/Jun/2026:10:26:34 +0530] "GET /assets/main.css HTTP/1.1" 200 2685 "-" "Mozilla/5.0 (Windows NT 10.0; Win64; x64) AppleWebKit/537.36 Chrome/124.0 Safari/537.36"
9.9.9.9 - - [19/Jun/2026:10:26:50 +0530] "GET /index.html HTTP/1.1" 404 5198 "-" "Mozilla/5.0 (Macintosh; Intel Mac OS X 10_15_7) Safari/605.1.15"
103.48.198.141 - - [19/Jun/2026:10:27:09 +0530] "GET / HTTP/1.1" 302 21147 "https://google.com/" "Mozilla/5.0 (iPhone; CPU iPhone OS 17_4 like Mac OS X) Mobile/15E148 Safari/604.1"
103.48.198.141 - - [19/Jun/2026:10:27:33 +0530] "GET / HTTP/1.1" 302 18326 "https://example.com/login" "Mozilla/5.0 (Windows NT 10.0; Win64; x64) AppleWebKit/537.36 Chrome/124.0 Safari/537.36"
208.67.222.222 - - [19/Jun/2026:10:27:36 +0530] "GET /assets/main.css HTTP/1.1" 200 811 "https://google.com/" "Mozilla/5.0 (iPhone; CPU iPhone OS 17_4 like Mac OS X) Mobile/15E148 Safari/604.1"
8.8.8.8 - - [19/Jun/2026:10:27:44 +0530] "GET /assets/main.css HTTP/1.1" 200 8146 "https://example.com/" "Mozilla/5.0 (X11; Linux x86_64) Firefox/125.0"
45.79.118.42 - - [19/Jun/2026:10:27:58 +0530] "POST /index.html HTTP/1.1" 200 13554 "https://example.com/login" "Mozilla/5.0 (Macintosh; Intel Mac OS X 10_15_7) Safari/605.1.15"
9.9.9.9 - - [19/Jun/2026:10:28:23 +0530] "GET /api/products HTTP/1.1" 200 21671 "-" "Mozilla/5.0 (Windows NT 10.0; Win64; x64) AppleWebKit/537.36 Chrome/124.0 Safari/537.36"
103.48.198.141 - - [19/Jun/2026:10:28:38 +0530] "POST /assets/main.css HTTP/1.1" 301 2088 "-" "Mozilla/5.0 (Macintosh; Intel Mac OS X 10_15_7) Safari/605.1.15"
103.48.198.141 - - [19/Jun/2026:10:28:43 +0530] "POST /api/products HTTP/1.1" 200 18791 "-" "Mozilla/5.0 (Windows NT 10.0; Win64; x64) AppleWebKit/537.36 Chrome/124.0 Safari/537.36"
9.9.9.9 - - [19/Jun/2026:10:28:53 +0530] "POST /products.php?id=12 HTTP/1.1" 200 2686 "https://example.com/products" "Mozilla/5.0 (Windows NT 10.0; Win64; x64) AppleWebKit/537.36 Chrome/124.0 Safari/537.36"
45.79.118.42 - - [19/Jun/2026:10:29:01 +0530] "GET /contact HTTP/1.1" 302 4974 "https://example.com/login" "Mozilla/5.0 (Windows NT 10.0; Win64; x64) AppleWebKit/537.36 Chrome/124.0 Safari/537.36"
9.9.9.9 - - [19/Jun/2026:10:29:13 +0530] "GET /assets/app.js HTTP/1.1" 301 22435 "https://google.com/" "Mozilla/5.0 (X11; Linux x86_64) Firefox/125.0"
66.249.66.1 - - [19/Jun/2026:10:29:28 +0530] "GET /login HTTP/1.1" 404 23979 "-" "Mozilla/5.0 (X11; Linux x86_64) Firefox/125.0"
8.8.8.8 - - [19/Jun/2026:10:29:32 +0530] "POST /contact HTTP/1.1" 200 11410 "https://google.com/" "Mozilla/5.0 (iPhone; CPU iPhone OS 17_4 like Mac OS X) Mobile/15E148 Safari/604.1"
8.8.8.8 - - [19/Jun/2026:10:29:45 +0530] "GET /login HTTP/1.1" 301 16326 "https://example.com/" "Mozilla/5.0 (X11; Linux x86_64) Firefox/125.0"
103.48.198.141 - - [19/Jun/2026:10:30:05 +0530] "POST /about HTTP/1.1" 404 19447 "https://example.com/login" "Mozilla/5.0 (Windows NT 10.0; Win64; x64) AppleWebKit/537.36 Chrome/124.0 Safari/537.36"
45.79.118.42 - - [19/Jun/2026:10:30:27 +0530] "GET /api/cart HTTP/1.1" 200 2938 "https://example.com/products" "Mozilla/5.0 (Macintosh; Intel Mac OS X 10_15_7) Safari/605.1.15"
66.249.66.1 - - [19/Jun/2026:10:30:42 +0530] "GET /api/cart HTTP/1.1" 301 10626 "https://example.com/products" "Mozilla/5.0 (Windows NT 10.0; Win64; x64) AppleWebKit/537.36 Chrome/124.0 Safari/537.36"
8.8.8.8 - - [19/Jun/2026:10:30:47 +0530] "GET /assets/logo.png HTTP/1.1" 200 9089 "-" "Mozilla/5.0 (Macintosh; Intel Mac OS X 10_15_7) Safari/605.1.15"
9.9.9.9 - - [19/Jun/2026:10:30:52 +0530] "POST /assets/logo.png HTTP/1.1" 302 18427 "https://google.com/" "Mozilla/5.0 (iPhone; CPU iPhone OS 17_4 like Mac OS X) Mobile/15E148 Safari/604.1"
8.8.8.8 - - [19/Jun/2026:10:30:58 +0530] "GET /products.php?id=18 HTTP/1.1" 302 3299 "https://google.com/" "Mozilla/5.0 (X11; Linux x86_64) Firefox/125.0"
8.8.8.8 - - [19/Jun/2026:10:31:13 +0530] "GET /blog/nginx-basic-hardening HTTP/1.1" 301 3025 "https://google.com/" "Mozilla/5.0 (Macintosh; Intel Mac OS X 10_15_7) Safari/605.1.15"
208.67.222.222 - - [19/Jun/2026:10:31:34 +0530] "GET /api/products HTTP/1.1" 301 5804 "https://example.com/" "Mozilla/5.0 (X11; Linux x86_64) Firefox/125.0"
45.79.118.42 - - [19/Jun/2026:10:31:46 +0530] "POST /about HTTP/1.1" 200 5729 "https://example.com/login" "Mozilla/5.0 (X11; Linux x86_64) Firefox/125.0"
45.79.118.42 - - [19/Jun/2026:10:32:02 +0530] "POST /login HTTP/1.1" 200 12083 "https://example.com/products" "Mozilla/5.0 (Macintosh; Intel Mac OS X 10_15_7) Safari/605.1.15"
103.48.198.141 - - [19/Jun/2026:10:32:25 +0530] "GET /assets/logo.png HTTP/1.1" 200 4689 "https://example.com/products" "Mozilla/5.0 (Windows NT 10.0; Win64; x64) AppleWebKit/537.36 Chrome/124.0 Safari/537.36"
45.79.118.42 - - [19/Jun/2026:10:32:40 +0530] "POST /login HTTP/1.1" 200 14675 "https://example.com/products" "Mozilla/5.0 (iPhone; CPU iPhone OS 17_4 like Mac OS X) Mobile/15E148 Safari/604.1"
208.67.222.222 - - [19/Jun/2026:10:33:03 +0530] "GET /products.php?id=12 HTTP/1.1" 200 20016 "https://example.com/" "Mozilla/5.0 (iPhone; CPU iPhone OS 17_4 like Mac OS X) Mobile/15E148 Safari/604.1"
9.9.9.9 - - [19/Jun/2026:10:33:16 +0530] "POST /products.php?id=18 HTTP/1.1" 200 24330 "https://example.com/login" "Mozilla/5.0 (Macintosh; Intel Mac OS X 10_15_7) Safari/605.1.15"
103.48.198.141 - - [19/Jun/2026:10:33:29 +0530] "GET /admin/login.php HTTP/1.1" 301 12210 "-" "Mozilla/5.0 (Macintosh; Intel Mac OS X 10_15_7) Safari/605.1.15"
208.67.222.222 - - [19/Jun/2026:10:33:50 +0530] "GET /api/products HTTP/1.1" 302 1131 "https://example.com/login" "Mozilla/5.0 (Macintosh; Intel Mac OS X 10_15_7) Safari/605.1.15"
45.79.118.42 - - [19/Jun/2026:10:34:07 +0530] "GET /admin/login.php HTTP/1.1" 301 22302 "https://example.com/login" "Mozilla/5.0 (Macintosh; Intel Mac OS X 10_15_7) Safari/605.1.15"
45.79.118.42 - - [19/Jun/2026:10:34:30 +0530] "GET /products.php?id=12 HTTP/1.1" 404 5300 "https://example.com/login" "Mozilla/5.0 (iPhone; CPU iPhone OS 17_4 like Mac OS X) Mobile/15E148 Safari/604.1"
103.48.198.141 - - [19/Jun/2026:10:34:35 +0530] "POST /assets/app.js HTTP/1.1" 301 17760 "https://google.com/" "Mozilla/5.0 (iPhone; CPU iPhone OS 17_4 like Mac OS X) Mobile/15E148 Safari/604.1"
8.8.8.8 - - [19/Jun/2026:10:34:55 +0530] "GET /api/cart HTTP/1.1" 302 19708 "-" "Mozilla/5.0 (Windows NT 10.0; Win64; x64) AppleWebKit/537.36 Chrome/124.0 Safari/537.36"
66.249.66.1 - - [19/Jun/2026:10:35:05 +0530] "GET /about HTTP/1.1" 404 20326 "-" "Mozilla/5.0 (iPhone; CPU iPhone OS 17_4 like Mac OS X) Mobile/15E148 Safari/604.1"
103.48.198.141 - - [19/Jun/2026:10:35:18 +0530] "GET / HTTP/1.1" 200 8728 "https://example.com/" "Mozilla/5.0 (Macintosh; Intel Mac OS X 10_15_7) Safari/605.1.15"
45.79.118.42 - - [19/Jun/2026:10:35:35 +0530] "POST /assets/logo.png HTTP/1.1" 404 19536 "https://google.com/" "Mozilla/5.0 (Macintosh; Intel Mac OS X 10_15_7) Safari/605.1.15"
8.8.8.8 - - [19/Jun/2026:10:35:49 +0530] "POST /index.html HTTP/1.1" 200 13880 "-" "Mozilla/5.0 (Windows NT 10.0; Win64; x64) AppleWebKit/537.36 Chrome/124.0 Safari/537.36"
45.79.118.42 - - [19/Jun/2026:10:35:56 +0530] "GET /products.php?id=18 HTTP/1.1" 301 7028 "https://google.com/" "Mozilla/5.0 (iPhone; CPU iPhone OS 17_4 like Mac OS X) Mobile/15E148 Safari/604.1"
45.33.32.156 - - [19/Jun/2026:10:36:10 +0530] "GET /item.php?id=5%27%20OR%20%271%27%3D%271 HTTP/1.1" 400 728 "-" "curl/8.1.2"
103.48.198.141 - - [19/Jun/2026:10:36:35 +0530] "GET /index.html HTTP/1.1" 200 1714 "-" "Mozilla/5.0 (Windows NT 10.0; Win64; x64) AppleWebKit/537.36 Chrome/124.0 Safari/537.36"
66.249.66.1 - - [19/Jun/2026:10:36:48 +0530] "GET /api/products HTTP/1.1" 200 24514 "https://example.com/" "Mozilla/5.0 (Macintosh; Intel Mac OS X 10_15_7) Safari/605.1.15"
9.9.9.9 - - [19/Jun/2026:10:37:08 +0530] "GET /assets/main.css HTTP/1.1" 301 15390 "https://example.com/" "Mozilla/5.0 (iPhone; CPU iPhone OS 17_4 like Mac OS X) Mobile/15E148 Safari/604.1"
9.9.9.9 - - [19/Jun/2026:10:37:31 +0530] "GET /api/products HTTP/1.1" 404 14410 "https://example.com/login" "Mozilla/5.0 (Windows NT 10.0; Win64; x64) AppleWebKit/537.36 Chrome/124.0 Safari/537.36"
9.9.9.9 - - [19/Jun/2026:10:37:53 +0530] "POST /assets/app.js HTTP/1.1" 301 12991 "-" "Mozilla/5.0 (Macintosh; Intel Mac OS X 10_15_7) Safari/605.1.15"
45.79.118.42 - - [19/Jun/2026:10:38:02 +0530] "GET /assets/app.js HTTP/1.1" 200 17842 "https://example.com/" "Mozilla/5.0 (X11; Linux x86_64) Firefox/125.0"
9.9.9.9 - - [19/Jun/2026:10:38:15 +0530] "POST /index.html HTTP/1.1" 200 22227 "https://example.com/login" "Mozilla/5.0 (X11; Linux x86_64) Firefox/125.0"
103.48.198.141 - - [19/Jun/2026:10:38:37 +0530] "POST /assets/app.js HTTP/1.1" 200 11650 "https://example.com/products" "Mozilla/5.0 (iPhone; CPU iPhone OS 17_4 like Mac OS X) Mobile/15E148 Safari/604.1"
9.9.9.9 - - [19/Jun/2026:10:38:59 +0530] "GET /wp-admin/ HTTP/1.1" 302 19588 "-" "Mozilla/5.0 (Macintosh; Intel Mac OS X 10_15_7) Safari/605.1.15"
8.8.8.8 - - [19/Jun/2026:10:39:12 +0530] "GET /products.php?id=12 HTTP/1.1" 200 6248 "https://example.com/products" "Mozilla/5.0 (Macintosh; Intel Mac OS X 10_15_7) Safari/605.1.15"
103.48.198.141 - - [19/Jun/2026:10:39:31 +0530] "POST /assets/app.js HTTP/1.1" 200 19085 "https://example.com/login" "Mozilla/5.0 (iPhone; CPU iPhone OS 17_4 like Mac OS X) Mobile/15E148 Safari/604.1"
103.48.198.141 - - [19/Jun/2026:10:39:39 +0530] "GET /assets/main.css HTTP/1.1" 200 16294 "https://example.com/products" "Mozilla/5.0 (Macintosh; Intel Mac OS X 10_15_7) Safari/605.1.15"
51.15.76.10 - - [19/Jun/2026:10:39:47 +0530] "GET /contact.php?name=%22%3E%3Cimg%20src=x%20onerror=alert(1)%3E HTTP/1.1" 302 934 "-" "Mozilla/5.0 (Windows NT 10.0; Win64; x64) AppleWebKit/537.36 Chrome/124.0 Safari/537.36"
8.8.8.8 - - [19/Jun/2026:10:40:01 +0530] "POST /about HTTP/1.1" 200 12831 "https://google.com/" "Mozilla/5.0 (iPhone; CPU iPhone OS 17_4 like Mac OS X) Mobile/15E148 Safari/604.1"
66.249.66.1 - - [19/Jun/2026:10:40:17 +0530] "POST /blog/nginx-basic-hardening HTTP/1.1" 404 14794 "https://example.com/login" "Mozilla/5.0 (Macintosh; Intel Mac OS X 10_15_7) Safari/605.1.15"
208.67.222.222 - - [19/Jun/2026:10:40:22 +0530] "GET /login HTTP/1.1" 200 9821 "-" "Mozilla/5.0 (X11; Linux x86_64) Firefox/125.0"
208.67.222.222 - - [19/Jun/2026:10:40:32 +0530] "GET /about HTTP/1.1" 301 18785 "https://example.com/login" "Mozilla/5.0 (Windows NT 10.0; Win64; x64) AppleWebKit/537.36 Chrome/124.0 Safari/537.36"
8.8.8.8 - - [19/Jun/2026:10:40:53 +0530] "GET /login HTTP/1.1" 302 12271 "https://google.com/" "Mozilla/5.0 (Windows NT 10.0; Win64; x64) AppleWebKit/537.36 Chrome/124.0 Safari/537.36"
208.67.222.222 - - [19/Jun/2026:10:41:10 +0530] "GET /blog/nginx-basic-hardening HTTP/1.1" 200 24366 "https://example.com/" "Mozilla/5.0 (X11; Linux x86_64) Firefox/125.0"
103.48.198.141 - - [19/Jun/2026:10:41:14 +0530] "GET /products.php?id=18 HTTP/1.1" 200 14637 "-" "Mozilla/5.0 (Macintosh; Intel Mac OS X 10_15_7) Safari/605.1.15"
66.249.66.1 - - [19/Jun/2026:10:41:23 +0530] "GET /admin/login.php HTTP/1.1" 404 20247 "https://example.com/login" "Mozilla/5.0 (Macintosh; Intel Mac OS X 10_15_7) Safari/605.1.15"
9.9.9.9 - - [19/Jun/2026:10:41:45 +0530] "GET /admin/login.php HTTP/1.1" 200 2195 "https://google.com/" "Mozilla/5.0 (X11; Linux x86_64) Firefox/125.0"
45.79.118.42 - - [19/Jun/2026:10:42:05 +0530] "GET /products.php?id=18 HTTP/1.1" 404 9839 "https://example.com/products" "Mozilla/5.0 (X11; Linux x86_64) Firefox/125.0"
66.249.66.1 - - [19/Jun/2026:10:42:24 +0530] "GET /about HTTP/1.1" 301 2192 "https://example.com/products" "Mozilla/5.0 (Macintosh; Intel Mac OS X 10_15_7) Safari/605.1.15"
9.9.9.9 - - [19/Jun/2026:10:42:49 +0530] "GET /about HTTP/1.1" 404 10804 "https://example.com/" "Mozilla/5.0 (iPhone; CPU iPhone OS 17_4 like Mac OS X) Mobile/15E148 Safari/604.1"
9.9.9.9 - - [19/Jun/2026:10:43:07 +0530] "GET /api/products HTTP/1.1" 301 12543 "https://example.com/login" "Mozilla/5.0 (Windows NT 10.0; Win64; x64) AppleWebKit/537.36 Chrome/124.0 Safari/537.36"
8.8.8.8 - - [19/Jun/2026:10:43:30 +0530] "POST /assets/main.css HTTP/1.1" 404 9366 "https://example.com/products" "Mozilla/5.0 (iPhone; CPU iPhone OS 17_4 like Mac OS X) Mobile/15E148 Safari/604.1"
45.79.118.42 - - [19/Jun/2026:10:43:48 +0530] "GET /admin/login.php HTTP/1.1" 404 3302 "https://example.com/login" "Mozilla/5.0 (X11; Linux x86_64) Firefox/125.0"
208.67.222.222 - - [19/Jun/2026:10:43:53 +0530] "POST /contact HTTP/1.1" 301 7191 "https://example.com/login" "Mozilla/5.0 (X11; Linux x86_64) Firefox/125.0"
45.79.118.42 - - [19/Jun/2026:10:44:06 +0530] "GET /assets/main.css HTTP/1.1" 302 4529 "https://google.com/" "Mozilla/5.0 (iPhone; CPU iPhone OS 17_4 like Mac OS X) Mobile/15E148 Safari/604.1"
66.249.66.1 - - [19/Jun/2026:10:44:19 +0530] "GET / HTTP/1.1" 200 20768 "https://example.com/login" "Mozilla/5.0 (Windows NT 10.0; Win64; x64) AppleWebKit/537.36 Chrome/124.0 Safari/537.36"
9.9.9.9 - - [19/Jun/2026:10:44:25 +0530] "POST /assets/logo.png HTTP/1.1" 200 14268 "https://example.com/" "Mozilla/5.0 (Macintosh; Intel Mac OS X 10_15_7) Safari/605.1.15"
45.79.118.42 - - [19/Jun/2026:10:44:48 +0530] "GET /admin/login.php HTTP/1.1" 200 3308 "https://example.com/products" "Mozilla/5.0 (X11; Linux x86_64) Firefox/125.0"
185.220.101.1 - - [19/Jun/2026:10:44:53 +0530] "GET /static/%2e%2e/%2e%2e/%2e%2e/etc/passwd HTTP/1.1" 404 682 "-" "Mozilla/5.0 (X11; Linux x86_64) Firefox/125.0"
103.48.198.141 - - [19/Jun/2026:10:44:57 +0530] "GET /api/cart HTTP/1.1" 404 24997 "https://example.com/" "Mozilla/5.0 (iPhone; CPU iPhone OS 17_4 like Mac OS X) Mobile/15E148 Safari/604.1"
8.8.8.8 - - [19/Jun/2026:10:45:20 +0530] "GET / HTTP/1.1" 200 15874 "-" "Mozilla/5.0 (Macintosh; Intel Mac OS X 10_15_7) Safari/605.1.15"
9.9.9.9 - - [19/Jun/2026:10:45:41 +0530] "POST / HTTP/1.1" 200 23043 "https://example.com/products" "Mozilla/5.0 (Windows NT 10.0; Win64; x64) AppleWebKit/537.36 Chrome/124.0 Safari/537.36"
185.220.101.1 - - [19/Jun/2026:10:45:57 +0530] "POST /login HTTP/1.1" 401 176 "https://example.com/login" "Mozilla/5.0 (X11; Linux x86_64) Firefox/115.0"
185.220.101.1 - - [19/Jun/2026:10:46:15 +0530] "POST /login HTTP/1.1" 401 169 "https://example.com/login" "Mozilla/5.0 (X11; Linux x86_64) Firefox/115.0"
185.220.101.1 - - [19/Jun/2026:10:46:25 +0530] "POST /login HTTP/1.1" 401 209 "https://example.com/login" "Mozilla/5.0 (X11; Linux x86_64) Firefox/115.0"
185.220.101.1 - - [19/Jun/2026:10:46:30 +0530] "POST /login HTTP/1.1" 401 173 "https://example.com/login" "Mozilla/5.0 (X11; Linux x86_64) Firefox/115.0"
185.220.101.1 - - [19/Jun/2026:10:46:36 +0530] "POST /login HTTP/1.1" 401 200 "https://example.com/login" "Mozilla/5.0 (X11; Linux x86_64) Firefox/115.0"
185.220.101.1 - - [19/Jun/2026:10:46:50 +0530] "POST /login HTTP/1.1" 401 198 "https://example.com/login" "Mozilla/5.0 (X11; Linux x86_64) Firefox/115.0"
185.220.101.1 - - [19/Jun/2026:10:46:57 +0530] "POST /login HTTP/1.1" 401 208 "https://example.com/login" "Mozilla/5.0 (X11; Linux x86_64) Firefox/115.0"
66.249.66.1 - - [19/Jun/2026:10:47:04 +0530] "GET /index.html HTTP/1.1" 302 18707 "-" "Mozilla/5.0 (Macintosh; Intel Mac OS X 10_15_7) Safari/605.1.15"
45.79.118.42 - - [19/Jun/2026:10:47:21 +0530] "GET /api/products HTTP/1.1" 404 5210 "https://example.com/login" "Mozilla/5.0 (iPhone; CPU iPhone OS 17_4 like Mac OS X) Mobile/15E148 Safari/604.1"
8.8.8.8 - - [19/Jun/2026:10:47:30 +0530] "GET /about HTTP/1.1" 200 19569 "https://example.com/login" "Mozilla/5.0 (X11; Linux x86_64) Firefox/125.0"
45.79.118.42 - - [19/Jun/2026:10:47:46 +0530] "GET /contact HTTP/1.1" 200 21372 "-" "Mozilla/5.0 (Macintosh; Intel Mac OS X 10_15_7) Safari/605.1.15"
208.67.222.222 - - [19/Jun/2026:10:48:06 +0530] "GET /login HTTP/1.1" 404 1128 "https://example.com/products" "Mozilla/5.0 (Macintosh; Intel Mac OS X 10_15_7) Safari/605.1.15"
208.67.222.222 - - [19/Jun/2026:10:48:25 +0530] "GET /api/cart HTTP/1.1" 301 9934 "-" "Mozilla/5.0 (Macintosh; Intel Mac OS X 10_15_7) Safari/605.1.15"
103.48.198.141 - - [19/Jun/2026:10:48:43 +0530] "GET /contact HTTP/1.1" 301 21158 "https://google.com/" "Mozilla/5.0 (Windows NT 10.0; Win64; x64) AppleWebKit/537.36 Chrome/124.0 Safari/537.36"
8.8.8.8 - - [19/Jun/2026:10:49:02 +0530] "GET /wp-admin/ HTTP/1.1" 200 4574 "https://example.com/login" "Mozilla/5.0 (iPhone; CPU iPhone OS 17_4 like Mac OS X) Mobile/15E148 Safari/604.1"
208.67.222.222 - - [19/Jun/2026:10:49:16 +0530] "GET /login HTTP/1.1" 301 2641 "-" "Mozilla/5.0 (Windows NT 10.0; Win64; x64) AppleWebKit/537.36 Chrome/124.0 Safari/537.36"
45.79.118.42 - - [19/Jun/2026:10:49:19 +0530] "GET / HTTP/1.1" 200 13290 "https://google.com/" "Mozilla/5.0 (X11; Linux x86_64) Firefox/125.0"
66.249.66.1 - - [19/Jun/2026:10:49:42 +0530] "POST /blog/nginx-basic-hardening HTTP/1.1" 404 13431 "-" "Mozilla/5.0 (Macintosh; Intel Mac OS X 10_15_7) Safari/605.1.15"
8.8.8.8 - - [19/Jun/2026:10:49:53 +0530] "GET /index.html HTTP/1.1" 302 6908 "https://example.com/" "Mozilla/5.0 (X11; Linux x86_64) Firefox/125.0"
208.67.222.222 - - [19/Jun/2026:10:50:08 +0530] "GET /products.php?id=12 HTTP/1.1" 404 14585 "https://example.com/" "Mozilla/5.0 (Windows NT 10.0; Win64; x64) AppleWebKit/537.36 Chrome/124.0 Safari/537.36"
8.8.8.8 - - [19/Jun/2026:10:50:18 +0530] "POST /index.html HTTP/1.1" 301 20313 "https://google.com/" "Mozilla/5.0 (Windows NT 10.0; Win64; x64) AppleWebKit/537.36 Chrome/124.0 Safari/537.36"
66.249.66.1 - - [19/Jun/2026:10:50:30 +0530] "GET /index.html HTTP/1.1" 200 23446 "https://example.com/" "Mozilla/5.0 (Windows NT 10.0; Win64; x64) AppleWebKit/537.36 Chrome/124.0 Safari/537.36"
103.48.198.141 - - [19/Jun/2026:10:50:38 +0530] "GET /assets/main.css HTTP/1.1" 302 23868 "https://example.com/products" "Mozilla/5.0 (Macintosh; Intel Mac OS X 10_15_7) Safari/605.1.15"
9.9.9.9 - - [19/Jun/2026:10:50:52 +0530] "GET /api/cart HTTP/1.1" 200 1211 "https://example.com/products" "Mozilla/5.0 (iPhone; CPU iPhone OS 17_4 like Mac OS X) Mobile/15E148 Safari/604.1"
208.67.222.222 - - [19/Jun/2026:10:51:03 +0530] "GET /products.php?id=12 HTTP/1.1" 404 19145 "-" "Mozilla/5.0 (iPhone; CPU iPhone OS 17_4 like Mac OS X) Mobile/15E148 Safari/604.1"
208.67.222.222 - - [19/Jun/2026:10:51:20 +0530] "GET / HTTP/1.1" 301 18825 "https://example.com/" "Mozilla/5.0 (X11; Linux x86_64) Firefox/125.0"
45.79.118.42 - - [19/Jun/2026:10:51:28 +0530] "GET /wp-admin/ HTTP/1.1" 302 22339 "-" "Mozilla/5.0 (Macintosh; Intel Mac OS X 10_15_7) Safari/605.1.15"
8.8.8.8 - - [19/Jun/2026:10:51:47 +0530] "GET /admin/login.php HTTP/1.1" 200 8263 "-" "Mozilla/5.0 (iPhone; CPU iPhone OS 17_4 like Mac OS X) Mobile/15E148 Safari/604.1"
103.48.198.141 - - [19/Jun/2026:10:52:01 +0530] "GET /about HTTP/1.1" 200 18366 "https://example.com/login" "Mozilla/5.0 (Macintosh; Intel Mac OS X 10_15_7) Safari/605.1.15"
45.33.32.156 - - [19/Jun/2026:10:52:14 +0530] "GET /search.php?q=-1%20UNION%20SELECT%20username,password%20FROM%20users-- HTTP/1.1" 403 607 "-" "Mozilla/5.0 (X11; Linux x86_64) Firefox/125.0"
208.67.222.222 - - [19/Jun/2026:10:52:19 +0530] "GET /index.html HTTP/1.1" 302 22313 "-" "Mozilla/5.0 (Macintosh; Intel Mac OS X 10_15_7) Safari/605.1.15"
208.67.222.222 - - [19/Jun/2026:10:52:29 +0530] "GET /blog/nginx-basic-hardening HTTP/1.1" 200 15490 "https://example.com/products" "Mozilla/5.0 (X11; Linux x86_64) Firefox/125.0"
8.8.8.8 - - [19/Jun/2026:10:52:42 +0530] "POST / HTTP/1.1" 200 6825 "https://example.com/products" "Mozilla/5.0 (X11; Linux x86_64) Firefox/125.0"
9.9.9.9 - - [19/Jun/2026:10:53:04 +0530] "POST /products.php?id=18 HTTP/1.1" 302 16416 "https://example.com/" "Mozilla/5.0 (Macintosh; Intel Mac OS X 10_15_7) Safari/605.1.15"
8.8.8.8 - - [19/Jun/2026:10:53:11 +0530] "POST / HTTP/1.1" 200 17995 "https://example.com/products" "Mozilla/5.0 (Windows NT 10.0; Win64; x64) AppleWebKit/537.36 Chrome/124.0 Safari/537.36"
8.8.8.8 - - [19/Jun/2026:10:53:24 +0530] "POST /admin/login.php HTTP/1.1" 404 24079 "https://example.com/products" "Mozilla/5.0 (Windows NT 10.0; Win64; x64) AppleWebKit/537.36 Chrome/124.0 Safari/537.36"
208.67.222.222 - - [19/Jun/2026:10:53:33 +0530] "GET /blog/nginx-basic-hardening HTTP/1.1" 301 2212 "https://example.com/" "Mozilla/5.0 (X11; Linux x86_64) Firefox/125.0"
8.8.8.8 - - [19/Jun/2026:10:53:38 +0530] "GET /wp-admin/ HTTP/1.1" 302 13785 "https://example.com/products" "Mozilla/5.0 (iPhone; CPU iPhone OS 17_4 like Mac OS X) Mobile/15E148 Safari/604.1"
208.67.222.222 - - [19/Jun/2026:10:53:43 +0530] "GET /assets/main.css HTTP/1.1" 200 21130 "https://example.com/login" "Mozilla/5.0 (Windows NT 10.0; Win64; x64) AppleWebKit/537.36 Chrome/124.0 Safari/537.36"
208.67.222.222 - - [19/Jun/2026:10:54:04 +0530] "GET /blog/nginx-basic-hardening HTTP/1.1" 404 4533 "https://example.com/" "Mozilla/5.0 (X11; Linux x86_64) Firefox/125.0"
45.79.118.42 - - [19/Jun/2026:10:54:15 +0530] "POST /api/cart HTTP/1.1" 404 10940 "https://example.com/products" "Mozilla/5.0 (iPhone; CPU iPhone OS 17_4 like Mac OS X) Mobile/15E148 Safari/604.1"
9.9.9.9 - - [19/Jun/2026:10:54:26 +0530] "GET /contact HTTP/1.1" 200 19409 "-" "Mozilla/5.0 (Macintosh; Intel Mac OS X 10_15_7) Safari/605.1.15"
9.9.9.9 - - [19/Jun/2026:10:54:32 +0530] "POST /assets/logo.png HTTP/1.1" 200 13570 "-" "Mozilla/5.0 (X11; Linux x86_64) Firefox/125.0"
103.48.198.141 - - [19/Jun/2026:10:54:41 +0530] "GET /assets/logo.png HTTP/1.1" 200 4179 "-" "Mozilla/5.0 (Macintosh; Intel Mac OS X 10_15_7) Safari/605.1.15"
45.79.118.42 - - [19/Jun/2026:10:55:05 +0530] "GET /contact HTTP/1.1" 200 5110 "-" "Mozilla/5.0 (Macintosh; Intel Mac OS X 10_15_7) Safari/605.1.15"
103.48.198.141 - - [19/Jun/2026:10:55:19 +0530] "GET /api/products HTTP/1.1" 200 8775 "https://example.com/" "Mozilla/5.0 (Windows NT 10.0; Win64; x64) AppleWebKit/537.36 Chrome/124.0 Safari/537.36"
103.48.198.141 - - [19/Jun/2026:10:55:34 +0530] "GET /index.html HTTP/1.1" 301 3589 "https://example.com/" "Mozilla/5.0 (Windows NT 10.0; Win64; x64) AppleWebKit/537.36 Chrome/124.0 Safari/537.36"
8.8.8.8 - - [19/Jun/2026:10:55:37 +0530] "GET /about HTTP/1.1" 200 13376 "https://example.com/products" "Mozilla/5.0 (Windows NT 10.0; Win64; x64) AppleWebKit/537.36 Chrome/124.0 Safari/537.36"
208.67.222.222 - - [19/Jun/2026:10:55:58 +0530] "GET /wp-admin/ HTTP/1.1" 200 964 "-" "Mozilla/5.0 (Macintosh; Intel Mac OS X 10_15_7) Safari/605.1.15"
103.48.198.141 - - [19/Jun/2026:10:56:21 +0530] "GET /index.html HTTP/1.1" 200 4264 "-" "Mozilla/5.0 (iPhone; CPU iPhone OS 17_4 like Mac OS X) Mobile/15E148 Safari/604.1"
9.9.9.9 - - [19/Jun/2026:10:56:25 +0530] "POST /admin/login.php HTTP/1.1" 404 13193 "https://example.com/login" "Mozilla/5.0 (Windows NT 10.0; Win64; x64) AppleWebKit/537.36 Chrome/124.0 Safari/537.36"
66.249.66.1 - - [19/Jun/2026:10:56:40 +0530] "POST /about HTTP/1.1" 200 7285 "https://example.com/" "Mozilla/5.0 (X11; Linux x86_64) Firefox/125.0"
103.48.198.141 - - [19/Jun/2026:10:56:51 +0530] "GET / HTTP/1.1" 302 20539 "https://google.com/" "Mozilla/5.0 (Macintosh; Intel Mac OS X 10_15_7) Safari/605.1.15"
45.79.118.42 - - [19/Jun/2026:10:57:14 +0530] "POST /blog/nginx-basic-hardening HTTP/1.1" 302 15946 "-" "Mozilla/5.0 (Windows NT 10.0; Win64; x64) AppleWebKit/537.36 Chrome/124.0 Safari/537.36"
103.48.198.141 - - [19/Jun/2026:10:57:25 +0530] "GET /blog/nginx-basic-hardening HTTP/1.1" 200 21308 "https://google.com/" "Mozilla/5.0 (Macintosh; Intel Mac OS X 10_15_7) Safari/605.1.15"
208.67.222.222 - - [19/Jun/2026:10:57:48 +0530] "GET /blog/nginx-basic-hardening HTTP/1.1" 404 12017 "https://example.com/login" "Mozilla/5.0 (iPhone; CPU iPhone OS 17_4 like Mac OS X) Mobile/15E148 Safari/604.1"
208.67.222.222 - - [19/Jun/2026:10:58:02 +0530] "GET /blog/nginx-basic-hardening HTTP/1.1" 200 6142 "-" "Mozilla/5.0 (X11; Linux x86_64) Firefox/125.0"
9.9.9.9 - - [19/Jun/2026:10:58:24 +0530] "GET /wp-admin/ HTTP/1.1" 200 2169 "https://example.com/login" "Mozilla/5.0 (X11; Linux x86_64) Firefox/125.0"
51.15.76.10 - - [19/Jun/2026:10:58:45 +0530] "GET /profile.php?next=javascript:alert(1) HTTP/1.1" 200 402 "-" "Mozilla/5.0 (Macintosh; Intel Mac OS X 10_15_7) Safari/605.1.15"
9.9.9.9 - - [19/Jun/2026:10:59:09 +0530] "GET /assets/main.css HTTP/1.1" 404 2082 "https://example.com/" "Mozilla/5.0 (iPhone; CPU iPhone OS 17_4 like Mac OS X) Mobile/15E148 Safari/604.1"
9.9.9.9 - - [19/Jun/2026:10:59:23 +0530] "GET /contact HTTP/1.1" 302 10670 "https://example.com/products" "Mozilla/5.0 (Windows NT 10.0; Win64; x64) AppleWebKit/537.36 Chrome/124.0 Safari/537.36"
66.249.66.1 - - [19/Jun/2026:10:59:48 +0530] "GET /assets/app.js HTTP/1.1" 302 4906 "https://google.com/" "Mozilla/5.0 (Macintosh; Intel Mac OS X 10_15_7) Safari/605.1.15"
208.67.222.222 - - [19/Jun/2026:11:00:06 +0530] "GET /about HTTP/1.1" 301 1493 "-" "Mozilla/5.0 (Windows NT 10.0; Win64; x64) AppleWebKit/537.36 Chrome/124.0 Safari/537.36"
208.67.222.222 - - [19/Jun/2026:11:00:16 +0530] "GET / HTTP/1.1" 302 15912 "-" "Mozilla/5.0 (X11; Linux x86_64) Firefox/125.0"
9.9.9.9 - - [19/Jun/2026:11:00:38 +0530] "GET /products.php?id=18 HTTP/1.1" 404 6065 "https://example.com/products" "Mozilla/5.0 (Windows NT 10.0; Win64; x64) AppleWebKit/537.36 Chrome/124.0 Safari/537.36"
9.9.9.9 - - [19/Jun/2026:11:00:41 +0530] "GET /login HTTP/1.1" 200 17495 "https://example.com/products" "Mozilla/5.0 (Windows NT 10.0; Win64; x64) AppleWebKit/537.36 Chrome/124.0 Safari/537.36"
66.249.66.1 - - [19/Jun/2026:11:00:55 +0530] "POST /assets/app.js HTTP/1.1" 200 11278 "https://example.com/products" "Mozilla/5.0 (X11; Linux x86_64) Firefox/125.0"
9.9.9.9 - - [19/Jun/2026:11:01:02 +0530] "POST /login HTTP/1.1" 404 16214 "https://example.com/products" "Mozilla/5.0 (Macintosh; Intel Mac OS X 10_15_7) Safari/605.1.15"
208.67.222.222 - - [19/Jun/2026:11:01:27 +0530] "GET /contact HTTP/1.1" 404 19548 "https://example.com/" "Mozilla/5.0 (iPhone; CPU iPhone OS 17_4 like Mac OS X) Mobile/15E148 Safari/604.1"
66.249.66.1 - - [19/Jun/2026:11:01:39 +0530] "GET /about HTTP/1.1" 200 24132 "-" "Mozilla/5.0 (iPhone; CPU iPhone OS 17_4 like Mac OS X) Mobile/15E148 Safari/604.1"
8.8.8.8 - - [19/Jun/2026:11:02:00 +0530] "GET /assets/app.js HTTP/1.1" 200 20283 "https://example.com/" "Mozilla/5.0 (Windows NT 10.0; Win64; x64) AppleWebKit/537.36 Chrome/124.0 Safari/537.36"
9.9.9.9 - - [19/Jun/2026:11:02:18 +0530] "GET /api/cart HTTP/1.1" 200 8048 "https://example.com/products" "Mozilla/5.0 (X11; Linux x86_64) Firefox/125.0"
66.249.66.1 - - [19/Jun/2026:11:02:26 +0530] "GET /admin/login.php HTTP/1.1" 404 22205 "https://example.com/products" "Mozilla/5.0 (iPhone; CPU iPhone OS 17_4 like Mac OS X) Mobile/15E148 Safari/604.1"
45.79.118.42 - - [19/Jun/2026:11:02:29 +0530] "GET /contact HTTP/1.1" 404 2471 "https://example.com/products" "Mozilla/5.0 (X11; Linux x86_64) Firefox/125.0"
66.249.66.1 - - [19/Jun/2026:11:02:35 +0530] "GET / HTTP/1.1" 301 14609 "https://example.com/login" "Mozilla/5.0 (Macintosh; Intel Mac OS X 10_15_7) Safari/605.1.15"
103.48.198.141 - - [19/Jun/2026:11:02:51 +0530] "POST /products.php?id=18 HTTP/1.1" 302 12549 "-" "Mozilla/5.0 (iPhone; CPU iPhone OS 17_4 like Mac OS X) Mobile/15E148 Safari/604.1"
66.249.66.1 - - [19/Jun/2026:11:03:12 +0530] "GET /about HTTP/1.1" 301 2665 "-" "Mozilla/5.0 (X11; Linux x86_64) Firefox/125.0"
45.79.118.42 - - [19/Jun/2026:11:03:15 +0530] "GET /index.html HTTP/1.1" 200 11450 "https://example.com/" "Mozilla/5.0 (iPhone; CPU iPhone OS 17_4 like Mac OS X) Mobile/15E148 Safari/604.1"
66.249.66.1 - - [19/Jun/2026:11:03:23 +0530] "GET /assets/main.css HTTP/1.1" 200 11323 "https://google.com/" "Mozilla/5.0 (iPhone; CPU iPhone OS 17_4 like Mac OS X) Mobile/15E148 Safari/604.1"
8.8.8.8 - - [19/Jun/2026:11:03:48 +0530] "POST /api/products HTTP/1.1" 200 20150 "https://example.com/login" "Mozilla/5.0 (Macintosh; Intel Mac OS X 10_15_7) Safari/605.1.15"
8.8.8.8 - - [19/Jun/2026:11:03:52 +0530] "GET /contact HTTP/1.1" 200 13661 "https://google.com/" "Mozilla/5.0 (X11; Linux x86_64) Firefox/125.0"
45.79.118.42 - - [19/Jun/2026:11:04:16 +0530] "GET /contact HTTP/1.1" 200 1876 "https://example.com/login" "Mozilla/5.0 (iPhone; CPU iPhone OS 17_4 like Mac OS X) Mobile/15E148 Safari/604.1"
8.8.8.8 - - [19/Jun/2026:11:04:23 +0530] "GET / HTTP/1.1" 301 3121 "https://example.com/products" "Mozilla/5.0 (iPhone; CPU iPhone OS 17_4 like Mac OS X) Mobile/15E148 Safari/604.1"
8.8.8.8 - - [19/Jun/2026:11:04:32 +0530] "GET /contact HTTP/1.1" 200 21162 "https://example.com/products" "Mozilla/5.0 (Windows NT 10.0; Win64; x64) AppleWebKit/537.36 Chrome/124.0 Safari/537.36"
8.8.8.8 - - [19/Jun/2026:11:04:50 +0530] "GET /login HTTP/1.1" 301 15681 "https://example.com/login" "Mozilla/5.0 (X11; Linux x86_64) Firefox/125.0"
66.249.66.1 - - [19/Jun/2026:11:04:55 +0530] "POST /about HTTP/1.1" 200 12749 "https://example.com/products" "Mozilla/5.0 (Macintosh; Intel Mac OS X 10_15_7) Safari/605.1.15"
8.8.8.8 - - [19/Jun/2026:11:05:12 +0530] "GET /assets/logo.png HTTP/1.1" 301 8881 "https://example.com/" "Mozilla/5.0 (X11; Linux x86_64) Firefox/125.0"
8.8.8.8 - - [19/Jun/2026:11:05:33 +0530] "GET /login HTTP/1.1" 404 22121 "-" "Mozilla/5.0 (Windows NT 10.0; Win64; x64) AppleWebKit/537.36 Chrome/124.0 Safari/537.36"
45.79.118.42 - - [19/Jun/2026:11:05:57 +0530] "POST /login HTTP/1.1" 302 7705 "https://google.com/" "Mozilla/5.0 (Windows NT 10.0; Win64; x64) AppleWebKit/537.36 Chrome/124.0 Safari/537.36"
208.67.222.222 - - [19/Jun/2026:11:06:12 +0530] "POST /assets/main.css HTTP/1.1" 404 15809 "https://google.com/" "Mozilla/5.0 (Macintosh; Intel Mac OS X 10_15_7) Safari/605.1.15"
45.79.118.42 - - [19/Jun/2026:11:06:30 +0530] "GET /blog/nginx-basic-hardening HTTP/1.1" 404 1387 "https://google.com/" "Mozilla/5.0 (Macintosh; Intel Mac OS X 10_15_7) Safari/605.1.15"
103.48.198.141 - - [19/Jun/2026:11:06:36 +0530] "GET /about HTTP/1.1" 200 6565 "https://example.com/" "Mozilla/5.0 (Windows NT 10.0; Win64; x64) AppleWebKit/537.36 Chrome/124.0 Safari/537.36"
8.8.8.8 - - [19/Jun/2026:11:06:52 +0530] "POST /contact HTTP/1.1" 404 5095 "https://google.com/" "Mozilla/5.0 (X11; Linux x86_64) Firefox/125.0"
66.249.66.1 - - [19/Jun/2026:11:07:05 +0530] "GET /index.html HTTP/1.1" 301 18480 "https://example.com/login" "Mozilla/5.0 (X11; Linux x86_64) Firefox/125.0"
208.67.222.222 - - [19/Jun/2026:11:07:16 +0530] "POST /wp-admin/ HTTP/1.1" 200 23201 "https://google.com/" "Mozilla/5.0 (iPhone; CPU iPhone OS 17_4 like Mac OS X) Mobile/15E148 Safari/604.1"
103.48.198.141 - - [19/Jun/2026:11:07:22 +0530] "GET /about HTTP/1.1" 302 19515 "https://google.com/" "Mozilla/5.0 (Windows NT 10.0; Win64; x64) AppleWebKit/537.36 Chrome/124.0 Safari/537.36"
45.33.32.156 - - [19/Jun/2026:11:07:28 +0530] "GET /product.php?id=9%3BSELECT%20sleep(5) HTTP/1.1" 400 572 "-" "curl/8.1.2"
103.48.198.141 - - [19/Jun/2026:11:07:42 +0530] "GET /blog/nginx-basic-hardening HTTP/1.1" 404 16161 "https://google.com/" "Mozilla/5.0 (iPhone; CPU iPhone OS 17_4 like Mac OS X) Mobile/15E148 Safari/604.1"
9.9.9.9 - - [19/Jun/2026:11:07:46 +0530] "GET /blog/nginx-basic-hardening HTTP/1.1" 200 20508 "https://google.com/" "Mozilla/5.0 (iPhone; CPU iPhone OS 17_4 like Mac OS X) Mobile/15E148 Safari/604.1"
103.48.198.141 - - [19/Jun/2026:11:07:50 +0530] "GET /api/cart HTTP/1.1" 200 1865 "https://example.com/login" "Mozilla/5.0 (X11; Linux x86_64) Firefox/125.0"
8.8.8.8 - - [19/Jun/2026:11:08:04 +0530] "GET /admin/login.php HTTP/1.1" 200 10439 "https://example.com/products" "Mozilla/5.0 (iPhone; CPU iPhone OS 17_4 like Mac OS X) Mobile/15E148 Safari/604.1"
66.249.66.1 - - [19/Jun/2026:11:08:29 +0530] "GET /admin/login.php HTTP/1.1" 200 4653 "https://example.com/products" "Mozilla/5.0 (iPhone; CPU iPhone OS 17_4 like Mac OS X) Mobile/15E148 Safari/604.1"
45.79.118.42 - - [19/Jun/2026:11:08:42 +0530] "POST /assets/app.js HTTP/1.1" 404 3175 "https://example.com/" "Mozilla/5.0 (iPhone; CPU iPhone OS 17_4 like Mac OS X) Mobile/15E148 Safari/604.1"
103.48.198.141 - - [19/Jun/2026:11:08:51 +0530] "POST /login HTTP/1.1" 302 12502 "-" "Mozilla/5.0 (Macintosh; Intel Mac OS X 10_15_7) Safari/605.1.15"
45.79.118.42 - - [19/Jun/2026:11:08:56 +0530] "POST /about HTTP/1.1" 302 18884 "-" "Mozilla/5.0 (Macintosh; Intel Mac OS X 10_15_7) Safari/605.1.15"
185.220.101.1 - - [19/Jun/2026:11:09:05 +0530] "GET /cgi-bin/%2e%2e/%2e%2e/%2e%2e/bin/sh HTTP/1.1" 400 347 "-" "Mozilla/5.0 (X11; Linux x86_64) Firefox/125.0"
8.8.8.8 - - [19/Jun/2026:11:09:22 +0530] "GET /api/cart HTTP/1.1" 200 9227 "https://example.com/products" "Mozilla/5.0 (iPhone; CPU iPhone OS 17_4 like Mac OS X) Mobile/15E148 Safari/604.1"
103.48.198.141 - - [19/Jun/2026:11:09:41 +0530] "GET /api/products HTTP/1.1" 200 8177 "https://example.com/products" "Mozilla/5.0 (iPhone; CPU iPhone OS 17_4 like Mac OS X) Mobile/15E148 Safari/604.1"
103.48.198.141 - - [19/Jun/2026:11:10:03 +0530] "GET /admin/login.php HTTP/1.1" 301 19480 "https://google.com/" "Mozilla/5.0 (X11; Linux x86_64) Firefox/125.0"
9.9.9.9 - - [19/Jun/2026:11:10:17 +0530] "GET /api/cart HTTP/1.1" 404 3211 "https://example.com/products" "Mozilla/5.0 (Windows NT 10.0; Win64; x64) AppleWebKit/537.36 Chrome/124.0 Safari/537.36"
8.8.8.8 - - [19/Jun/2026:11:10:32 +0530] "GET /admin/login.php HTTP/1.1" 302 7272 "https://example.com/" "Mozilla/5.0 (Macintosh; Intel Mac OS X 10_15_7) Safari/605.1.15"
9.9.9.9 - - [19/Jun/2026:11:10:56 +0530] "GET /api/products HTTP/1.1" 301 17069 "-" "Mozilla/5.0 (Windows NT 10.0; Win64; x64) AppleWebKit/537.36 Chrome/124.0 Safari/537.36"
9.9.9.9 - - [19/Jun/2026:11:11:14 +0530] "GET /assets/app.js HTTP/1.1" 200 7582 "https://example.com/products" "Mozilla/5.0 (X11; Linux x86_64) Firefox/125.0"
66.249.66.1 - - [19/Jun/2026:11:11:39 +0530] "GET /blog/nginx-basic-hardening HTTP/1.1" 301 11676 "https://example.com/login" "Mozilla/5.0 (X11; Linux x86_64) Firefox/125.0"
103.48.198.141 - - [19/Jun/2026:11:11:48 +0530] "GET /api/products HTTP/1.1" 302 20684 "https://example.com/login" "Mozilla/5.0 (Windows NT 10.0; Win64; x64) AppleWebKit/537.36 Chrome/124.0 Safari/537.36"
208.67.222.222 - - [19/Jun/2026:11:11:51 +0530] "GET /assets/main.css HTTP/1.1" 404 19706 "https://google.com/" "Mozilla/5.0 (X11; Linux x86_64) Firefox/125.0"
66.249.66.1 - - [19/Jun/2026:11:12:03 +0530] "GET /assets/logo.png HTTP/1.1" 200 11269 "https://example.com/products" "Mozilla/5.0 (X11; Linux x86_64) Firefox/125.0"
45.79.118.42 - - [19/Jun/2026:11:12:14 +0530] "GET /contact HTTP/1.1" 200 17200 "https://example.com/" "Mozilla/5.0 (Windows NT 10.0; Win64; x64) AppleWebKit/537.36 Chrome/124.0 Safari/537.36"
103.48.198.141 - - [19/Jun/2026:11:12:36 +0530] "GET /api/products HTTP/1.1" 200 23885 "-" "Mozilla/5.0 (iPhone; CPU iPhone OS 17_4 like Mac OS X) Mobile/15E148 Safari/604.1"
45.79.118.42 - - [19/Jun/2026:11:12:48 +0530] "POST /blog/nginx-basic-hardening HTTP/1.1" 301 24391 "-" "Mozilla/5.0 (Macintosh; Intel Mac OS X 10_15_7) Safari/605.1.15"
66.249.66.1 - - [19/Jun/2026:11:13:01 +0530] "GET /api/products HTTP/1.1" 302 21166 "https://example.com/login" "Mozilla/5.0 (X11; Linux x86_64) Firefox/125.0"
45.79.118.42 - - [19/Jun/2026:11:13:20 +0530] "GET /admin/login.php HTTP/1.1" 404 18542 "https://example.com/" "Mozilla/5.0 (X11; Linux x86_64) Firefox/125.0"
103.48.198.141 - - [19/Jun/2026:11:13:26 +0530] "GET /api/cart HTTP/1.1" 200 24012 "https://google.com/" "Mozilla/5.0 (Macintosh; Intel Mac OS X 10_15_7) Safari/605.1.15"
45.79.118.42 - - [19/Jun/2026:11:13:50 +0530] "GET /contact HTTP/1.1" 200 7568 "https://example.com/products" "Mozilla/5.0 (iPhone; CPU iPhone OS 17_4 like Mac OS X) Mobile/15E148 Safari/604.1"
45.79.118.42 - - [19/Jun/2026:11:14:03 +0530] "GET /assets/app.js HTTP/1.1" 200 15446 "-" "Mozilla/5.0 (iPhone; CPU iPhone OS 17_4 like Mac OS X) Mobile/15E148 Safari/604.1"
66.249.66.1 - - [19/Jun/2026:11:14:07 +0530] "GET /assets/logo.png HTTP/1.1" 200 16649 "-" "Mozilla/5.0 (iPhone; CPU iPhone OS 17_4 like Mac OS X) Mobile/15E148 Safari/604.1"
45.79.118.42 - - [19/Jun/2026:11:14:26 +0530] "POST / HTTP/1.1" 200 4751 "https://example.com/" "Mozilla/5.0 (X11; Linux x86_64) Firefox/125.0"
208.67.222.222 - - [19/Jun/2026:11:14:42 +0530] "POST /about HTTP/1.1" 200 23701 "https://example.com/" "Mozilla/5.0 (Windows NT 10.0; Win64; x64) AppleWebKit/537.36 Chrome/124.0 Safari/537.36"
45.79.118.42 - - [19/Jun/2026:11:15:00 +0530] "GET /products.php?id=18 HTTP/1.1" 404 2150 "-" "Mozilla/5.0 (iPhone; CPU iPhone OS 17_4 like Mac OS X) Mobile/15E148 Safari/604.1"
