103.48.198.141 - - [19/Jun/2026:09:00:00 +0530] "GET /contact HTTP/1.1" 200 2968 "-" "Mozilla/5.0 (Macintosh; Intel Mac OS X 10_15_7) Safari/605.1.15"
8.8.8.8 - - [19/Jun/2026:09:00:14 +0530] "GET /favicon.ico HTTP/1.1" 200 13764 "-" "Mozilla/5.0 (iPhone; CPU iPhone OS 17_4 like Mac OS X) Mobile/15E148 Safari/604.1"
8.8.8.8 - - [19/Jun/2026:09:00:14 +0530] "GET /api/products HTTP/1.1" 404 19194 "-" "Mozilla/5.0 (X11; Linux x86_64) Firefox/125.0"
66.249.66.1 - - [19/Jun/2026:09:00:28 +0530] "POST /login HTTP/1.1" 200 4392 "-" "Mozilla/5.0 (Macintosh; Intel Mac OS X 10_15_7) Safari/605.1.15"
66.249.66.1 - - [19/Jun/2026:09:00:48 +0530] "POST /assets/main.css HTTP/1.1" 200 12661 "-" "Mozilla/5.0 (Macintosh; Intel Mac OS X 10_15_7) Safari/605.1.15"
8.8.8.8 - - [19/Jun/2026:09:01:10 +0530] "GET /assets/app.js HTTP/1.1" 301 818 "-" "Mozilla/5.0 (X11; Linux x86_64) Firefox/125.0"
45.79.118.42 - - [19/Jun/2026:09:01:15 +0530] "POST /assets/main.css HTTP/1.1" 200 13408 "-" "Mozilla/5.0 (iPhone; CPU iPhone OS 17_4 like Mac OS X) Mobile/15E148 Safari/604.1"
9.9.9.9 - - [19/Jun/2026:09:01:24 +0530] "GET /assets/app.js HTTP/1.1" 200 23091 "-" "Mozilla/5.0 (Windows NT 10.0; Win64; x64) AppleWebKit/537.36 Chrome/124.0 Safari/537.36"
66.249.66.1 - - [19/Jun/2026:09:01:25 +0530] "GET /assets/main.css HTTP/1.1" 200 1035 "-" "Mozilla/5.0 (Windows NT 10.0; Win64; x64) AppleWebKit/537.36 Chrome/124.0 Safari/537.36"
45.79.118.42 - - [19/Jun/2026:09:01:28 +0530] "POST / HTTP/1.1" 404 24382 "-" "Mozilla/5.0 (X11; Linux x86_64) Firefox/125.0"
66.249.66.1 - - [19/Jun/2026:09:01:36 +0530] "GET /login HTTP/1.1" 404 16724 "-" "Mozilla/5.0 (Windows NT 10.0; Win64; x64) AppleWebKit/537.36 Chrome/124.0 Safari/537.36"
66.249.66.1 - - [19/Jun/2026:09:01:45 +0530] "GET /favicon.ico HTTP/1.1" 200 4455 "-" "Mozilla/5.0 (X11; Linux x86_64) Firefox/125.0"
9.9.9.9 - - [19/Jun/2026:09:01:55 +0530] "GET /login HTTP/1.1" 200 7078 "-" "Mozilla/5.0 (Macintosh; Intel Mac OS X 10_15_7) Safari/605.1.15"
45.79.118.42 - - [19/Jun/2026:09:01:57 +0530] "GET /favicon.ico HTTP/1.1" 200 21737 "-" "Mozilla/5.0 (Macintosh; Intel Mac OS X 10_15_7) Safari/605.1.15"
66.249.66.1 - - [19/Jun/2026:09:02:06 +0530] "POST /api/products HTTP/1.1" 301 25548 "-" "Mozilla/5.0 (Macintosh; Intel Mac OS X 10_15_7) Safari/605.1.15"
103.48.198.141 - - [19/Jun/2026:09:02:12 +0530] "GET /checkout HTTP/1.1" 200 8646 "-" "Mozilla/5.0 (Windows NT 10.0; Win64; x64) AppleWebKit/537.36 Chrome/124.0 Safari/537.36"
66.249.66.1 - - [19/Jun/2026:09:02:35 +0530] "GET /products HTTP/1.1" 200 20298 "-" "Mozilla/5.0 (Windows NT 10.0; Win64; x64) AppleWebKit/537.36 Chrome/124.0 Safari/537.36"
45.79.118.42 - - [19/Jun/2026:09:02:36 +0530] "GET /contact HTTP/1.1" 200 16573 "-" "Mozilla/5.0 (Macintosh; Intel Mac OS X 10_15_7) Safari/605.1.15"
103.48.198.141 - - [19/Jun/2026:09:02:48 +0530] "GET /favicon.ico HTTP/1.1" 200 12409 "-" "Mozilla/5.0 (iPhone; CPU iPhone OS 17_4 like Mac OS X) Mobile/15E148 Safari/604.1"
103.48.198.141 - - [19/Jun/2026:09:03:20 +0530] "POST /assets/app.js HTTP/1.1" 200 2457 "-" "Mozilla/5.0 (Windows NT 10.0; Win64; x64) AppleWebKit/537.36 Chrome/124.0 Safari/537.36"
45.79.118.42 - - [19/Jun/2026:09:03:23 +0530] "GET /api/products HTTP/1.1" 200 19778 "-" "Mozilla/5.0 (Windows NT 10.0; Win64; x64) AppleWebKit/537.36 Chrome/124.0 Safari/537.36"
9.9.9.9 - - [19/Jun/2026:09:03:28 +0530] "GET /api/products HTTP/1.1" 200 2898 "-" "Mozilla/5.0 (X11; Linux x86_64) Firefox/125.0"
103.48.198.141 - - [19/Jun/2026:09:03:35 +0530] "GET /products HTTP/1.1" 404 9383 "-" "Mozilla/5.0 (Macintosh; Intel Mac OS X 10_15_7) Safari/605.1.15"
66.249.66.1 - - [19/Jun/2026:09:03:41 +0530] "GET /products HTTP/1.1" 404 16374 "-" "Mozilla/5.0 (Macintosh; Intel Mac OS X 10_15_7) Safari/605.1.15"
8.8.8.8 - - [19/Jun/2026:09:04:00 +0530] "POST /favicon.ico HTTP/1.1" 404 13036 "-" "Mozilla/5.0 (iPhone; CPU iPhone OS 17_4 like Mac OS X) Mobile/15E148 Safari/604.1"
103.48.198.141 - - [19/Jun/2026:09:04:00 +0530] "GET /api/cart HTTP/1.1" 200 20619 "-" "Mozilla/5.0 (Macintosh; Intel Mac OS X 10_15_7) Safari/605.1.15"
9.9.9.9 - - [19/Jun/2026:09:04:02 +0530] "GET /favicon.ico HTTP/1.1" 404 21974 "-" "Mozilla/5.0 (Windows NT 10.0; Win64; x64) AppleWebKit/537.36 Chrome/124.0 Safari/537.36"
45.79.118.42 - - [19/Jun/2026:09:04:07 +0530] "GET /favicon.ico HTTP/1.1" 200 7820 "-" "Mozilla/5.0 (Macintosh; Intel Mac OS X 10_15_7) Safari/605.1.15"
9.9.9.9 - - [19/Jun/2026:09:04:12 +0530] "GET /contact HTTP/1.1" 404 24737 "-" "Mozilla/5.0 (iPhone; CPU iPhone OS 17_4 like Mac OS X) Mobile/15E148 Safari/604.1"
8.8.8.8 - - [19/Jun/2026:09:04:19 +0530] "GET /api/products HTTP/1.1" 200 10138 "-" "Mozilla/5.0 (Macintosh; Intel Mac OS X 10_15_7) Safari/605.1.15"
66.249.66.1 - - [19/Jun/2026:09:04:45 +0530] "GET /checkout HTTP/1.1" 200 3092 "-" "Mozilla/5.0 (X11; Linux x86_64) Firefox/125.0"
103.48.198.141 - - [19/Jun/2026:09:04:48 +0530] "GET /login HTTP/1.1" 200 11627 "-" "Mozilla/5.0 (Windows NT 10.0; Win64; x64) AppleWebKit/537.36 Chrome/124.0 Safari/537.36"
45.79.118.42 - - [19/Jun/2026:09:05:06 +0530] "GET /api/products HTTP/1.1" 200 13769 "-" "Mozilla/5.0 (Macintosh; Intel Mac OS X 10_15_7) Safari/605.1.15"
9.9.9.9 - - [19/Jun/2026:09:05:12 +0530] "GET /contact HTTP/1.1" 200 9927 "-" "Mozilla/5.0 (iPhone; CPU iPhone OS 17_4 like Mac OS X) Mobile/15E148 Safari/604.1"
66.249.66.1 - - [19/Jun/2026:09:05:20 +0530] "POST /api/products HTTP/1.1" 200 27260 "-" "Mozilla/5.0 (iPhone; CPU iPhone OS 17_4 like Mac OS X) Mobile/15E148 Safari/604.1"
8.8.8.8 - - [19/Jun/2026:09:05:24 +0530] "GET /assets/main.css HTTP/1.1" 200 2053 "-" "Mozilla/5.0 (Windows NT 10.0; Win64; x64) AppleWebKit/537.36 Chrome/124.0 Safari/537.36"
45.79.118.42 - - [19/Jun/2026:09:05:25 +0530] "POST /assets/main.css HTTP/1.1" 200 15723 "-" "Mozilla/5.0 (iPhone; CPU iPhone OS 17_4 like Mac OS X) Mobile/15E148 Safari/604.1"
66.249.66.1 - - [19/Jun/2026:09:05:40 +0530] "GET /login HTTP/1.1" 200 5169 "-" "Mozilla/5.0 (iPhone; CPU iPhone OS 17_4 like Mac OS X) Mobile/15E148 Safari/604.1"
8.8.8.8 - - [19/Jun/2026:09:05:43 +0530] "POST /favicon.ico HTTP/1.1" 404 27366 "-" "Mozilla/5.0 (Macintosh; Intel Mac OS X 10_15_7) Safari/605.1.15"
103.48.198.141 - - [19/Jun/2026:09:06:18 +0530] "GET /favicon.ico HTTP/1.1" 200 27976 "-" "Mozilla/5.0 (X11; Linux x86_64) Firefox/125.0"
45.79.118.42 - - [19/Jun/2026:09:06:24 +0530] "GET /api/products HTTP/1.1" 200 5628 "-" "Mozilla/5.0 (Windows NT 10.0; Win64; x64) AppleWebKit/537.36 Chrome/124.0 Safari/537.36"
9.9.9.9 - - [19/Jun/2026:09:06:48 +0530] "GET /api/cart HTTP/1.1" 200 8104 "-" "Mozilla/5.0 (Windows NT 10.0; Win64; x64) AppleWebKit/537.36 Chrome/124.0 Safari/537.36"
45.79.118.42 - - [19/Jun/2026:09:07:30 +0530] "GET /contact HTTP/1.1" 200 16223 "-" "Mozilla/5.0 (Macintosh; Intel Mac OS X 10_15_7) Safari/605.1.15"
66.249.66.1 - - [19/Jun/2026:09:07:36 +0530] "GET /assets/main.css HTTP/1.1" 404 18132 "-" "Mozilla/5.0 (Windows NT 10.0; Win64; x64) AppleWebKit/537.36 Chrome/124.0 Safari/537.36"
103.48.198.141 - - [19/Jun/2026:09:07:42 +0530] "POST /favicon.ico HTTP/1.1" 301 19321 "-" "Mozilla/5.0 (X11; Linux x86_64) Firefox/125.0"
103.48.198.141 - - [19/Jun/2026:09:07:49 +0530] "GET /contact HTTP/1.1" 200 6563 "-" "Mozilla/5.0 (iPhone; CPU iPhone OS 17_4 like Mac OS X) Mobile/15E148 Safari/604.1"
45.79.118.42 - - [19/Jun/2026:09:07:50 +0530] "GET /favicon.ico HTTP/1.1" 200 12389 "-" "Mozilla/5.0 (iPhone; CPU iPhone OS 17_4 like Mac OS X) Mobile/15E148 Safari/604.1"
8.8.8.8 - - [19/Jun/2026:09:08:00 +0530] "GET / HTTP/1.1" 301 16423 "-" "Mozilla/5.0 (Macintosh; Intel Mac OS X 10_15_7) Safari/605.1.15"
45.79.118.42 - - [19/Jun/2026:09:08:00 +0530] "POST /login HTTP/1.1" 301 8867 "-" "Mozilla/5.0 (Windows NT 10.0; Win64; x64) AppleWebKit/537.36 Chrome/124.0 Safari/537.36"
9.9.9.9 - - [19/Jun/2026:09:08:06 +0530] "GET /products HTTP/1.1" 200 870 "-" "Mozilla/5.0 (iPhone; CPU iPhone OS 17_4 like Mac OS X) Mobile/15E148 Safari/604.1"
66.249.66.1 - - [19/Jun/2026:09:08:24 +0530] "GET /login HTTP/1.1" 301 7784 "-" "Mozilla/5.0 (X11; Linux x86_64) Firefox/125.0"
45.79.118.42 - - [19/Jun/2026:09:08:26 +0530] "GET /api/cart HTTP/1.1" 200 26887 "-" "Mozilla/5.0 (Windows NT 10.0; Win64; x64) AppleWebKit/537.36 Chrome/124.0 Safari/537.36"
8.8.8.8 - - [19/Jun/2026:09:08:45 +0530] "POST /checkout HTTP/1.1" 200 1105 "-" "Mozilla/5.0 (iPhone; CPU iPhone OS 17_4 like Mac OS X) Mobile/15E148 Safari/604.1"
66.249.66.1 - - [19/Jun/2026:09:08:50 +0530] "POST /favicon.ico HTTP/1.1" 301 11651 "-" "Mozilla/5.0 (Windows NT 10.0; Win64; x64) AppleWebKit/537.36 Chrome/124.0 Safari/537.36"
66.249.66.1 - - [19/Jun/2026:09:09:06 +0530] "GET / HTTP/1.1" 200 27746 "-" "Mozilla/5.0 (iPhone; CPU iPhone OS 17_4 like Mac OS X) Mobile/15E148 Safari/604.1"
9.9.9.9 - - [19/Jun/2026:09:09:12 +0530] "GET /favicon.ico HTTP/1.1" 200 23977 "-" "Mozilla/5.0 (Macintosh; Intel Mac OS X 10_15_7) Safari/605.1.15"
66.249.66.1 - - [19/Jun/2026:09:09:45 +0530] "GET /favicon.ico HTTP/1.1" 200 5200 "-" "Mozilla/5.0 (X11; Linux x86_64) Firefox/125.0"
9.9.9.9 - - [19/Jun/2026:09:09:50 +0530] "GET /assets/app.js HTTP/1.1" 200 7086 "-" "Mozilla/5.0 (iPhone; CPU iPhone OS 17_4 like Mac OS X) Mobile/15E148 Safari/604.1"
66.249.66.1 - - [19/Jun/2026:09:10:09 +0530] "GET /products HTTP/1.1" 200 4342 "-" "Mozilla/5.0 (Windows NT 10.0; Win64; x64) AppleWebKit/537.36 Chrome/124.0 Safari/537.36"
103.48.198.141 - - [19/Jun/2026:09:10:15 +0530] "GET /favicon.ico HTTP/1.1" 301 20038 "-" "Mozilla/5.0 (Windows NT 10.0; Win64; x64) AppleWebKit/537.36 Chrome/124.0 Safari/537.36"
66.249.66.1 - - [19/Jun/2026:09:10:16 +0530] "GET /api/cart HTTP/1.1" 200 24025 "-" "Mozilla/5.0 (iPhone; CPU iPhone OS 17_4 like Mac OS X) Mobile/15E148 Safari/604.1"
66.249.66.1 - - [19/Jun/2026:09:10:24 +0530] "GET /api/products HTTP/1.1" 200 25002 "-" "Mozilla/5.0 (iPhone; CPU iPhone OS 17_4 like Mac OS X) Mobile/15E148 Safari/604.1"
45.79.118.42 - - [19/Jun/2026:09:10:39 +0530] "GET /assets/app.js HTTP/1.1" 200 21337 "-" "Mozilla/5.0 (Macintosh; Intel Mac OS X 10_15_7) Safari/605.1.15"
9.9.9.9 - - [19/Jun/2026:09:10:48 +0530] "GET /api/cart HTTP/1.1" 200 9703 "-" "Mozilla/5.0 (X11; Linux x86_64) Firefox/125.0"
45.79.118.42 - - [19/Jun/2026:09:10:50 +0530] "GET /assets/main.css HTTP/1.1" 200 21293 "-" "Mozilla/5.0 (iPhone; CPU iPhone OS 17_4 like Mac OS X) Mobile/15E148 Safari/604.1"
8.8.8.8 - - [19/Jun/2026:09:10:56 +0530] "GET /favicon.ico HTTP/1.1" 404 9450 "-" "Mozilla/5.0 (iPhone; CPU iPhone OS 17_4 like Mac OS X) Mobile/15E148 Safari/604.1"
9.9.9.9 - - [19/Jun/2026:09:10:56 +0530] "GET /checkout HTTP/1.1" 200 9917 "-" "Mozilla/5.0 (iPhone; CPU iPhone OS 17_4 like Mac OS X) Mobile/15E148 Safari/604.1"
103.48.198.141 - - [19/Jun/2026:09:11:00 +0530] "POST /about HTTP/1.1" 200 19707 "-" "Mozilla/5.0 (Windows NT 10.0; Win64; x64) AppleWebKit/537.36 Chrome/124.0 Safari/537.36"
45.79.118.42 - - [19/Jun/2026:09:11:12 +0530] "GET /products HTTP/1.1" 200 14310 "-" "Mozilla/5.0 (Windows NT 10.0; Win64; x64) AppleWebKit/537.36 Chrome/124.0 Safari/537.36"
45.79.118.42 - - [19/Jun/2026:09:11:20 +0530] "GET /assets/main.css HTTP/1.1" 200 8616 "-" "Mozilla/5.0 (Macintosh; Intel Mac OS X 10_15_7) Safari/605.1.15"
9.9.9.9 - - [19/Jun/2026:09:11:44 +0530] "POST /assets/app.js HTTP/1.1" 200 4465 "-" "Mozilla/5.0 (Windows NT 10.0; Win64; x64) AppleWebKit/537.36 Chrome/124.0 Safari/537.36"
45.79.118.42 - - [19/Jun/2026:09:11:55 +0530] "GET /login HTTP/1.1" 200 4067 "-" "Mozilla/5.0 (iPhone; CPU iPhone OS 17_4 like Mac OS X) Mobile/15E148 Safari/604.1"
45.79.118.42 - - [19/Jun/2026:09:12:00 +0530] "GET /checkout HTTP/1.1" 301 18905 "-" "Mozilla/5.0 (Macintosh; Intel Mac OS X 10_15_7) Safari/605.1.15"
45.79.118.42 - - [19/Jun/2026:09:12:00 +0530] "POST /favicon.ico HTTP/1.1" 200 3251 "-" "Mozilla/5.0 (iPhone; CPU iPhone OS 17_4 like Mac OS X) Mobile/15E148 Safari/604.1"
66.249.66.1 - - [19/Jun/2026:09:12:10 +0530] "GET /products HTTP/1.1" 200 8377 "-" "Mozilla/5.0 (iPhone; CPU iPhone OS 17_4 like Mac OS X) Mobile/15E148 Safari/604.1"
66.249.66.1 - - [19/Jun/2026:09:12:12 +0530] "GET /contact HTTP/1.1" 404 11361 "-" "Mozilla/5.0 (X11; Linux x86_64) Firefox/125.0"
9.9.9.9 - - [19/Jun/2026:09:12:24 +0530] "POST /favicon.ico HTTP/1.1" 200 17550 "-" "Mozilla/5.0 (iPhone; CPU iPhone OS 17_4 like Mac OS X) Mobile/15E148 Safari/604.1"
103.48.198.141 - - [19/Jun/2026:09:12:27 +0530] "POST / HTTP/1.1" 404 18475 "-" "Mozilla/5.0 (Windows NT 10.0; Win64; x64) AppleWebKit/537.36 Chrome/124.0 Safari/537.36"
9.9.9.9 - - [19/Jun/2026:09:12:50 +0530] "GET /checkout HTTP/1.1" 200 20664 "-" "Mozilla/5.0 (Windows NT 10.0; Win64; x64) AppleWebKit/537.36 Chrome/124.0 Safari/537.36"
8.8.8.8 - - [19/Jun/2026:09:12:50 +0530] "POST /contact HTTP/1.1" 301 25294 "-" "Mozilla/5.0 (Macintosh; Intel Mac OS X 10_15_7) Safari/605.1.15"
45.79.118.42 - - [19/Jun/2026:09:12:57 +0530] "GET /login HTTP/1.1" 200 4681 "-" "Mozilla/5.0 (iPhone; CPU iPhone OS 17_4 like Mac OS X) Mobile/15E148 Safari/604.1"
45.79.118.42 - - [19/Jun/2026:09:13:00 +0530] "POST /checkout HTTP/1.1" 200 3074 "-" "Mozilla/5.0 (X11; Linux x86_64) Firefox/125.0"
9.9.9.9 - - [19/Jun/2026:09:13:10 +0530] "GET /about HTTP/1.1" 200 21190 "-" "Mozilla/5.0 (Windows NT 10.0; Win64; x64) AppleWebKit/537.36 Chrome/124.0 Safari/537.36"
66.249.66.1 - - [19/Jun/2026:09:13:10 +0530] "GET /assets/main.css HTTP/1.1" 404 17076 "-" "Mozilla/5.0 (X11; Linux x86_64) Firefox/125.0"
66.249.66.1 - - [19/Jun/2026:09:13:12 +0530] "POST /contact HTTP/1.1" 404 7298 "-" "Mozilla/5.0 (Windows NT 10.0; Win64; x64) AppleWebKit/537.36 Chrome/124.0 Safari/537.36"
103.48.198.141 - - [19/Jun/2026:09:13:13 +0530] "GET /api/cart HTTP/1.1" 200 14886 "-" "Mozilla/5.0 (X11; Linux x86_64) Firefox/125.0"
45.79.118.42 - - [19/Jun/2026:09:13:24 +0530] "GET /about HTTP/1.1" 200 22024 "-" "Mozilla/5.0 (Macintosh; Intel Mac OS X 10_15_7) Safari/605.1.15"
45.79.118.42 - - [19/Jun/2026:09:13:25 +0530] "GET /assets/app.js HTTP/1.1" 200 5929 "-" "Mozilla/5.0 (Windows NT 10.0; Win64; x64) AppleWebKit/537.36 Chrome/124.0 Safari/537.36"
8.8.8.8 - - [19/Jun/2026:09:13:32 +0530] "GET /api/cart HTTP/1.1" 301 10934 "-" "Mozilla/5.0 (iPhone; CPU iPhone OS 17_4 like Mac OS X) Mobile/15E148 Safari/604.1"
8.8.8.8 - - [19/Jun/2026:09:13:50 +0530] "GET /about HTTP/1.1" 200 22847 "-" "Mozilla/5.0 (X11; Linux x86_64) Firefox/125.0"
45.79.118.42 - - [19/Jun/2026:09:14:00 +0530] "GET /favicon.ico HTTP/1.1" 200 25514 "-" "Mozilla/5.0 (Windows NT 10.0; Win64; x64) AppleWebKit/537.36 Chrome/124.0 Safari/537.36"
66.249.66.1 - - [19/Jun/2026:09:14:00 +0530] "GET /assets/main.css HTTP/1.1" 200 22022 "-" "Mozilla/5.0 (Windows NT 10.0; Win64; x64) AppleWebKit/537.36 Chrome/124.0 Safari/537.36"
103.48.198.141 - - [19/Jun/2026:09:14:10 +0530] "GET /about HTTP/1.1" 200 3984 "-" "Mozilla/5.0 (Macintosh; Intel Mac OS X 10_15_7) Safari/605.1.15"
9.9.9.9 - - [19/Jun/2026:09:14:35 +0530] "GET /api/products HTTP/1.1" 200 27807 "-" "Mozilla/5.0 (iPhone; CPU iPhone OS 17_4 like Mac OS X) Mobile/15E148 Safari/604.1"
66.249.66.1 - - [19/Jun/2026:09:14:40 +0530] "GET /login HTTP/1.1" 404 14844 "-" "Mozilla/5.0 (Macintosh; Intel Mac OS X 10_15_7) Safari/605.1.15"
9.9.9.9 - - [19/Jun/2026:09:15:00 +0530] "GET /assets/main.css HTTP/1.1" 301 10661 "-" "Mozilla/5.0 (iPhone; CPU iPhone OS 17_4 like Mac OS X) Mobile/15E148 Safari/604.1"
51.15.76.10 - - [19/Jun/2026:09:15:00 +0530] "GET /products?id=1%20OR%201=1-- HTTP/1.1" 200 1404 "-" "sqlmap/1.8.4#stable"
66.249.66.1 - - [19/Jun/2026:09:15:09 +0530] "GET /about HTTP/1.1" 301 18197 "-" "Mozilla/5.0 (X11; Linux x86_64) Firefox/125.0"
8.8.8.8 - - [19/Jun/2026:09:15:27 +0530] "GET /login HTTP/1.1" 404 7110 "-" "Mozilla/5.0 (X11; Linux x86_64) Firefox/125.0"
45.79.118.42 - - [19/Jun/2026:09:15:36 +0530] "GET /contact HTTP/1.1" 200 1751 "-" "Mozilla/5.0 (iPhone; CPU iPhone OS 17_4 like Mac OS X) Mobile/15E148 Safari/604.1"
51.15.76.10 - - [19/Jun/2026:09:15:37 +0530] "GET /search?q=test%27%20UNION%20SELECT%20username,password%20FROM%20users-- HTTP/1.1" 400 3028 "-" "sqlmap/1.8.4#stable"
66.249.66.1 - - [19/Jun/2026:09:15:45 +0530] "GET /login HTTP/1.1" 200 10507 "-" "Mozilla/5.0 (Macintosh; Intel Mac OS X 10_15_7) Safari/605.1.15"
103.48.198.141 - - [19/Jun/2026:09:16:00 +0530] "POST /checkout HTTP/1.1" 200 16776 "-" "Mozilla/5.0 (Macintosh; Intel Mac OS X 10_15_7) Safari/605.1.15"
103.48.198.141 - - [19/Jun/2026:09:16:03 +0530] "GET /assets/app.js HTTP/1.1" 200 23652 "-" "Mozilla/5.0 (Macintosh; Intel Mac OS X 10_15_7) Safari/605.1.15"
51.15.76.10 - - [19/Jun/2026:09:16:05 +0530] "GET /api/products?category=1%27%20OR%20%271%27=%271 HTTP/1.1" 200 6743 "-" "sqlmap/1.8.4#stable"
8.8.8.8 - - [19/Jun/2026:09:16:10 +0530] "GET /api/cart HTTP/1.1" 301 23776 "-" "Mozilla/5.0 (X11; Linux x86_64) Firefox/125.0"
8.8.8.8 - - [19/Jun/2026:09:16:12 +0530] "GET /contact HTTP/1.1" 200 7379 "-" "Mozilla/5.0 (Macintosh; Intel Mac OS X 10_15_7) Safari/605.1.15"
9.9.9.9 - - [19/Jun/2026:09:16:15 +0530] "POST / HTTP/1.1" 200 14567 "-" "Mozilla/5.0 (iPhone; CPU iPhone OS 17_4 like Mac OS X) Mobile/15E148 Safari/604.1"
66.249.66.1 - - [19/Jun/2026:09:16:30 +0530] "GET /contact HTTP/1.1" 200 13895 "-" "Mozilla/5.0 (Macintosh; Intel Mac OS X 10_15_7) Safari/605.1.15"
66.249.66.1 - - [19/Jun/2026:09:16:57 +0530] "POST /api/cart HTTP/1.1" 301 21149 "-" "Mozilla/5.0 (Windows NT 10.0; Win64; x64) AppleWebKit/537.36 Chrome/124.0 Safari/537.36"
51.15.76.10 - - [19/Jun/2026:09:16:59 +0530] "GET /login?user=admin%27-- HTTP/1.1" 200 6037 "-" "sqlmap/1.8.4#stable"
45.79.118.42 - - [19/Jun/2026:09:17:03 +0530] "GET /assets/main.css HTTP/1.1" 301 26183 "-" "Mozilla/5.0 (iPhone; CPU iPhone OS 17_4 like Mac OS X) Mobile/15E148 Safari/604.1"
103.48.198.141 - - [19/Jun/2026:09:17:12 +0530] "GET /about HTTP/1.1" 404 9196 "-" "Mozilla/5.0 (X11; Linux x86_64) Firefox/125.0"
66.249.66.1 - - [19/Jun/2026:09:17:15 +0530] "GET /about HTTP/1.1" 301 27506 "-" "Mozilla/5.0 (iPhone; CPU iPhone OS 17_4 like Mac OS X) Mobile/15E148 Safari/604.1"
45.79.118.42 - - [19/Jun/2026:09:17:15 +0530] "GET /api/products HTTP/1.1" 200 25840 "-" "Mozilla/5.0 (X11; Linux x86_64) Firefox/125.0"
45.79.118.42 - - [19/Jun/2026:09:17:36 +0530] "GET / HTTP/1.1" 200 8781 "-" "Mozilla/5.0 (Macintosh; Intel Mac OS X 10_15_7) Safari/605.1.15"
45.79.118.42 - - [19/Jun/2026:09:17:40 +0530] "GET / HTTP/1.1" 404 18302 "-" "Mozilla/5.0 (Macintosh; Intel Mac OS X 10_15_7) Safari/605.1.15"
51.15.76.10 - - [19/Jun/2026:09:17:46 +0530] "GET /item?id=10%20AND%201=1 HTTP/1.1" 200 1444 "-" "sqlmap/1.8.4#stable"
45.79.118.42 - - [19/Jun/2026:09:17:51 +0530] "GET /api/cart HTTP/1.1" 301 22553 "-" "Mozilla/5.0 (X11; Linux x86_64) Firefox/125.0"
103.48.198.141 - - [19/Jun/2026:09:18:00 +0530] "GET / HTTP/1.1" 200 26686 "-" "Mozilla/5.0 (Macintosh; Intel Mac OS X 10_15_7) Safari/605.1.15"
51.15.76.10 - - [19/Jun/2026:09:18:11 +0530] "GET /checkout?coupon=%27%20OR%20%271%27=%271 HTTP/1.1" 400 3105 "-" "sqlmap/1.8.4#stable"
103.48.198.141 - - [19/Jun/2026:09:18:36 +0530] "GET /assets/main.css HTTP/1.1" 200 2952 "-" "Mozilla/5.0 (Macintosh; Intel Mac OS X 10_15_7) Safari/605.1.15"
66.249.66.1 - - [19/Jun/2026:09:18:42 +0530] "GET /checkout HTTP/1.1" 404 15668 "-" "Mozilla/5.0 (X11; Linux x86_64) Firefox/125.0"
45.79.118.42 - - [19/Jun/2026:09:18:45 +0530] "POST /favicon.ico HTTP/1.1" 200 3789 "-" "Mozilla/5.0 (iPhone; CPU iPhone OS 17_4 like Mac OS X) Mobile/15E148 Safari/604.1"
9.9.9.9 - - [19/Jun/2026:09:18:45 +0530] "GET /checkout HTTP/1.1" 404 3563 "-" "Mozilla/5.0 (Macintosh; Intel Mac OS X 10_15_7) Safari/605.1.15"
9.9.9.9 - - [19/Jun/2026:09:18:48 +0530] "GET /checkout HTTP/1.1" 200 3639 "-" "Mozilla/5.0 (X11; Linux x86_64) Firefox/125.0"
45.79.118.42 - - [19/Jun/2026:09:18:50 +0530] "POST /about HTTP/1.1" 301 17929 "-" "Mozilla/5.0 (Macintosh; Intel Mac OS X 10_15_7) Safari/605.1.15"
45.79.118.42 - - [19/Jun/2026:09:19:00 +0530] "POST /assets/main.css HTTP/1.1" 301 22695 "-" "Mozilla/5.0 (iPhone; CPU iPhone OS 17_4 like Mac OS X) Mobile/15E148 Safari/604.1"
45.79.118.42 - - [19/Jun/2026:09:19:15 +0530] "POST /assets/app.js HTTP/1.1" 200 3759 "-" "Mozilla/5.0 (iPhone; CPU iPhone OS 17_4 like Mac OS X) Mobile/15E148 Safari/604.1"
8.8.8.8 - - [19/Jun/2026:09:19:25 +0530] "GET /products HTTP/1.1" 200 11997 "-" "Mozilla/5.0 (iPhone; CPU iPhone OS 17_4 like Mac OS X) Mobile/15E148 Safari/604.1"
45.79.118.42 - - [19/Jun/2026:09:19:44 +0530] "GET /login HTTP/1.1" 200 14156 "-" "Mozilla/5.0 (X11; Linux x86_64) Firefox/125.0"
103.48.198.141 - - [19/Jun/2026:09:19:44 +0530] "POST /login HTTP/1.1" 404 23865 "-" "Mozilla/5.0 (Windows NT 10.0; Win64; x64) AppleWebKit/537.36 Chrome/124.0 Safari/537.36"
66.249.66.1 - - [19/Jun/2026:09:19:48 +0530] "GET /about HTTP/1.1" 404 24125 "-" "Mozilla/5.0 (iPhone; CPU iPhone OS 17_4 like Mac OS X) Mobile/15E148 Safari/604.1"
103.48.198.141 - - [19/Jun/2026:09:20:00 +0530] "GET /api/cart HTTP/1.1" 200 14051 "-" "Mozilla/5.0 (Macintosh; Intel Mac OS X 10_15_7) Safari/605.1.15"
45.79.118.42 - - [19/Jun/2026:09:20:00 +0530] "GET /login HTTP/1.1" 404 18182 "-" "Mozilla/5.0 (Macintosh; Intel Mac OS X 10_15_7) Safari/605.1.15"
8.8.8.8 - - [19/Jun/2026:09:20:45 +0530] "GET /products HTTP/1.1" 301 24630 "-" "Mozilla/5.0 (iPhone; CPU iPhone OS 17_4 like Mac OS X) Mobile/15E148 Safari/604.1"
45.79.118.42 - - [19/Jun/2026:09:20:46 +0530] "GET /api/cart HTTP/1.1" 404 20474 "-" "Mozilla/5.0 (Windows NT 10.0; Win64; x64) AppleWebKit/537.36 Chrome/124.0 Safari/537.36"
66.249.66.1 - - [19/Jun/2026:09:21:00 +0530] "POST /products HTTP/1.1" 404 16354 "-" "Mozilla/5.0 (iPhone; CPU iPhone OS 17_4 like Mac OS X) Mobile/15E148 Safari/604.1"
9.9.9.9 - - [19/Jun/2026:09:21:00 +0530] "GET /checkout HTTP/1.1" 404 4227 "-" "Mozilla/5.0 (Macintosh; Intel Mac OS X 10_15_7) Safari/605.1.15"
9.9.9.9 - - [19/Jun/2026:09:21:00 +0530] "GET /contact HTTP/1.1" 200 15865 "-" "Mozilla/5.0 (Windows NT 10.0; Win64; x64) AppleWebKit/537.36 Chrome/124.0 Safari/537.36"
9.9.9.9 - - [19/Jun/2026:09:21:10 +0530] "POST /api/cart HTTP/1.1" 404 13922 "-" "Mozilla/5.0 (Windows NT 10.0; Win64; x64) AppleWebKit/537.36 Chrome/124.0 Safari/537.36"
103.48.198.141 - - [19/Jun/2026:09:21:14 +0530] "GET /login HTTP/1.1" 200 24395 "-" "Mozilla/5.0 (iPhone; CPU iPhone OS 17_4 like Mac OS X) Mobile/15E148 Safari/604.1"
9.9.9.9 - - [19/Jun/2026:09:21:16 +0530] "POST /api/cart HTTP/1.1" 200 8385 "-" "Mozilla/5.0 (X11; Linux x86_64) Firefox/125.0"
66.249.66.1 - - [19/Jun/2026:09:21:32 +0530] "GET /assets/main.css HTTP/1.1" 200 16429 "-" "Mozilla/5.0 (Windows NT 10.0; Win64; x64) AppleWebKit/537.36 Chrome/124.0 Safari/537.36"
8.8.8.8 - - [19/Jun/2026:09:21:40 +0530] "GET /assets/app.js HTTP/1.1" 200 27519 "-" "Mozilla/5.0 (iPhone; CPU iPhone OS 17_4 like Mac OS X) Mobile/15E148 Safari/604.1"
9.9.9.9 - - [19/Jun/2026:09:21:48 +0530] "GET /products HTTP/1.1" 200 9073 "-" "Mozilla/5.0 (iPhone; CPU iPhone OS 17_4 like Mac OS X) Mobile/15E148 Safari/604.1"
9.9.9.9 - - [19/Jun/2026:09:22:00 +0530] "POST /favicon.ico HTTP/1.1" 200 26894 "-" "Mozilla/5.0 (X11; Linux x86_64) Firefox/125.0"
8.8.8.8 - - [19/Jun/2026:09:22:30 +0530] "GET /contact HTTP/1.1" 200 8801 "-" "Mozilla/5.0 (iPhone; CPU iPhone OS 17_4 like Mac OS X) Mobile/15E148 Safari/604.1"
45.79.118.42 - - [19/Jun/2026:09:22:30 +0530] "GET /api/products HTTP/1.1" 404 12803 "-" "Mozilla/5.0 (X11; Linux x86_64) Firefox/125.0"
66.249.66.1 - - [19/Jun/2026:09:23:06 +0530] "GET /login HTTP/1.1" 200 12123 "-" "Mozilla/5.0 (X11; Linux x86_64) Firefox/125.0"
9.9.9.9 - - [19/Jun/2026:09:24:18 +0530] "GET / HTTP/1.1" 200 13222 "-" "Mozilla/5.0 (X11; Linux x86_64) Firefox/125.0"
45.79.118.42 - - [19/Jun/2026:09:24:23 +0530] "POST /assets/app.js HTTP/1.1" 404 8340 "-" "Mozilla/5.0 (X11; Linux x86_64) Firefox/125.0"
45.79.118.42 - - [19/Jun/2026:09:24:24 +0530] "POST /checkout HTTP/1.1" 200 14395 "-" "Mozilla/5.0 (Windows NT 10.0; Win64; x64) AppleWebKit/537.36 Chrome/124.0 Safari/537.36"
9.9.9.9 - - [19/Jun/2026:09:24:36 +0530] "GET /checkout HTTP/1.1" 200 16146 "-" "Mozilla/5.0 (Windows NT 10.0; Win64; x64) AppleWebKit/537.36 Chrome/124.0 Safari/537.36"
8.8.8.8 - - [19/Jun/2026:09:25:00 +0530] "GET /api/cart HTTP/1.1" 200 2364 "-" "Mozilla/5.0 (Macintosh; Intel Mac OS X 10_15_7) Safari/605.1.15"
66.249.66.1 - - [19/Jun/2026:09:25:10 +0530] "GET /checkout HTTP/1.1" 301 10256 "-" "Mozilla/5.0 (Windows NT 10.0; Win64; x64) AppleWebKit/537.36 Chrome/124.0 Safari/537.36"
66.249.66.1 - - [19/Jun/2026:09:25:30 +0530] "GET /checkout HTTP/1.1" 301 14837 "-" "Mozilla/5.0 (X11; Linux x86_64) Firefox/125.0"
103.48.198.141 - - [19/Jun/2026:09:25:30 +0530] "GET /checkout HTTP/1.1" 200 17817 "-" "Mozilla/5.0 (iPhone; CPU iPhone OS 17_4 like Mac OS X) Mobile/15E148 Safari/604.1"
103.48.198.141 - - [19/Jun/2026:09:25:36 +0530] "GET /api/cart HTTP/1.1" 200 4598 "-" "Mozilla/5.0 (iPhone; CPU iPhone OS 17_4 like Mac OS X) Mobile/15E148 Safari/604.1"
9.9.9.9 - - [19/Jun/2026:09:25:54 +0530] "GET /api/cart HTTP/1.1" 200 2235 "-" "Mozilla/5.0 (Macintosh; Intel Mac OS X 10_15_7) Safari/605.1.15"
103.48.198.141 - - [19/Jun/2026:09:25:57 +0530] "GET /api/products HTTP/1.1" 200 15371 "-" "Mozilla/5.0 (Macintosh; Intel Mac OS X 10_15_7) Safari/605.1.15"
66.249.66.1 - - [19/Jun/2026:09:26:08 +0530] "GET /assets/app.js HTTP/1.1" 200 15562 "-" "Mozilla/5.0 (iPhone; CPU iPhone OS 17_4 like Mac OS X) Mobile/15E148 Safari/604.1"
9.9.9.9 - - [19/Jun/2026:09:26:10 +0530] "GET /contact HTTP/1.1" 200 14331 "-" "Mozilla/5.0 (Macintosh; Intel Mac OS X 10_15_7) Safari/605.1.15"
9.9.9.9 - - [19/Jun/2026:09:26:24 +0530] "GET / HTTP/1.1" 404 20751 "-" "Mozilla/5.0 (Macintosh; Intel Mac OS X 10_15_7) Safari/605.1.15"
103.48.198.141 - - [19/Jun/2026:09:26:36 +0530] "GET /favicon.ico HTTP/1.1" 200 9471 "-" "Mozilla/5.0 (Windows NT 10.0; Win64; x64) AppleWebKit/537.36 Chrome/124.0 Safari/537.36"
8.8.8.8 - - [19/Jun/2026:09:26:36 +0530] "GET /api/cart HTTP/1.1" 200 20546 "-" "Mozilla/5.0 (iPhone; CPU iPhone OS 17_4 like Mac OS X) Mobile/15E148 Safari/604.1"
66.249.66.1 - - [19/Jun/2026:09:26:57 +0530] "GET /api/cart HTTP/1.1" 301 13143 "-" "Mozilla/5.0 (X11; Linux x86_64) Firefox/125.0"
9.9.9.9 - - [19/Jun/2026:09:27:00 +0530] "GET / HTTP/1.1" 301 10117 "-" "Mozilla/5.0 (iPhone; CPU iPhone OS 17_4 like Mac OS X) Mobile/15E148 Safari/604.1"
8.8.8.8 - - [19/Jun/2026:09:27:00 +0530] "GET /contact HTTP/1.1" 200 16273 "-" "Mozilla/5.0 (Macintosh; Intel Mac OS X 10_15_7) Safari/605.1.15"
66.249.66.1 - - [19/Jun/2026:09:27:12 +0530] "GET /contact HTTP/1.1" 200 20440 "-" "Mozilla/5.0 (Macintosh; Intel Mac OS X 10_15_7) Safari/605.1.15"
8.8.8.8 - - [19/Jun/2026:09:27:42 +0530] "GET /login HTTP/1.1" 301 18565 "-" "Mozilla/5.0 (X11; Linux x86_64) Firefox/125.0"
8.8.8.8 - - [19/Jun/2026:09:27:50 +0530] "GET /assets/main.css HTTP/1.1" 404 25614 "-" "Mozilla/5.0 (Macintosh; Intel Mac OS X 10_15_7) Safari/605.1.15"
66.249.66.1 - - [19/Jun/2026:09:28:03 +0530] "GET /contact HTTP/1.1" 301 18185 "-" "Mozilla/5.0 (X11; Linux x86_64) Firefox/125.0"
8.8.8.8 - - [19/Jun/2026:09:28:05 +0530] "POST /api/products HTTP/1.1" 200 25499 "-" "Mozilla/5.0 (X11; Linux x86_64) Firefox/125.0"
103.48.198.141 - - [19/Jun/2026:09:28:15 +0530] "POST /api/cart HTTP/1.1" 200 14084 "-" "Mozilla/5.0 (X11; Linux x86_64) Firefox/125.0"
8.8.8.8 - - [19/Jun/2026:09:28:40 +0530] "GET /login HTTP/1.1" 301 21549 "-" "Mozilla/5.0 (Windows NT 10.0; Win64; x64) AppleWebKit/537.36 Chrome/124.0 Safari/537.36"
103.48.198.141 - - [19/Jun/2026:09:28:56 +0530] "GET /api/cart HTTP/1.1" 200 6485 "-" "Mozilla/5.0 (Macintosh; Intel Mac OS X 10_15_7) Safari/605.1.15"
9.9.9.9 - - [19/Jun/2026:09:29:40 +0530] "GET /api/products HTTP/1.1" 200 3004 "-" "Mozilla/5.0 (Windows NT 10.0; Win64; x64) AppleWebKit/537.36 Chrome/124.0 Safari/537.36"
45.79.118.42 - - [19/Jun/2026:09:29:45 +0530] "GET /products HTTP/1.1" 200 2754 "-" "Mozilla/5.0 (Macintosh; Intel Mac OS X 10_15_7) Safari/605.1.15"
45.79.118.42 - - [19/Jun/2026:09:29:48 +0530] "GET / HTTP/1.1" 200 11429 "-" "Mozilla/5.0 (Windows NT 10.0; Win64; x64) AppleWebKit/537.36 Chrome/124.0 Safari/537.36"
66.249.66.1 - - [19/Jun/2026:09:30:20 +0530] "POST /about HTTP/1.1" 200 6981 "-" "Mozilla/5.0 (Macintosh; Intel Mac OS X 10_15_7) Safari/605.1.15"
8.8.8.8 - - [19/Jun/2026:09:30:40 +0530] "POST /favicon.ico HTTP/1.1" 301 20556 "-" "Mozilla/5.0 (Windows NT 10.0; Win64; x64) AppleWebKit/537.36 Chrome/124.0 Safari/537.36"
9.9.9.9 - - [19/Jun/2026:09:31:09 +0530] "GET /about HTTP/1.1" 200 24616 "-" "Mozilla/5.0 (X11; Linux x86_64) Firefox/125.0"
8.8.8.8 - - [19/Jun/2026:09:31:12 +0530] "POST /login HTTP/1.1" 404 8448 "-" "Mozilla/5.0 (X11; Linux x86_64) Firefox/125.0"
8.8.8.8 - - [19/Jun/2026:09:31:12 +0530] "GET / HTTP/1.1" 200 25278 "-" "Mozilla/5.0 (iPhone; CPU iPhone OS 17_4 like Mac OS X) Mobile/15E148 Safari/604.1"
45.79.118.42 - - [19/Jun/2026:09:31:12 +0530] "GET /products HTTP/1.1" 200 10492 "-" "Mozilla/5.0 (Windows NT 10.0; Win64; x64) AppleWebKit/537.36 Chrome/124.0 Safari/537.36"
66.249.66.1 - - [19/Jun/2026:09:31:15 +0530] "GET /products HTTP/1.1" 200 9345 "-" "Mozilla/5.0 (iPhone; CPU iPhone OS 17_4 like Mac OS X) Mobile/15E148 Safari/604.1"
103.48.198.141 - - [19/Jun/2026:09:31:48 +0530] "POST / HTTP/1.1" 200 6431 "-" "Mozilla/5.0 (iPhone; CPU iPhone OS 17_4 like Mac OS X) Mobile/15E148 Safari/604.1"
45.79.118.42 - - [19/Jun/2026:09:31:50 +0530] "POST /login HTTP/1.1" 200 3597 "-" "Mozilla/5.0 (Windows NT 10.0; Win64; x64) AppleWebKit/537.36 Chrome/124.0 Safari/537.36"
66.249.66.1 - - [19/Jun/2026:09:31:50 +0530] "POST /favicon.ico HTTP/1.1" 200 1315 "-" "Mozilla/5.0 (Windows NT 10.0; Win64; x64) AppleWebKit/537.36 Chrome/124.0 Safari/537.36"
45.33.32.156 - - [19/Jun/2026:09:32:00 +0530] "GET /search?q=%3Cscript%3Ealert(1)%3C/script%3E HTTP/1.1" 403 1117 "-" "Mozilla/5.0 attack-scanner"
66.249.66.1 - - [19/Jun/2026:09:32:06 +0530] "POST /contact HTTP/1.1" 200 26131 "-" "Mozilla/5.0 (Macintosh; Intel Mac OS X 10_15_7) Safari/605.1.15"
9.9.9.9 - - [19/Jun/2026:09:32:16 +0530] "GET /assets/app.js HTTP/1.1" 301 16980 "-" "Mozilla/5.0 (iPhone; CPU iPhone OS 17_4 like Mac OS X) Mobile/15E148 Safari/604.1"
45.79.118.42 - - [19/Jun/2026:09:32:36 +0530] "GET /assets/app.js HTTP/1.1" 200 14133 "-" "Mozilla/5.0 (iPhone; CPU iPhone OS 17_4 like Mac OS X) Mobile/15E148 Safari/604.1"
45.33.32.156 - - [19/Jun/2026:09:32:44 +0530] "GET /comment?text=%3Cimg%20src=x%20onerror=alert(1)%3E HTTP/1.1" 200 4579 "-" "python-requests/2.31"
103.48.198.141 - - [19/Jun/2026:09:32:48 +0530] "GET /login HTTP/1.1" 404 22097 "-" "Mozilla/5.0 (X11; Linux x86_64) Firefox/125.0"
9.9.9.9 - - [19/Jun/2026:09:32:54 +0530] "GET /contact HTTP/1.1" 200 11226 "-" "Mozilla/5.0 (iPhone; CPU iPhone OS 17_4 like Mac OS X) Mobile/15E148 Safari/604.1"
66.249.66.1 - - [19/Jun/2026:09:33:01 +0530] "GET /products HTTP/1.1" 200 17277 "-" "Mozilla/5.0 (Windows NT 10.0; Win64; x64) AppleWebKit/537.36 Chrome/124.0 Safari/537.36"
45.33.32.156 - - [19/Jun/2026:09:33:02 +0530] "GET /profile?name=%3Csvg%20onload=alert(1)%3E HTTP/1.1" 200 6619 "-" "curl/8.4.0"
8.8.8.8 - - [19/Jun/2026:09:33:10 +0530] "GET /products HTTP/1.1" 200 19357 "-" "Mozilla/5.0 (iPhone; CPU iPhone OS 17_4 like Mac OS X) Mobile/15E148 Safari/604.1"
66.249.66.1 - - [19/Jun/2026:09:33:26 +0530] "GET /contact HTTP/1.1" 200 18644 "-" "Mozilla/5.0 (Macintosh; Intel Mac OS X 10_15_7) Safari/605.1.15"
45.33.32.156 - - [19/Jun/2026:09:33:41 +0530] "GET /feedback?msg=javascript:alert(1) HTTP/1.1" 400 2173 "-" "Mozilla/5.0 attack-scanner"
8.8.8.8 - - [19/Jun/2026:09:34:00 +0530] "GET /about HTTP/1.1" 200 16158 "-" "Mozilla/5.0 (X11; Linux x86_64) Firefox/125.0"
9.9.9.9 - - [19/Jun/2026:09:34:04 +0530] "POST /about HTTP/1.1" 200 7485 "-" "Mozilla/5.0 (X11; Linux x86_64) Firefox/125.0"
9.9.9.9 - - [19/Jun/2026:09:34:10 +0530] "GET /api/cart HTTP/1.1" 404 23032 "-" "Mozilla/5.0 (iPhone; CPU iPhone OS 17_4 like Mac OS X) Mobile/15E148 Safari/604.1"
9.9.9.9 - - [19/Jun/2026:09:34:15 +0530] "GET /assets/main.css HTTP/1.1" 200 27147 "-" "Mozilla/5.0 (X11; Linux x86_64) Firefox/125.0"
8.8.8.8 - - [19/Jun/2026:09:34:18 +0530] "GET /checkout HTTP/1.1" 200 16085 "-" "Mozilla/5.0 (Windows NT 10.0; Win64; x64) AppleWebKit/537.36 Chrome/124.0 Safari/537.36"
45.33.32.156 - - [19/Jun/2026:09:34:20 +0530] "GET /review?body=%3Ciframe%20src=javascript:alert(1)%3E HTTP/1.1" 200 1659 "-" "curl/8.4.0"
66.249.66.1 - - [19/Jun/2026:09:34:24 +0530] "GET / HTTP/1.1" 301 17363 "-" "Mozilla/5.0 (Macintosh; Intel Mac OS X 10_15_7) Safari/605.1.15"
45.79.118.42 - - [19/Jun/2026:09:34:36 +0530] "POST /login HTTP/1.1" 301 15397 "-" "Mozilla/5.0 (Windows NT 10.0; Win64; x64) AppleWebKit/537.36 Chrome/124.0 Safari/537.36"
9.9.9.9 - - [19/Jun/2026:09:34:39 +0530] "GET /contact HTTP/1.1" 200 27912 "-" "Mozilla/5.0 (iPhone; CPU iPhone OS 17_4 like Mac OS X) Mobile/15E148 Safari/604.1"
45.33.32.156 - - [19/Jun/2026:09:34:44 +0530] "GET /support?message=%3Cbody%20onload=alert(1)%3E HTTP/1.1" 400 3717 "-" "python-requests/2.31"
9.9.9.9 - - [19/Jun/2026:09:34:50 +0530] "GET /checkout HTTP/1.1" 200 11040 "-" "Mozilla/5.0 (X11; Linux x86_64) Firefox/125.0"
8.8.8.8 - - [19/Jun/2026:09:35:07 +0530] "GET /contact HTTP/1.1" 200 2282 "-" "Mozilla/5.0 (iPhone; CPU iPhone OS 17_4 like Mac OS X) Mobile/15E148 Safari/604.1"
8.8.8.8 - - [19/Jun/2026:09:35:08 +0530] "GET /products HTTP/1.1" 200 17805 "-" "Mozilla/5.0 (iPhone; CPU iPhone OS 17_4 like Mac OS X) Mobile/15E148 Safari/604.1"
103.48.198.141 - - [19/Jun/2026:09:35:12 +0530] "GET /products HTTP/1.1" 301 2765 "-" "Mozilla/5.0 (X11; Linux x86_64) Firefox/125.0"
45.79.118.42 - - [19/Jun/2026:09:35:14 +0530] "GET /products HTTP/1.1" 200 20771 "-" "Mozilla/5.0 (iPhone; CPU iPhone OS 17_4 like Mac OS X) Mobile/15E148 Safari/604.1"
45.79.118.42 - - [19/Jun/2026:09:35:28 +0530] "GET /assets/app.js HTTP/1.1" 200 18896 "-" "Mozilla/5.0 (iPhone; CPU iPhone OS 17_4 like Mac OS X) Mobile/15E148 Safari/604.1"
45.79.118.42 - - [19/Jun/2026:09:35:28 +0530] "POST /assets/main.css HTTP/1.1" 200 8408 "-" "Mozilla/5.0 (iPhone; CPU iPhone OS 17_4 like Mac OS X) Mobile/15E148 Safari/604.1"
103.48.198.141 - - [19/Jun/2026:09:35:28 +0530] "POST /checkout HTTP/1.1" 200 19079 "-" "Mozilla/5.0 (X11; Linux x86_64) Firefox/125.0"
103.48.198.141 - - [19/Jun/2026:09:35:45 +0530] "GET /checkout HTTP/1.1" 404 4383 "-" "Mozilla/5.0 (Macintosh; Intel Mac OS X 10_15_7) Safari/605.1.15"
66.249.66.1 - - [19/Jun/2026:09:35:49 +0530] "GET /checkout HTTP/1.1" 301 11237 "-" "Mozilla/5.0 (Macintosh; Intel Mac OS X 10_15_7) Safari/605.1.15"
9.9.9.9 - - [19/Jun/2026:09:35:51 +0530] "GET /checkout HTTP/1.1" 404 19491 "-" "Mozilla/5.0 (iPhone; CPU iPhone OS 17_4 like Mac OS X) Mobile/15E148 Safari/604.1"
45.79.118.42 - - [19/Jun/2026:09:36:05 +0530] "GET /api/cart HTTP/1.1" 404 27300 "-" "Mozilla/5.0 (Windows NT 10.0; Win64; x64) AppleWebKit/537.36 Chrome/124.0 Safari/537.36"
45.79.118.42 - - [19/Jun/2026:09:36:31 +0530] "GET /assets/main.css HTTP/1.1" 404 4401 "-" "Mozilla/5.0 (Macintosh; Intel Mac OS X 10_15_7) Safari/605.1.15"
8.8.8.8 - - [19/Jun/2026:09:36:38 +0530] "GET / HTTP/1.1" 404 13769 "-" "Mozilla/5.0 (X11; Linux x86_64) Firefox/125.0"
103.48.198.141 - - [19/Jun/2026:09:36:48 +0530] "GET /login HTTP/1.1" 200 6457 "-" "Mozilla/5.0 (iPhone; CPU iPhone OS 17_4 like Mac OS X) Mobile/15E148 Safari/604.1"
9.9.9.9 - - [19/Jun/2026:09:36:51 +0530] "POST /checkout HTTP/1.1" 200 12925 "-" "Mozilla/5.0 (X11; Linux x86_64) Firefox/125.0"
9.9.9.9 - - [19/Jun/2026:09:37:00 +0530] "POST /favicon.ico HTTP/1.1" 200 16865 "-" "Mozilla/5.0 (iPhone; CPU iPhone OS 17_4 like Mac OS X) Mobile/15E148 Safari/604.1"
45.79.118.42 - - [19/Jun/2026:09:37:03 +0530] "POST /about HTTP/1.1" 200 22770 "-" "Mozilla/5.0 (iPhone; CPU iPhone OS 17_4 like Mac OS X) Mobile/15E148 Safari/604.1"
103.48.198.141 - - [19/Jun/2026:09:37:07 +0530] "GET /api/cart HTTP/1.1" 301 5093 "-" "Mozilla/5.0 (X11; Linux x86_64) Firefox/125.0"
45.79.118.42 - - [19/Jun/2026:09:37:12 +0530] "GET /about HTTP/1.1" 200 12625 "-" "Mozilla/5.0 (X11; Linux x86_64) Firefox/125.0"
66.249.66.1 - - [19/Jun/2026:09:37:36 +0530] "POST /login HTTP/1.1" 404 4549 "-" "Mozilla/5.0 (Macintosh; Intel Mac OS X 10_15_7) Safari/605.1.15"
103.48.198.141 - - [19/Jun/2026:09:37:48 +0530] "GET /api/products HTTP/1.1" 200 22749 "-" "Mozilla/5.0 (Macintosh; Intel Mac OS X 10_15_7) Safari/605.1.15"
8.8.8.8 - - [19/Jun/2026:09:37:50 +0530] "GET /contact HTTP/1.1" 200 26177 "-" "Mozilla/5.0 (X11; Linux x86_64) Firefox/125.0"
9.9.9.9 - - [19/Jun/2026:09:37:52 +0530] "POST /favicon.ico HTTP/1.1" 404 5784 "-" "Mozilla/5.0 (iPhone; CPU iPhone OS 17_4 like Mac OS X) Mobile/15E148 Safari/604.1"
66.249.66.1 - - [19/Jun/2026:09:38:08 +0530] "GET /products HTTP/1.1" 404 10722 "-" "Mozilla/5.0 (Windows NT 10.0; Win64; x64) AppleWebKit/537.36 Chrome/124.0 Safari/537.36"
103.48.198.141 - - [19/Jun/2026:09:38:10 +0530] "POST /api/cart HTTP/1.1" 200 24515 "-" "Mozilla/5.0 (Macintosh; Intel Mac OS X 10_15_7) Safari/605.1.15"
8.8.8.8 - - [19/Jun/2026:09:38:15 +0530] "POST /api/cart HTTP/1.1" 404 1107 "-" "Mozilla/5.0 (iPhone; CPU iPhone OS 17_4 like Mac OS X) Mobile/15E148 Safari/604.1"
103.48.198.141 - - [19/Jun/2026:09:38:20 +0530] "GET /checkout HTTP/1.1" 200 22297 "-" "Mozilla/5.0 (iPhone; CPU iPhone OS 17_4 like Mac OS X) Mobile/15E148 Safari/604.1"
9.9.9.9 - - [19/Jun/2026:09:38:23 +0530] "GET / HTTP/1.1" 200 26619 "-" "Mozilla/5.0 (iPhone; CPU iPhone OS 17_4 like Mac OS X) Mobile/15E148 Safari/604.1"
8.8.8.8 - - [19/Jun/2026:09:38:30 +0530] "GET / HTTP/1.1" 200 19410 "-" "Mozilla/5.0 (Windows NT 10.0; Win64; x64) AppleWebKit/537.36 Chrome/124.0 Safari/537.36"
9.9.9.9 - - [19/Jun/2026:09:38:40 +0530] "GET /products HTTP/1.1" 404 10691 "-" "Mozilla/5.0 (Macintosh; Intel Mac OS X 10_15_7) Safari/605.1.15"
66.249.66.1 - - [19/Jun/2026:09:38:42 +0530] "GET /favicon.ico HTTP/1.1" 301 15938 "-" "Mozilla/5.0 (iPhone; CPU iPhone OS 17_4 like Mac OS X) Mobile/15E148 Safari/604.1"
8.8.8.8 - - [19/Jun/2026:09:38:42 +0530] "POST /about HTTP/1.1" 301 8769 "-" "Mozilla/5.0 (Macintosh; Intel Mac OS X 10_15_7) Safari/605.1.15"
66.249.66.1 - - [19/Jun/2026:09:38:44 +0530] "POST /api/cart HTTP/1.1" 200 27303 "-" "Mozilla/5.0 (Windows NT 10.0; Win64; x64) AppleWebKit/537.36 Chrome/124.0 Safari/537.36"
9.9.9.9 - - [19/Jun/2026:09:38:45 +0530] "GET /about HTTP/1.1" 200 7327 "-" "Mozilla/5.0 (iPhone; CPU iPhone OS 17_4 like Mac OS X) Mobile/15E148 Safari/604.1"
9.9.9.9 - - [19/Jun/2026:09:38:58 +0530] "GET /login HTTP/1.1" 404 8461 "-" "Mozilla/5.0 (iPhone; CPU iPhone OS 17_4 like Mac OS X) Mobile/15E148 Safari/604.1"
9.9.9.9 - - [19/Jun/2026:09:39:00 +0530] "POST /favicon.ico HTTP/1.1" 200 19341 "-" "Mozilla/5.0 (Windows NT 10.0; Win64; x64) AppleWebKit/537.36 Chrome/124.0 Safari/537.36"
66.249.66.1 - - [19/Jun/2026:09:39:05 +0530] "POST /contact HTTP/1.1" 301 11545 "-" "Mozilla/5.0 (Windows NT 10.0; Win64; x64) AppleWebKit/537.36 Chrome/124.0 Safari/537.36"
8.8.8.8 - - [19/Jun/2026:09:39:05 +0530] "GET /contact HTTP/1.1" 404 5131 "-" "Mozilla/5.0 (iPhone; CPU iPhone OS 17_4 like Mac OS X) Mobile/15E148 Safari/604.1"
103.48.198.141 - - [19/Jun/2026:09:39:09 +0530] "GET /api/cart HTTP/1.1" 200 26386 "-" "Mozilla/5.0 (Windows NT 10.0; Win64; x64) AppleWebKit/537.36 Chrome/124.0 Safari/537.36"
8.8.8.8 - - [19/Jun/2026:09:39:24 +0530] "GET /assets/main.css HTTP/1.1" 200 19369 "-" "Mozilla/5.0 (iPhone; CPU iPhone OS 17_4 like Mac OS X) Mobile/15E148 Safari/604.1"
66.249.66.1 - - [19/Jun/2026:09:39:39 +0530] "GET /about HTTP/1.1" 301 8059 "-" "Mozilla/5.0 (Windows NT 10.0; Win64; x64) AppleWebKit/537.36 Chrome/124.0 Safari/537.36"
9.9.9.9 - - [19/Jun/2026:09:39:47 +0530] "GET /about HTTP/1.1" 404 20648 "-" "Mozilla/5.0 (X11; Linux x86_64) Firefox/125.0"
45.79.118.42 - - [19/Jun/2026:09:39:52 +0530] "GET / HTTP/1.1" 200 10019 "-" "Mozilla/5.0 (iPhone; CPU iPhone OS 17_4 like Mac OS X) Mobile/15E148 Safari/604.1"
45.79.118.42 - - [19/Jun/2026:09:40:00 +0530] "GET /favicon.ico HTTP/1.1" 404 2091 "-" "Mozilla/5.0 (X11; Linux x86_64) Firefox/125.0"
45.79.118.42 - - [19/Jun/2026:09:40:08 +0530] "POST /favicon.ico HTTP/1.1" 200 16834 "-" "Mozilla/5.0 (iPhone; CPU iPhone OS 17_4 like Mac OS X) Mobile/15E148 Safari/604.1"
8.8.8.8 - - [19/Jun/2026:09:40:10 +0530] "GET / HTTP/1.1" 200 26663 "-" "Mozilla/5.0 (iPhone; CPU iPhone OS 17_4 like Mac OS X) Mobile/15E148 Safari/604.1"
103.48.198.141 - - [19/Jun/2026:09:40:24 +0530] "GET /checkout HTTP/1.1" 301 3849 "-" "Mozilla/5.0 (X11; Linux x86_64) Firefox/125.0"
45.79.118.42 - - [19/Jun/2026:09:40:48 +0530] "POST /api/cart HTTP/1.1" 200 10622 "-" "Mozilla/5.0 (iPhone; CPU iPhone OS 17_4 like Mac OS X) Mobile/15E148 Safari/604.1"
45.79.118.42 - - [19/Jun/2026:09:40:57 +0530] "POST /checkout HTTP/1.1" 200 15497 "-" "Mozilla/5.0 (iPhone; CPU iPhone OS 17_4 like Mac OS X) Mobile/15E148 Safari/604.1"
9.9.9.9 - - [19/Jun/2026:09:41:00 +0530] "GET /checkout HTTP/1.1" 200 9159 "-" "Mozilla/5.0 (Windows NT 10.0; Win64; x64) AppleWebKit/537.36 Chrome/124.0 Safari/537.36"
8.8.8.8 - - [19/Jun/2026:09:41:05 +0530] "GET /assets/main.css HTTP/1.1" 404 13824 "-" "Mozilla/5.0 (Windows NT 10.0; Win64; x64) AppleWebKit/537.36 Chrome/124.0 Safari/537.36"
103.48.198.141 - - [19/Jun/2026:09:41:06 +0530] "GET /contact HTTP/1.1" 200 26611 "-" "Mozilla/5.0 (X11; Linux x86_64) Firefox/125.0"
103.48.198.141 - - [19/Jun/2026:09:41:24 +0530] "GET /api/cart HTTP/1.1" 301 19802 "-" "Mozilla/5.0 (iPhone; CPU iPhone OS 17_4 like Mac OS X) Mobile/15E148 Safari/604.1"
8.8.8.8 - - [19/Jun/2026:09:41:35 +0530] "GET /api/cart HTTP/1.1" 301 26506 "-" "Mozilla/5.0 (X11; Linux x86_64) Firefox/125.0"
45.79.118.42 - - [19/Jun/2026:09:41:42 +0530] "POST /assets/app.js HTTP/1.1" 200 12109 "-" "Mozilla/5.0 (X11; Linux x86_64) Firefox/125.0"
45.79.118.42 - - [19/Jun/2026:09:41:42 +0530] "GET /checkout HTTP/1.1" 301 8147 "-" "Mozilla/5.0 (Windows NT 10.0; Win64; x64) AppleWebKit/537.36 Chrome/124.0 Safari/537.36"
9.9.9.9 - - [19/Jun/2026:09:41:55 +0530] "GET /login HTTP/1.1" 200 18160 "-" "Mozilla/5.0 (Macintosh; Intel Mac OS X 10_15_7) Safari/605.1.15"
45.79.118.42 - - [19/Jun/2026:09:42:05 +0530] "POST /checkout HTTP/1.1" 200 25307 "-" "Mozilla/5.0 (Windows NT 10.0; Win64; x64) AppleWebKit/537.36 Chrome/124.0 Safari/537.36"
8.8.8.8 - - [19/Jun/2026:09:42:14 +0530] "GET /products HTTP/1.1" 200 2517 "-" "Mozilla/5.0 (Macintosh; Intel Mac OS X 10_15_7) Safari/605.1.15"
9.9.9.9 - - [19/Jun/2026:09:42:15 +0530] "GET /favicon.ico HTTP/1.1" 200 4623 "-" "Mozilla/5.0 (Macintosh; Intel Mac OS X 10_15_7) Safari/605.1.15"
8.8.8.8 - - [19/Jun/2026:09:42:32 +0530] "GET /api/products HTTP/1.1" 404 23901 "-" "Mozilla/5.0 (iPhone; CPU iPhone OS 17_4 like Mac OS X) Mobile/15E148 Safari/604.1"
8.8.8.8 - - [19/Jun/2026:09:43:30 +0530] "POST /assets/app.js HTTP/1.1" 404 11069 "-" "Mozilla/5.0 (iPhone; CPU iPhone OS 17_4 like Mac OS X) Mobile/15E148 Safari/604.1"
8.8.8.8 - - [19/Jun/2026:09:43:48 +0530] "POST /checkout HTTP/1.1" 404 24350 "-" "Mozilla/5.0 (iPhone; CPU iPhone OS 17_4 like Mac OS X) Mobile/15E148 Safari/604.1"
8.8.8.8 - - [19/Jun/2026:09:43:55 +0530] "GET /about HTTP/1.1" 301 12512 "-" "Mozilla/5.0 (Macintosh; Intel Mac OS X 10_15_7) Safari/605.1.15"
66.249.66.1 - - [19/Jun/2026:09:44:00 +0530] "GET /login HTTP/1.1" 404 14710 "-" "Mozilla/5.0 (Windows NT 10.0; Win64; x64) AppleWebKit/537.36 Chrome/124.0 Safari/537.36"
66.249.66.1 - - [19/Jun/2026:09:44:06 +0530] "GET /assets/main.css HTTP/1.1" 200 8492 "-" "Mozilla/5.0 (X11; Linux x86_64) Firefox/125.0"
66.249.66.1 - - [19/Jun/2026:09:44:13 +0530] "GET /assets/app.js HTTP/1.1" 200 3235 "-" "Mozilla/5.0 (Windows NT 10.0; Win64; x64) AppleWebKit/537.36 Chrome/124.0 Safari/537.36"
9.9.9.9 - - [19/Jun/2026:09:44:15 +0530] "GET /products HTTP/1.1" 200 2458 "-" "Mozilla/5.0 (X11; Linux x86_64) Firefox/125.0"
103.48.198.141 - - [19/Jun/2026:09:44:24 +0530] "GET /checkout HTTP/1.1" 200 3314 "-" "Mozilla/5.0 (Windows NT 10.0; Win64; x64) AppleWebKit/537.36 Chrome/124.0 Safari/537.36"
8.8.8.8 - - [19/Jun/2026:09:44:38 +0530] "GET /api/products HTTP/1.1" 200 20438 "-" "Mozilla/5.0 (Windows NT 10.0; Win64; x64) AppleWebKit/537.36 Chrome/124.0 Safari/537.36"
66.249.66.1 - - [19/Jun/2026:09:44:48 +0530] "GET /checkout HTTP/1.1" 301 16385 "-" "Mozilla/5.0 (Macintosh; Intel Mac OS X 10_15_7) Safari/605.1.15"
66.249.66.1 - - [19/Jun/2026:09:44:50 +0530] "GET / HTTP/1.1" 200 20708 "-" "Mozilla/5.0 (iPhone; CPU iPhone OS 17_4 like Mac OS X) Mobile/15E148 Safari/604.1"
66.249.66.1 - - [19/Jun/2026:09:44:55 +0530] "GET /api/products HTTP/1.1" 200 3474 "-" "Mozilla/5.0 (X11; Linux x86_64) Firefox/125.0"
45.79.118.42 - - [19/Jun/2026:09:45:03 +0530] "GET /api/products HTTP/1.1" 404 7030 "-" "Mozilla/5.0 (X11; Linux x86_64) Firefox/125.0"
8.8.8.8 - - [19/Jun/2026:09:45:20 +0530] "POST /login HTTP/1.1" 301 5311 "-" "Mozilla/5.0 (X11; Linux x86_64) Firefox/125.0"
9.9.9.9 - - [19/Jun/2026:09:45:25 +0530] "POST /contact HTTP/1.1" 200 14366 "-" "Mozilla/5.0 (iPhone; CPU iPhone OS 17_4 like Mac OS X) Mobile/15E148 Safari/604.1"
66.249.66.1 - - [19/Jun/2026:09:45:30 +0530] "GET /products HTTP/1.1" 404 16600 "-" "Mozilla/5.0 (Macintosh; Intel Mac OS X 10_15_7) Safari/605.1.15"
9.9.9.9 - - [19/Jun/2026:09:45:37 +0530] "GET /assets/main.css HTTP/1.1" 200 24797 "-" "Mozilla/5.0 (Macintosh; Intel Mac OS X 10_15_7) Safari/605.1.15"
8.8.8.8 - - [19/Jun/2026:09:45:51 +0530] "GET /api/products HTTP/1.1" 301 5524 "-" "Mozilla/5.0 (iPhone; CPU iPhone OS 17_4 like Mac OS X) Mobile/15E148 Safari/604.1"
45.79.118.42 - - [19/Jun/2026:09:45:58 +0530] "POST /assets/app.js HTTP/1.1" 301 20905 "-" "Mozilla/5.0 (Windows NT 10.0; Win64; x64) AppleWebKit/537.36 Chrome/124.0 Safari/537.36"
185.220.101.1 - - [19/Jun/2026:09:46:00 +0530] "GET /../../etc/passwd HTTP/1.1" 404 4263 "-" "sqlmap/1.8.4#stable"
66.249.66.1 - - [19/Jun/2026:09:46:01 +0530] "POST /login HTTP/1.1" 200 17178 "-" "Mozilla/5.0 (Windows NT 10.0; Win64; x64) AppleWebKit/537.36 Chrome/124.0 Safari/537.36"
8.8.8.8 - - [19/Jun/2026:09:46:10 +0530] "GET /contact HTTP/1.1" 200 10451 "-" "Mozilla/5.0 (iPhone; CPU iPhone OS 17_4 like Mac OS X) Mobile/15E148 Safari/604.1"
66.249.66.1 - - [19/Jun/2026:09:46:11 +0530] "GET /assets/app.js HTTP/1.1" 301 9730 "-" "Mozilla/5.0 (Macintosh; Intel Mac OS X 10_15_7) Safari/605.1.15"
8.8.8.8 - - [19/Jun/2026:09:46:12 +0530] "GET /products HTTP/1.1" 200 23826 "-" "Mozilla/5.0 (X11; Linux x86_64) Firefox/125.0"
9.9.9.9 - - [19/Jun/2026:09:46:45 +0530] "GET /favicon.ico HTTP/1.1" 200 13032 "-" "Mozilla/5.0 (X11; Linux x86_64) Firefox/125.0"
185.220.101.1 - - [19/Jun/2026:09:46:46 +0530] "GET /admin/../../../../etc/shadow HTTP/1.1" 200 5022 "-" "python-requests/2.31"
9.9.9.9 - - [19/Jun/2026:09:46:48 +0530] "GET /api/products HTTP/1.1" 200 19540 "-" "Mozilla/5.0 (X11; Linux x86_64) Firefox/125.0"
66.249.66.1 - - [19/Jun/2026:09:46:48 +0530] "GET /checkout HTTP/1.1" 200 24634 "-" "Mozilla/5.0 (Macintosh; Intel Mac OS X 10_15_7) Safari/605.1.15"
103.48.198.141 - - [19/Jun/2026:09:47:00 +0530] "POST /about HTTP/1.1" 404 17752 "-" "Mozilla/5.0 (X11; Linux x86_64) Firefox/125.0"
45.79.118.42 - - [19/Jun/2026:09:47:00 +0530] "POST /login HTTP/1.1" 404 27209 "-" "Mozilla/5.0 (Windows NT 10.0; Win64; x64) AppleWebKit/537.36 Chrome/124.0 Safari/537.36"
9.9.9.9 - - [19/Jun/2026:09:47:01 +0530] "POST /assets/app.js HTTP/1.1" 301 17591 "-" "Mozilla/5.0 (iPhone; CPU iPhone OS 17_4 like Mac OS X) Mobile/15E148 Safari/604.1"
8.8.8.8 - - [19/Jun/2026:09:47:06 +0530] "GET /api/cart HTTP/1.1" 200 13341 "-" "Mozilla/5.0 (Macintosh; Intel Mac OS X 10_15_7) Safari/605.1.15"
9.9.9.9 - - [19/Jun/2026:09:47:20 +0530] "GET /products HTTP/1.1" 200 6976 "-" "Mozilla/5.0 (Windows NT 10.0; Win64; x64) AppleWebKit/537.36 Chrome/124.0 Safari/537.36"
45.79.118.42 - - [19/Jun/2026:09:47:29 +0530] "GET /api/cart HTTP/1.1" 200 16958 "-" "Mozilla/5.0 (Macintosh; Intel Mac OS X 10_15_7) Safari/605.1.15"
185.220.101.1 - - [19/Jun/2026:09:47:31 +0530] "GET /download?file=../../../../etc/passwd HTTP/1.1" 404 2075 "-" "sqlmap/1.8.4#stable"
9.9.9.9 - - [19/Jun/2026:09:47:36 +0530] "POST /api/cart HTTP/1.1" 200 25537 "-" "Mozilla/5.0 (Windows NT 10.0; Win64; x64) AppleWebKit/537.36 Chrome/124.0 Safari/537.36"
66.249.66.1 - - [19/Jun/2026:09:47:36 +0530] "GET /about HTTP/1.1" 200 18298 "-" "Mozilla/5.0 (Macintosh; Intel Mac OS X 10_15_7) Safari/605.1.15"
103.48.198.141 - - [19/Jun/2026:09:47:44 +0530] "POST /about HTTP/1.1" 200 18486 "-" "Mozilla/5.0 (Macintosh; Intel Mac OS X 10_15_7) Safari/605.1.15"
185.220.101.1 - - [19/Jun/2026:09:47:55 +0530] "GET /static/..%2F..%2F..%2Fwindows%2Fwin.ini HTTP/1.1" 404 2366 "-" "python-requests/2.31"
8.8.8.8 - - [19/Jun/2026:09:48:00 +0530] "POST /assets/app.js HTTP/1.1" 301 14518 "-" "Mozilla/5.0 (Macintosh; Intel Mac OS X 10_15_7) Safari/605.1.15"
103.48.198.141 - - [19/Jun/2026:09:48:15 +0530] "POST /checkout HTTP/1.1" 404 25385 "-" "Mozilla/5.0 (iPhone; CPU iPhone OS 17_4 like Mac OS X) Mobile/15E148 Safari/604.1"
103.48.198.141 - - [19/Jun/2026:09:48:18 +0530] "GET /login HTTP/1.1" 200 15295 "-" "Mozilla/5.0 (X11; Linux x86_64) Firefox/125.0"
185.220.101.1 - - [19/Jun/2026:09:48:22 +0530] "GET /backup?name=..%2F..%2F..%2Fetc%2Fhosts HTTP/1.1" 200 1327 "-" "curl/8.4.0"
9.9.9.9 - - [19/Jun/2026:09:48:32 +0530] "GET /login HTTP/1.1" 200 15489 "-" "Mozilla/5.0 (X11; Linux x86_64) Firefox/125.0"
66.249.66.1 - - [19/Jun/2026:09:48:35 +0530] "GET /assets/app.js HTTP/1.1" 200 11325 "-" "Mozilla/5.0 (Windows NT 10.0; Win64; x64) AppleWebKit/537.36 Chrome/124.0 Safari/537.36"
9.9.9.9 - - [19/Jun/2026:09:48:42 +0530] "GET /api/cart HTTP/1.1" 404 25103 "-" "Mozilla/5.0 (Macintosh; Intel Mac OS X 10_15_7) Safari/605.1.15"
103.48.198.141 - - [19/Jun/2026:09:48:48 +0530] "GET / HTTP/1.1" 200 17066 "-" "Mozilla/5.0 (X11; Linux x86_64) Firefox/125.0"
185.220.101.1 - - [19/Jun/2026:09:49:01 +0530] "GET /files/%2e%2e/%2e%2e/%2e%2e/etc/passwd HTTP/1.1" 403 5707 "-" "python-requests/2.31"
